[ERROR] 2025-11-29 04:14:02 views 86583 128637505164992 - SaleCreateView error: 'Sale' object has no attribute 'sku'
Traceback (most recent call last):
  File "/home/kk/fieldmax/sales/views.py", line 300, in post
    sale = Sale.objects.create(
           ^^^^^^^^^^^^^^^^^^^^
  File "/home/kk/fieldmax/venv/lib/python3.12/site-packages/django/db/models/manager.py", line 87, in manager_method
    return getattr(self.get_queryset(), name)(*args, **kwargs)
           ^^^^^^^^^^^^^^^^^^^^^^^^^^^^^^^^^^^^^^^^^^^^^^^^^^^
  File "/home/kk/fieldmax/venv/lib/python3.12/site-packages/django/db/models/query.py", line 665, in create
    obj.save(force_insert=True, using=self.db)
  File "/home/kk/fieldmax/venv/lib/python3.12/site-packages/django/db/models/base.py", line 902, in save
    self.save_base(
  File "/home/kk/fieldmax/venv/lib/python3.12/site-packages/django/db/models/base.py", line 1023, in save_base
    post_save.send(
  File "/home/kk/fieldmax/venv/lib/python3.12/site-packages/django/dispatch/dispatcher.py", line 189, in send
    response = receiver(signal=self, sender=sender, **named)
               ^^^^^^^^^^^^^^^^^^^^^^^^^^^^^^^^^^^^^^^^^^^^^
  File "/home/kk/fieldmax/sales/signals.py", line 23, in create_stockentry_on_sale
    sku = instance.sku
          ^^^^^^^^^^^^
AttributeError: 'Sale' object has no attribute 'sku'
[INFO] 2025-11-29 04:17:37 signals 87052 127270927521472 - [SIGNAL] StockEntry created for Sale 2 | Product: SFSL001 | Quantity: -1
[INFO] 2025-11-29 05:13:15 views 91666 123391735568064 - [SALE] Product: FFSL001 | Type: single | Sold: 1 | New Qty: 1 | New Status: available
[INFO] 2025-11-29 05:13:15 signals 91666 123391735568064 - [SIGNAL] StockEntry created for Sale 3 | Product: FFSL001 | Quantity: -1
[INFO] 2025-11-29 05:13:34 views 91666 123391735568064 - [SALE] Product: FFSL001 | Type: single | Sold: 1 | New Qty: 1 | New Status: available
[INFO] 2025-11-29 05:13:34 signals 91666 123391735568064 - [SIGNAL] StockEntry created for Sale 4 | Product: FFSL001 | Quantity: -1
[INFO] 2025-11-29 14:18:02 views 38081 139801208616640 - [SINGLE ITEM SALE] Looking for available unit...
[INFO] 2025-11-29 14:18:02 views 38081 139801208616640 - [FIFO] Selected single item: SFSL001 (Created: 2025-11-28 23:04:14.759373+00:00)
[INFO] 2025-11-29 14:18:02 views 38081 139801208616640 - [SALE COMPLETE] Product: SFSL001 | Type: single | Sold: 1 | New Qty: 1 | New Status: available
[INFO] 2025-11-29 14:18:02 signals 38081 139801208616640 - [SIGNAL] StockEntry created for Sale 5 | Product: SFSL001 | Quantity: -1
[INFO] 2025-11-29 14:18:28 views 38081 139801208616640 - [SINGLE ITEM SALE] Looking for available unit...
[INFO] 2025-11-29 14:18:28 views 38081 139801208616640 - [FIFO] Selected single item: SFSL001 (Created: 2025-11-28 23:04:14.759373+00:00)
[INFO] 2025-11-29 14:18:28 views 38081 139801208616640 - [SALE COMPLETE] Product: SFSL001 | Type: single | Sold: 1 | New Qty: 1 | New Status: available
[INFO] 2025-11-29 14:18:28 signals 38081 139801208616640 - [SIGNAL] StockEntry created for Sale 6 | Product: SFSL001 | Quantity: -1
[INFO] 2025-11-29 14:55:28 views 46380 125988794332864 - [FIFO SINGLE ITEM] Searching for oldest available unit...
[INFO] 2025-11-29 14:55:28 views 46380 125988794332864 - [FIFO SELECTED] Product: SFSL001 | SKU: 34534534534534 | Created: 2025-11-28 23:04:14.759373+00:00 | Age: 0 days
[INFO] 2025-11-29 14:55:28 views 46380 125988794332864 - [PRE-SALE] Product: SFSL001 | Current Qty: 1 | Current Status: available
[INFO] 2025-11-29 14:55:28 views 46380 125988794332864 - [POST-SALE] Product: SFSL001 | New Qty: 1 | New Status: available | StockEntry ID: 20
[INFO] 2025-11-29 14:55:28 signals 46380 125988794332864 - [SIGNAL] StockEntry created for Sale 7 | Product: SFSL001 | Quantity: -1
[INFO] 2025-11-29 14:55:49 views 46380 125988794332864 - [FIFO SINGLE ITEM] Searching for oldest available unit...
[INFO] 2025-11-29 14:55:49 views 46380 125988794332864 - [FIFO SELECTED] Product: SFSL001 | SKU: 34534534534534 | Created: 2025-11-28 23:04:14.759373+00:00 | Age: 0 days
[INFO] 2025-11-29 14:55:49 views 46380 125988794332864 - [PRE-SALE] Product: SFSL001 | Current Qty: 1 | Current Status: available
[INFO] 2025-11-29 14:55:49 views 46380 125988794332864 - [POST-SALE] Product: SFSL001 | New Qty: 1 | New Status: available | StockEntry ID: 22
[INFO] 2025-11-29 14:55:49 signals 46380 125988794332864 - [SIGNAL] StockEntry created for Sale 8 | Product: SFSL001 | Quantity: -1
[INFO] 2025-11-29 15:03:29 views 47751 123207791843008 - [FIFO SINGLE ITEM] Searching for oldest available unit...
[INFO] 2025-11-29 15:03:29 views 47751 123207791843008 - [FIFO SELECTED] Product: SFSL001 | SKU: 34534534534534 | Status: available | Created: 2025-11-28 23:04:14.759373+00:00 | Age: 0 days
[INFO] 2025-11-29 15:03:29 views 47751 123207791843008 - [PRE-SALE] Product: SFSL001 | Current Qty: 1 | Current Status: available
[INFO] 2025-11-29 15:03:29 views 47751 123207791843008 - [POST-SALE] Product: SFSL001 | New Qty: 1 | New Status: available | StockEntry ID: 24
[ERROR] 2025-11-29 15:03:29 views 47751 123207791843008 - [STATUS ERROR] Single item SFSL001 not marked as sold! Current status: available
[INFO] 2025-11-29 15:03:29 signals 47751 123207791843008 - [SIGNAL] StockEntry created for Sale 9 | Product: SFSL001 | Quantity: -1
[INFO] 2025-11-29 15:20:59 views 47751 123207791843008 - [FIFO SINGLE ITEM] Searching for oldest available unit...
[INFO] 2025-11-29 15:20:59 views 47751 123207791843008 - [FIFO SELECTED] Product: SFSL001 | SKU: 34534534534534 | Status: available | Created: 2025-11-28 23:04:14.759373+00:00 | Age: 0 days
[INFO] 2025-11-29 15:20:59 views 47751 123207791843008 - [PRE-SALE] Product: SFSL001 | Current Qty: 1 | Current Status: available
[INFO] 2025-11-29 15:20:59 views 47751 123207791843008 - [POST-SALE] Product: SFSL001 | New Qty: 1 | New Status: available | StockEntry ID: 26
[ERROR] 2025-11-29 15:20:59 views 47751 123207791843008 - [STATUS ERROR] Single item SFSL001 not marked as sold! Current status: available
[INFO] 2025-11-29 15:20:59 signals 47751 123207791843008 - [SIGNAL] StockEntry created for Sale 10 | Product: SFSL001 | Quantity: -1
[INFO] 2025-11-29 15:22:24 views 47751 123207791843008 - [FIFO SINGLE ITEM] Searching for oldest available unit...
[INFO] 2025-11-29 15:22:24 views 47751 123207791843008 - [FIFO SELECTED] Product: SFSL001 | SKU: 34534534534534 | Status: available | Created: 2025-11-28 23:04:14.759373+00:00 | Age: 0 days
[INFO] 2025-11-29 15:22:24 views 47751 123207791843008 - [PRE-SALE] Product: SFSL001 | Current Qty: 1 | Current Status: available
[INFO] 2025-11-29 15:22:24 views 47751 123207791843008 - [POST-SALE] Product: SFSL001 | New Qty: 1 | New Status: available | StockEntry ID: 28
[ERROR] 2025-11-29 15:22:24 views 47751 123207791843008 - [STATUS ERROR] Single item SFSL001 not marked as sold! Current status: available
[INFO] 2025-11-29 15:22:25 signals 47751 123207791843008 - [SIGNAL] StockEntry created for Sale 11 | Product: SFSL001 | Quantity: -1
[INFO] 2025-11-29 15:28:35 views 47751 123207791843008 - [FIFO SINGLE ITEM] Searching for oldest available unit...
[INFO] 2025-11-29 15:28:35 views 47751 123207791843008 - [FIFO SELECTED] Product: SFSL001 | SKU: 34534534534534 | Status: available | Created: 2025-11-28 23:04:14.759373+00:00 | Age: 0 days
[INFO] 2025-11-29 15:28:35 views 47751 123207791843008 - [PRE-SALE] Product: SFSL001 | Current Qty: 1 | Current Status: available
[INFO] 2025-11-29 15:28:35 views 47751 123207791843008 - [POST-SALE] Product: SFSL001 | New Qty: 1 | New Status: available | StockEntry ID: 30
[ERROR] 2025-11-29 15:28:35 views 47751 123207791843008 - [STATUS ERROR] Single item SFSL001 not marked as sold! Current status: available
[INFO] 2025-11-29 15:28:35 signals 47751 123207791843008 - [SIGNAL] StockEntry created for Sale 12 | Product: SFSL001 | Quantity: -1
[INFO] 2025-11-29 15:57:22 views 47751 123207791843008 - [BULK ITEM] Processing sale...
[INFO] 2025-11-29 15:57:22 views 47751 123207791843008 - [PRE-SALE] Product: AFSL001 | Current Qty: 10 | Current Status: available
[INFO] 2025-11-29 15:57:22 views 47751 123207791843008 - [POST-SALE] Product: AFSL001 | New Qty: 9 | New Status: available | StockEntry ID: 32
[INFO] 2025-11-29 15:57:22 signals 47751 123207791843008 - [SIGNAL] StockEntry created for Sale 13 | Product: AFSL001 | Quantity: -1
[INFO] 2025-11-29 15:58:34 views 47751 123207791843008 - [BULK ITEM] Processing sale...
[INFO] 2025-11-29 15:58:34 views 47751 123207791843008 - [PRE-SALE] Product: AFSL001 | Current Qty: 8 | Current Status: available
[INFO] 2025-11-29 15:58:34 views 47751 123207791843008 - [POST-SALE] Product: AFSL001 | New Qty: 7 | New Status: available | StockEntry ID: 34
[INFO] 2025-11-29 15:58:34 signals 47751 123207791843008 - [SIGNAL] StockEntry created for Sale 14 | Product: AFSL001 | Quantity: -1
[INFO] 2025-11-29 16:05:08 views 47751 123207791843008 - [FIFO SINGLE ITEM] Searching for oldest available unit...
[INFO] 2025-11-29 16:05:08 views 47751 123207791843008 - [FIFO SELECTED] Product: SFSL001 | SKU: 34534534534534 | Status: available | Created: 2025-11-28 23:04:14.759373+00:00 | Age: 0 days
[INFO] 2025-11-29 16:05:08 views 47751 123207791843008 - [PRE-SALE] Product: SFSL001 | Current Qty: 1 | Current Status: available
[INFO] 2025-11-29 16:05:08 views 47751 123207791843008 - [POST-SALE] Product: SFSL001 | New Qty: 1 | New Status: available | StockEntry ID: 36
[ERROR] 2025-11-29 16:05:08 views 47751 123207791843008 - [STATUS ERROR] Single item SFSL001 not marked as sold! Current status: available
[INFO] 2025-11-29 16:05:08 signals 47751 123207791843008 - [SIGNAL] StockEntry created for Sale 15 | Product: SFSL001 | Quantity: -1
[INFO] 2025-11-29 16:07:19 views 47751 123207791843008 - [FIFO SINGLE ITEM] Searching for oldest available unit...
[INFO] 2025-11-29 16:07:19 views 47751 123207791843008 - [FIFO SELECTED] Product: SFSL001 | SKU: 34534534534534 | Status: available | Created: 2025-11-28 23:04:14.759373+00:00 | Age: 0 days
[INFO] 2025-11-29 16:07:19 views 47751 123207791843008 - [PRE-SALE] Product: SFSL001 | Current Qty: 1 | Current Status: available
[INFO] 2025-11-29 16:07:19 views 47751 123207791843008 - [POST-SALE] Product: SFSL001 | New Qty: 1 | New Status: available | StockEntry ID: 38
[ERROR] 2025-11-29 16:07:19 views 47751 123207791843008 - [STATUS ERROR] Single item SFSL001 not marked as sold! Current status: available
[INFO] 2025-11-29 16:07:19 signals 47751 123207791843008 - [SIGNAL] StockEntry created for Sale 16 | Product: SFSL001 | Quantity: -1
[INFO] 2025-11-30 07:19:41 views 17680 136163318240960 - [BULK ITEM] Processing sale...
[INFO] 2025-11-30 07:19:41 signals 17680 136163318240960 - [SALE MONITOR] Sale #1 | Product: AFSL001 (NORMAL PROTECTOR) | Quantity Sold: 1 | Buyer: Walk-in | Total: KSH 100
[INFO] 2025-11-30 07:19:41 views 17680 136163318240960 - [SALE CREATED] Sale #1 created for AFSL001
[INFO] 2025-11-30 07:19:41 views 17680 136163318240960 - [PRE-SALE] Product: AFSL001 | Current Qty: 50 | Current Status: available
[INFO] 2025-11-30 07:19:41 views 17680 136163318240960 - [POST-SALE] Product: AFSL001 | New Qty: 49 | New Status: available | StockEntry ID: 9
[INFO] 2025-11-30 07:20:54 views 17680 136163318240960 - [FIFO SINGLE ITEM] Searching for oldest available unit...
[INFO] 2025-11-30 07:20:54 views 17680 136163318240960 - [FIFO SELECTED] Product: SFSL001 | SKU: 345345345688688 | Status: available | Created: 2025-11-29 19:28:32.835296+00:00 | Age: 0 days
[INFO] 2025-11-30 07:20:54 signals 17680 136163318240960 - [SALE MONITOR] Sale #2 | Product: SFSL001 (SAMSUNG A16) | Quantity Sold: 1 | Buyer: Walk-in | Total: KSH 25000
[INFO] 2025-11-30 07:20:54 views 17680 136163318240960 - [SALE CREATED] Sale #2 created for SFSL001
[INFO] 2025-11-30 07:20:54 views 17680 136163318240960 - [PRE-SALE] Product: SFSL001 | Current Qty: 1 | Current Status: available
[INFO] 2025-11-30 07:20:54 views 17680 136163318240960 - [POST-SALE] Product: SFSL001 | New Qty: 1 | New Status: available | StockEntry ID: 10
[ERROR] 2025-11-30 07:20:54 views 17680 136163318240960 - [STATUS ERROR] Single item SFSL001 not marked as sold! Current status: available
[WARNING] 2025-11-30 07:20:54 views 17680 136163318240960 - [FORCED UPDATE] Product SFSL001 manually set to SOLD
[INFO] 2025-11-30 07:21:40 views 17680 136163318240960 - [FIFO SINGLE ITEM] Searching for oldest available unit...
[INFO] 2025-11-30 07:21:40 views 17680 136163318240960 - [FIFO SELECTED] Product: SFSL001 | SKU: 345345345688688 | Status: available | Created: 2025-11-29 19:28:32.835296+00:00 | Age: 0 days
[INFO] 2025-11-30 07:21:40 signals 17680 136163318240960 - [SALE MONITOR] Sale #3 | Product: SFSL001 (SAMSUNG A16) | Quantity Sold: 1 | Buyer: Walk-in | Total: KSH 25000
[INFO] 2025-11-30 07:21:40 views 17680 136163318240960 - [SALE CREATED] Sale #3 created for SFSL001
[INFO] 2025-11-30 07:21:40 views 17680 136163318240960 - [PRE-SALE] Product: SFSL001 | Current Qty: 1 | Current Status: available
[INFO] 2025-11-30 07:21:40 views 17680 136163318240960 - [POST-SALE] Product: SFSL001 | New Qty: 1 | New Status: available | StockEntry ID: 11
[ERROR] 2025-11-30 07:21:40 views 17680 136163318240960 - [STATUS ERROR] Single item SFSL001 not marked as sold! Current status: available
[WARNING] 2025-11-30 07:21:40 views 17680 136163318240960 - [FORCED UPDATE] Product SFSL001 manually set to SOLD
[INFO] 2025-11-30 11:24:14 views 53089 129621666420416 - [BULK ITEM] Processing sale...
[INFO] 2025-11-30 11:24:14 signals 53089 129621666420416 - [SALE MONITOR] Sale #1 | Product: AFSL001 (NOR) | Quantity Sold: 1 | Buyer: Walk-in | Total: KSH 100
[INFO] 2025-11-30 11:24:14 views 53089 129621666420416 - [SALE CREATED] Sale #1 created for AFSL001
[INFO] 2025-11-30 11:24:14 views 53089 129621666420416 - [PRE-SALE] Product: AFSL001 | Current Qty: 10 | Current Status: available
[INFO] 2025-11-30 11:24:14 views 53089 129621666420416 - [POST-SALE] Product: AFSL001 | New Qty: 9 | New Status: available | StockEntry ID: 2
[INFO] 2025-11-30 13:29:18 views 59882 137955282056896 - [BULK ITEM] Processing sale...
[INFO] 2025-11-30 13:29:18 signals 59882 137955282056896 - [SALE MONITOR] Sale #2 | Product: AFSL002 (21D GLASS) | Quantity Sold: 1 | Buyer: Walk-in | Total: KSH 200
[INFO] 2025-11-30 13:29:18 views 59882 137955282056896 - [SALE CREATED] Sale #2 created for AFSL002
[INFO] 2025-11-30 13:29:18 views 59882 137955282056896 - [PRE-SALE] Product: AFSL002 | Current Qty: 10 | Current Status: available
[INFO] 2025-11-30 13:29:18 views 59882 137955282056896 - [POST-SALE] Product: AFSL002 | New Qty: 9 | New Status: available | StockEntry ID: 10
[INFO] 2025-11-30 13:46:59 views 59882 137955282056896 - [FIFO SINGLE ITEM] Searching for oldest available unit...
[INFO] 2025-11-30 13:46:59 views 59882 137955282056896 - [FIFO SELECTED] Product: SFSL001 | SKU: 355344366377388 | Status: available | Created: 2025-11-30 09:43:14.158743+00:00 | Age: 0 days
[INFO] 2025-11-30 13:46:59 signals 59882 137955282056896 - [SALE MONITOR] Sale #3 | Product: SFSL001 (SAMSUNG A07 64GB) | Quantity Sold: 1 | Buyer: Walk-in | Total: KSH 17000
[INFO] 2025-11-30 13:46:59 views 59882 137955282056896 - [SALE CREATED] Sale #3 created for SFSL001
[INFO] 2025-11-30 13:46:59 views 59882 137955282056896 - [PRE-SALE] Product: SFSL001 | Current Qty: 1 | Current Status: available
[INFO] 2025-11-30 13:46:59 views 59882 137955282056896 - [POST-SALE] Product: SFSL001 | New Qty: 1 | New Status: available | StockEntry ID: 11
[ERROR] 2025-11-30 13:46:59 views 59882 137955282056896 - [STATUS ERROR] Single item SFSL001 not marked as sold! Current status: available
[WARNING] 2025-11-30 13:46:59 views 59882 137955282056896 - [FORCED UPDATE] Product SFSL001 manually set to SOLD
[INFO] 2025-11-30 14:11:32 views 59882 137955282056896 - [FIFO SINGLE ITEM] Searching for oldest available unit...
[INFO] 2025-11-30 14:11:32 views 59882 137955282056896 - [FIFO SELECTED] Product: SFSL001 | SKU: 355344366377388 | Status: available | Created: 2025-11-30 09:43:14.158743+00:00 | Age: 0 days
[INFO] 2025-11-30 14:11:32 signals 59882 137955282056896 - [SALE MONITOR] Sale #4 | Product: SFSL001 (SAMSUNG A07 64GB) | Quantity Sold: 1 | Buyer: Walk-in | Total: KSH 17000
[INFO] 2025-11-30 14:11:32 views 59882 137955282056896 - [SALE CREATED] Sale #4 created for SFSL001
[INFO] 2025-11-30 14:11:32 views 59882 137955282056896 - [PRE-SALE] Product: SFSL001 | Current Qty: 1 | Current Status: available
[INFO] 2025-11-30 14:11:32 views 59882 137955282056896 - [POST-SALE] Product: SFSL001 | New Qty: 1 | New Status: available | StockEntry ID: 12
[ERROR] 2025-11-30 14:11:32 views 59882 137955282056896 - [STATUS ERROR] Single item SFSL001 not marked as sold! Current status: available
[WARNING] 2025-11-30 14:11:32 views 59882 137955282056896 - [FORCED UPDATE] Product SFSL001 manually set to SOLD
[INFO] 2025-11-30 15:18:52 signals 81536 124555067146368 - [SALE REVERSAL SIGNAL] Processing reversal for sale #3 | Product: SFSL001 | Type: single | Quantity to Restore: 1
[INFO] 2025-11-30 15:18:52 signals 81536 124555067146368 - [SINGLE ITEM RESTORED] Product: SFSL001 | Status: available → available | Quantity: 0 → 1
[INFO] 2025-11-30 16:25:26 views 80923 135269239121600 - [FIFO SINGLE ITEM] Searching for oldest available unit...
[INFO] 2025-11-30 16:25:26 views 80923 135269239121600 - [FIFO SELECTED] Product: SFSL001 | SKU: 355344366377388 | Status: available | Created: 2025-11-30 09:43:14.158743+00:00 | Age: 0 days
[INFO] 2025-11-30 16:25:26 signals 80923 135269239121600 - [SALE MONITOR] Sale #5 | Product: SFSL001 (SAMSUNG A07 64GB) | Quantity Sold: 1 | Buyer: Walk-in | Total: KSH 17000
[INFO] 2025-11-30 16:25:26 views 80923 135269239121600 - [SALE CREATED] Sale #5 created for SFSL001
[INFO] 2025-11-30 16:25:26 views 80923 135269239121600 - [PRE-SALE] Product: SFSL001 | Current Qty: 1 | Current Status: available
[INFO] 2025-11-30 16:25:26 views 80923 135269239121600 - [POST-SALE] Product: SFSL001 | New Qty: 1 | New Status: available | StockEntry ID: 13
[ERROR] 2025-11-30 16:25:26 views 80923 135269239121600 - [STATUS ERROR] Single item SFSL001 not marked as sold! Current status: available
[WARNING] 2025-11-30 16:25:26 views 80923 135269239121600 - [FORCED UPDATE] Product SFSL001 manually set to SOLD
[INFO] 2025-11-30 16:25:51 views 80923 135269239121600 - [FIFO SINGLE ITEM] Searching for oldest available unit...
[INFO] 2025-11-30 16:25:51 views 80923 135269239121600 - [FIFO SELECTED] Product: SFSL001 | SKU: 355344366377388 | Status: available | Created: 2025-11-30 09:43:14.158743+00:00 | Age: 0 days
[INFO] 2025-11-30 16:25:51 signals 80923 135269239121600 - [SALE MONITOR] Sale #6 | Product: SFSL001 (SAMSUNG A07 64GB) | Quantity Sold: 1 | Buyer: Walk-in | Total: KSH 17000
[INFO] 2025-11-30 16:25:51 views 80923 135269239121600 - [SALE CREATED] Sale #6 created for SFSL001
[INFO] 2025-11-30 16:25:51 views 80923 135269239121600 - [PRE-SALE] Product: SFSL001 | Current Qty: 1 | Current Status: available
[INFO] 2025-11-30 16:25:51 views 80923 135269239121600 - [POST-SALE] Product: SFSL001 | New Qty: 1 | New Status: available | StockEntry ID: 14
[ERROR] 2025-11-30 16:25:51 views 80923 135269239121600 - [STATUS ERROR] Single item SFSL001 not marked as sold! Current status: available
[WARNING] 2025-11-30 16:25:51 views 80923 135269239121600 - [FORCED UPDATE] Product SFSL001 manually set to SOLD
[INFO] 2025-11-30 16:34:56 views 90275 123299798951616 - [FIFO SINGLE ITEM] Searching for oldest available unit...
[INFO] 2025-11-30 16:34:56 views 90275 123299798951616 - [FIFO SELECTED] Product: SFSL001 | SKU: 355344366377388 | Status: available | Created: 2025-11-30 09:43:14.158743+00:00 | Age: 0 days
[INFO] 2025-11-30 16:34:56 signals 90275 123299798951616 - [SALE MONITOR] Sale #7 | Product: SFSL001 (SAMSUNG A07 64GB) | Quantity Sold: 1 | Buyer: Walk-in | Total: KSH 17000
[INFO] 2025-11-30 16:34:56 views 90275 123299798951616 - [SALE CREATED] Sale #7 created for SFSL001
[INFO] 2025-11-30 16:34:56 views 90275 123299798951616 - [PRE-SALE] Product: SFSL001 | Current Qty: 1 | Current Status: available
[INFO] 2025-11-30 16:34:56 views 90275 123299798951616 - [POST-SALE] Product: SFSL001 | New Qty: 1 | New Status: sold | StockEntry ID: 15
[INFO] 2025-11-30 20:59:48 views 2139 133353093199552 - [FIFO SINGLE ITEM] Searching for oldest available unit...
[INFO] 2025-11-30 20:59:48 views 2139 133353093199552 - [FIFO SELECTED] Product: SFSL001 | SKU: 543123478598765423 | Status: available | Created: 2025-11-30 17:53:02.409396+00:00 | Age: 0 days
[INFO] 2025-11-30 20:59:48 signals 2139 133353093199552 - [SALE MONITOR] Sale #1 | Product: SFSL001 (SAMSUNG A15) | Quantity Sold: 1 | Buyer: Walk-in | Total: KSH 25000
[INFO] 2025-11-30 20:59:48 views 2139 133353093199552 - [SALE CREATED] Sale #1 created for SFSL001
[INFO] 2025-11-30 20:59:48 views 2139 133353093199552 - [PRE-SALE] Product: SFSL001 | Current Qty: 1 | Current Status: available
[INFO] 2025-11-30 20:59:48 views 2139 133353093199552 - [POST-SALE] Product: SFSL001 | New Qty: 1 | New Status: sold | StockEntry ID: 11
[INFO] 2025-11-30 21:00:45 views 2139 133353093199552 - [BULK ITEM] Processing sale...
[INFO] 2025-11-30 21:00:45 signals 2139 133353093199552 - [SALE MONITOR] Sale #2 | Product: EFSL001 (ELECTRIC IRON BOX) | Quantity Sold: 1 | Buyer: Walk-in | Total: KSH 1000
[INFO] 2025-11-30 21:00:45 views 2139 133353093199552 - [SALE CREATED] Sale #2 created for EFSL001
[INFO] 2025-11-30 21:00:45 views 2139 133353093199552 - [PRE-SALE] Product: EFSL001 | Current Qty: 5 | Current Status: lowstock
[INFO] 2025-11-30 21:00:45 views 2139 133353093199552 - [POST-SALE] Product: EFSL001 | New Qty: 4 | New Status: lowstock | StockEntry ID: 12
[INFO] 2025-11-30 22:02:32 views 8933 125662415197888 - [BULK ITEM] Processing sale...
[INFO] 2025-11-30 22:02:32 signals 8933 125662415197888 - [SALE MONITOR] Sale #3 | Product: AFSL001 (NORMAL PROTECTORS) | Quantity Sold: 1 | Buyer: Walk-in | Total: KSH 100
[INFO] 2025-11-30 22:02:32 views 8933 125662415197888 - [SALE CREATED] Sale #3 created for AFSL001
[INFO] 2025-11-30 22:02:32 views 8933 125662415197888 - [PRE-SALE] Product: AFSL001 | Current Qty: 50 | Current Status: available
[INFO] 2025-11-30 22:02:32 views 8933 125662415197888 - [POST-SALE] Product: AFSL001 | New Qty: 49 | New Status: available | StockEntry ID: 13
[INFO] 2025-11-30 22:04:11 views 8933 125662415197888 - [FIFO SINGLE ITEM] Searching for oldest available unit...
[INFO] 2025-11-30 22:04:11 views 8933 125662415197888 - [FIFO SELECTED] Product: FFSL001 | SKU: 3457689P0976453 | Status: available | Created: 2025-11-30 17:50:29.549896+00:00 | Age: 0 days
[INFO] 2025-11-30 22:04:11 signals 8933 125662415197888 - [SALE MONITOR] Sale #4 | Product: FFSL001 (BONTEL 100) | Quantity Sold: 1 | Buyer: Walk-in | Total: KSH 1250
[INFO] 2025-11-30 22:04:11 views 8933 125662415197888 - [SALE CREATED] Sale #4 created for FFSL001
[INFO] 2025-11-30 22:04:11 views 8933 125662415197888 - [PRE-SALE] Product: FFSL001 | Current Qty: 1 | Current Status: available
[INFO] 2025-11-30 22:04:11 views 8933 125662415197888 - [POST-SALE] Product: FFSL001 | New Qty: 1 | New Status: sold | StockEntry ID: 14
[INFO] 2025-12-01 10:43:41 views 26031 139960500876992 - [BULK ITEM] Processing sale...
[INFO] 2025-12-01 10:43:41 signals 26031 139960500876992 - [SALE MONITOR] Sale #5 | Product: AFSL001 (NORMAL PROTECTORS) | Quantity Sold: 9 | Buyer: ELKANA | Total: KSH 900
[INFO] 2025-12-01 10:43:41 views 26031 139960500876992 - [SALE CREATED] Sale #5 created for AFSL001
[INFO] 2025-12-01 10:43:41 views 26031 139960500876992 - [PRE-SALE] Product: AFSL001 | Current Qty: 49 | Current Status: available
[INFO] 2025-12-01 10:43:41 views 26031 139960500876992 - [POST-SALE] Product: AFSL001 | New Qty: 40 | New Status: available | StockEntry ID: 15
[INFO] 2025-12-01 13:51:01 views 26517 139402449426112 - [BULK ITEM] Processing sale...
[INFO] 2025-12-01 13:51:01 signals 26517 139402449426112 - [SALE MONITOR] Sale #6 | Product: AFSL001 (NORMAL PROTECTORS) | Quantity Sold: 5 | Buyer: Walk-in | Total: KSH 500
[INFO] 2025-12-01 13:51:01 views 26517 139402449426112 - [SALE CREATED] Sale #6 created for AFSL001
[INFO] 2025-12-01 13:51:01 views 26517 139402449426112 - [PRE-SALE] Product: AFSL001 | Current Qty: 40 | Current Status: available
[INFO] 2025-12-01 13:51:01 views 26517 139402449426112 - [POST-SALE] Product: AFSL001 | New Qty: 35 | New Status: available | StockEntry ID: 16
[INFO] 2025-12-01 13:51:01 views 26517 139402449426112 - [BULK ITEM] Processing sale...
[INFO] 2025-12-01 13:51:01 signals 26517 139402449426112 - [SALE MONITOR] Sale #7 | Product: AFSL002 (21D PROTECTOR) | Quantity Sold: 12 | Buyer: Walk-in | Total: KSH 2400
[INFO] 2025-12-01 13:51:01 views 26517 139402449426112 - [SALE CREATED] Sale #7 created for AFSL002
[INFO] 2025-12-01 13:51:01 views 26517 139402449426112 - [PRE-SALE] Product: AFSL002 | Current Qty: 50 | Current Status: available
[INFO] 2025-12-01 13:51:01 views 26517 139402449426112 - [POST-SALE] Product: AFSL002 | New Qty: 38 | New Status: available | StockEntry ID: 17
[INFO] 2025-12-01 13:51:02 views 26517 139402449426112 - [BULK ITEM] Processing sale...
[INFO] 2025-12-01 13:51:02 signals 26517 139402449426112 - [SALE MONITOR] Sale #8 | Product: EFSL002 (ELECTRIC  KETTLE) | Quantity Sold: 1 | Buyer: Walk-in | Total: KSH 1200
[INFO] 2025-12-01 13:51:02 views 26517 139402449426112 - [SALE CREATED] Sale #8 created for EFSL002
[INFO] 2025-12-01 13:51:02 views 26517 139402449426112 - [PRE-SALE] Product: EFSL002 | Current Qty: 5 | Current Status: lowstock
[INFO] 2025-12-01 13:51:02 views 26517 139402449426112 - [POST-SALE] Product: EFSL002 | New Qty: 4 | New Status: lowstock | StockEntry ID: 18
[INFO] 2025-12-01 14:35:43 views 28916 139335673325248 - [BULK ITEM] Processing sale...
[INFO] 2025-12-01 14:35:43 signals 28916 139335673325248 - [SALE MONITOR] Sale #9 | Product: AFSL002 (21D PROTECTOR) | Quantity Sold: 8 | Buyer: elkana kiprono | Total: KSH 1600
[INFO] 2025-12-01 14:35:43 views 28916 139335673325248 - [SALE CREATED] Sale #9 created for AFSL002
[INFO] 2025-12-01 14:35:43 views 28916 139335673325248 - [PRE-SALE] Product: AFSL002 | Current Qty: 38 | Current Status: available
[INFO] 2025-12-01 14:35:43 views 28916 139335673325248 - [POST-SALE] Product: AFSL002 | New Qty: 30 | New Status: available | StockEntry ID: 19
[INFO] 2025-12-01 14:35:43 views 28916 139335673325248 - [BULK ITEM] Processing sale...
[INFO] 2025-12-01 14:35:43 signals 28916 139335673325248 - [SALE MONITOR] Sale #10 | Product: AFSL001 (NORMAL PROTECTORS) | Quantity Sold: 5 | Buyer: elkana kiprono | Total: KSH 500
[INFO] 2025-12-01 14:35:43 views 28916 139335673325248 - [SALE CREATED] Sale #10 created for AFSL001
[INFO] 2025-12-01 14:35:43 views 28916 139335673325248 - [PRE-SALE] Product: AFSL001 | Current Qty: 35 | Current Status: available
[INFO] 2025-12-01 14:35:43 views 28916 139335673325248 - [POST-SALE] Product: AFSL001 | New Qty: 30 | New Status: available | StockEntry ID: 20
[INFO] 2025-12-01 18:01:36 signals 29849 133753422304960 - [SALE MONITOR] Sale #SL202512011501363FC9F2 | Product: AFSL001 (NORMAL PROTECTORS) | Quantity Sold: 1 | Buyer: Walk-in | Total: KSH 100
[INFO] 2025-12-01 18:01:36 views 29849 133753422304960 - [BATCH SALE 1/3] Sale #SL202512011501363FC9F2 | Product: AFSL001 | Qty: 1 | Total: KSH 100
[INFO] 2025-12-01 18:01:36 signals 29849 133753422304960 - [SALE MONITOR] Sale #SL20251201150136CAAFE8 | Product: AFSL002 (21D PROTECTOR) | Quantity Sold: 1 | Buyer: Walk-in | Total: KSH 200
[INFO] 2025-12-01 18:01:36 views 29849 133753422304960 - [BATCH SALE 2/3] Sale #SL20251201150136CAAFE8 | Product: AFSL002 | Qty: 1 | Total: KSH 200
[INFO] 2025-12-01 18:01:36 signals 29849 133753422304960 - [SALE MONITOR] Sale #SL2025120115013693040A | Product: AFSL003 (METTALIC PROTECTOR) | Quantity Sold: 10 | Buyer: Walk-in | Total: KSH 2500
[INFO] 2025-12-01 18:01:36 views 29849 133753422304960 - [BATCH SALE 3/3] Sale #SL2025120115013693040A | Product: AFSL003 | Qty: 10 | Total: KSH 2500
[INFO] 2025-12-01 18:01:36 views 29849 133753422304960 - [BATCH ETR] Sent ETR-20251201150136-0WM3Dc for batch BATCH-20251201150136-eB9KOL
[INFO] 2025-12-01 18:01:36 views 29849 133753422304960 - [BATCH ETR] Receipt #ETR-20251201150136-0WM3Dc generated for batch BATCH-20251201150136-eB9KOL
[INFO] 2025-12-01 18:01:36 views 29849 133753422304960 - [FISCAL RECEIPT] Generated FR-20251201150136-ZSMuAU for batch BATCH-20251201150136-eB9KOL
[INFO] 2025-12-01 18:01:36 views 29849 133753422304960 - [BATCH FISCAL] Receipt #FR-20251201150136-ZSMuAU for batch BATCH-20251201150136-eB9KOL
[INFO] 2025-12-01 18:32:15 signals 30777 135185607390912 - [SALE MONITOR] Sale #SL20251201153215DADD88 | Product: AFSL001 (NORMAL PROTECTORS) | Quantity Sold: 4 | Buyer: Walk-in | Total: KSH 400
[INFO] 2025-12-01 18:32:15 views 30777 135185607390912 - [BATCH SALE 1/2] Sale #SL20251201153215DADD88 | Product: AFSL001 | Qty: 4 | Total: KSH 400
[INFO] 2025-12-01 18:32:15 signals 30777 135185607390912 - [SALE MONITOR] Sale #SL20251201153215389C3F | Product: AFSL002 (21D PROTECTOR) | Quantity Sold: 4 | Buyer: Walk-in | Total: KSH 800
[INFO] 2025-12-01 18:32:15 views 30777 135185607390912 - [BATCH SALE 2/2] Sale #SL20251201153215389C3F | Product: AFSL002 | Qty: 4 | Total: KSH 800
[INFO] 2025-12-01 18:32:15 views 30777 135185607390912 - [BATCH ETR] Sent ETR-20251201153215-xjPMyE for batch BATCH-20251201153215-ejzUXF
[INFO] 2025-12-01 18:32:15 views 30777 135185607390912 - [BATCH ETR] Receipt #ETR-20251201153215-xjPMyE generated for batch BATCH-20251201153215-ejzUXF
[INFO] 2025-12-01 18:32:15 views 30777 135185607390912 - [FISCAL RECEIPT] Generated FR-20251201153215-zUoUZE for batch BATCH-20251201153215-ejzUXF
[INFO] 2025-12-01 18:32:15 views 30777 135185607390912 - [BATCH FISCAL] Receipt #FR-20251201153215-zUoUZE for batch BATCH-20251201153215-ejzUXF
[INFO] 2025-12-01 18:33:57 signals 30777 135185607390912 - [SALE MONITOR] Sale #SL202512011533577D8824 | Product: AFSL001 (NORMAL PROTECTORS) | Quantity Sold: 1 | Buyer: Walk-in | Total: KSH 100
[INFO] 2025-12-01 18:33:57 views 30777 135185607390912 - [BATCH SALE 1/2] Sale #SL202512011533577D8824 | Product: AFSL001 | Qty: 1 | Total: KSH 100
[INFO] 2025-12-01 18:33:57 signals 30777 135185607390912 - [SALE MONITOR] Sale #SL20251201153357C80C4F | Product: AFSL002 (21D PROTECTOR) | Quantity Sold: 1 | Buyer: Walk-in | Total: KSH 200
[INFO] 2025-12-01 18:33:57 views 30777 135185607390912 - [BATCH SALE 2/2] Sale #SL20251201153357C80C4F | Product: AFSL002 | Qty: 1 | Total: KSH 200
[INFO] 2025-12-01 18:33:57 views 30777 135185607390912 - [BATCH ETR] Sent ETR-20251201153357-OzOUcK for batch BATCH-20251201153357-CDpwRb
[INFO] 2025-12-01 18:33:57 views 30777 135185607390912 - [BATCH ETR] Receipt #ETR-20251201153357-OzOUcK generated for batch BATCH-20251201153357-CDpwRb
[INFO] 2025-12-01 18:33:57 views 30777 135185607390912 - [FISCAL RECEIPT] Generated FR-20251201153357-b3foSD for batch BATCH-20251201153357-CDpwRb
[INFO] 2025-12-01 18:33:57 views 30777 135185607390912 - [BATCH FISCAL] Receipt #FR-20251201153357-b3foSD for batch BATCH-20251201153357-CDpwRb
[INFO] 2025-12-01 19:55:59 signals 31920 126125777045184 - [SALE MONITOR] Sale #SL2025120116555953406B | Product: AFSL001 (NORMAL PROTECTORS) | Quantity Sold: 1 | Buyer: Walk-in Customer | Total: KSH 100
[INFO] 2025-12-01 19:55:59 views 31920 126125777045184 - [BATCH SALE 1/2] Sale #SL2025120116555953406B | Product: AFSL001 | Qty: 1 | Total: KSH 100
[INFO] 2025-12-01 19:55:59 signals 31920 126125777045184 - [SALE MONITOR] Sale #SL20251201165559F30985 | Product: AFSL002 (21D PROTECTOR) | Quantity Sold: 1 | Buyer: Walk-in Customer | Total: KSH 200
[INFO] 2025-12-01 19:55:59 views 31920 126125777045184 - [BATCH SALE 2/2] Sale #SL20251201165559F30985 | Product: AFSL002 | Qty: 1 | Total: KSH 200
[INFO] 2025-12-01 19:55:59 views 31920 126125777045184 - [FISCAL RECEIPT] Batch BATCH-20251201165559-JtSqJi | Receipt: FR-20251201165559-QcZV6v | Items: 2 | Total: KSH 300
[INFO] 2025-12-01 19:55:59 views 31920 126125777045184 - [ETR BATCH] Batch BATCH-20251201165559-JtSqJi | Receipt: ETR-20251201165559-WiSRBT | Items: 2 | Total: KSH 300
[ERROR] 2025-12-01 19:55:59 views 31920 126125777045184 - [BATCH ERROR] Multiple receipt numbers detected! ETRs: ['ETR-20251201165559-WiSRBT', 'ETR-20251201165559-WiSRBT'], Fiscals: ['FR-20251201165559-QcZV6v', 'FR-20251201165559-QcZV6v']
[INFO] 2025-12-01 22:26:08 signals 9446 134826061371072 - [SALE MONITOR] Sale #SL202512011926082D50ED | Product: AFSL001 (NORMAL PROTECTORS) | Quantity Sold: 1 | Buyer: Walk-in Customer | Total: KSH 100
[INFO] 2025-12-01 22:26:08 views 9446 134826061371072 - [BATCH SALE 1/3] Sale #SL202512011926082D50ED | Product: AFSL001 | Qty: 1 | Total: KSH 100
[INFO] 2025-12-01 22:26:08 signals 9446 134826061371072 - [SALE MONITOR] Sale #SL202512011926084D14A4 | Product: AFSL002 (21D PROTECTOR) | Quantity Sold: 1 | Buyer: Walk-in Customer | Total: KSH 200
[INFO] 2025-12-01 22:26:08 views 9446 134826061371072 - [BATCH SALE 2/3] Sale #SL202512011926084D14A4 | Product: AFSL002 | Qty: 1 | Total: KSH 200
[INFO] 2025-12-01 22:26:08 signals 9446 134826061371072 - [SALE MONITOR] Sale #SL2025120119260812F173 | Product: AFSL003 (METTALIC PROTECTOR) | Quantity Sold: 5 | Buyer: Walk-in Customer | Total: KSH 1250
[INFO] 2025-12-01 22:26:08 views 9446 134826061371072 - [BATCH SALE 3/3] Sale #SL2025120119260812F173 | Product: AFSL003 | Qty: 5 | Total: KSH 1250
[INFO] 2025-12-01 22:26:08 views 9446 134826061371072 - [FISCAL RECEIPT] Batch BATCH-20251201192608-YMZow2 | Receipt: FR-20251201192608-SfYP2e | Items: 3 | Total: KSH 1550
[INFO] 2025-12-01 22:26:08 views 9446 134826061371072 - [ETR BATCH] Batch BATCH-20251201192608-YMZow2 | Receipt: ETR-20251201192608-8P4hzM | Items: 3 | Total: KSH 1550
[ERROR] 2025-12-01 22:26:08 views 9446 134826061371072 - [BATCH ERROR] Multiple receipt numbers detected! ETRs: ['ETR-20251201192608-8P4hzM', 'ETR-20251201192608-8P4hzM', 'ETR-20251201192608-8P4hzM'], Fiscals: ['FR-20251201192608-SfYP2e', 'FR-20251201192608-SfYP2e', 'FR-20251201192608-SfYP2e']
[INFO] 2025-12-01 22:36:59 signals 9446 134826061371072 - [SALE MONITOR] Sale #SL20251201193659D7FDA9 | Product: AFSL001 (NORMAL PROTECTORS) | Quantity Sold: 1 | Buyer: Walk-in Customer | Total: KSH 100
[INFO] 2025-12-01 22:36:59 views 9446 134826061371072 - [BATCH SALE 1/2] Sale #SL20251201193659D7FDA9 | Product: AFSL001 | Qty: 1 | Total: KSH 100
[INFO] 2025-12-01 22:36:59 signals 9446 134826061371072 - [SALE MONITOR] Sale #SL202512011936598FF1F7 | Product: AFSL002 (21D PROTECTOR) | Quantity Sold: 1 | Buyer: Walk-in Customer | Total: KSH 200
[INFO] 2025-12-01 22:36:59 views 9446 134826061371072 - [BATCH SALE 2/2] Sale #SL202512011936598FF1F7 | Product: AFSL002 | Qty: 1 | Total: KSH 200
[INFO] 2025-12-01 22:36:59 views 9446 134826061371072 - [FISCAL RECEIPT] Batch BATCH-20251201193659-HD45T7 | Receipt: FR-20251201193659-GhxF5h | Items: 2 | Total: KSH 300
[INFO] 2025-12-01 22:36:59 views 9446 134826061371072 - [ETR BATCH] Batch BATCH-20251201193659-HD45T7 | Receipt: ETR-20251201193659-ET614b | Items: 2 | Total: KSH 300
[ERROR] 2025-12-01 22:36:59 views 9446 134826061371072 - [BATCH ERROR] Multiple receipt numbers detected! ETRs: ['ETR-20251201193659-ET614b', 'ETR-20251201193659-ET614b'], Fiscals: ['FR-20251201193659-GhxF5h', 'FR-20251201193659-GhxF5h']
[INFO] 2025-12-01 23:08:27 signals 18162 126685697537728 - [SALE MONITOR] Sale #SL202512012008271634E8 | Product: AFSL001 (NORMAL PROTECTORS) | Quantity Sold: 1 | Buyer: Walk-in Customer | Total: KSH 100
[INFO] 2025-12-01 23:08:27 views 18162 126685697537728 - [BATCH SALE 1/2] Sale #SL202512012008271634E8 | Product: AFSL001 | Qty: 1 | Total: KSH 100
[INFO] 2025-12-01 23:08:27 signals 18162 126685697537728 - [SALE MONITOR] Sale #SL20251201200827D68B91 | Product: AFSL002 (21D PROTECTOR) | Quantity Sold: 1 | Buyer: Walk-in Customer | Total: KSH 200
[INFO] 2025-12-01 23:08:27 views 18162 126685697537728 - [BATCH SALE 2/2] Sale #SL20251201200827D68B91 | Product: AFSL002 | Qty: 1 | Total: KSH 200
[INFO] 2025-12-01 23:08:27 views 18162 126685697537728 - [FISCAL RECEIPT] Batch BATCH-20251201200827-AGyNI3 | Receipt: FR-20251201200827-R1EECH | Items: 2 | Total: KSH 300
[INFO] 2025-12-01 23:08:27 views 18162 126685697537728 - [ETR BATCH] Batch BATCH-20251201200827-AGyNI3 | Receipt: ETR-20251201200827-rRPOj8 | Items: 2 | Total: KSH 300
[ERROR] 2025-12-01 23:08:27 views 18162 126685697537728 - [BATCH ERROR] Multiple receipt numbers detected! ETRs: ['ETR-20251201200827-rRPOj8', 'ETR-20251201200827-rRPOj8'], Fiscals: ['FR-20251201200827-R1EECH', 'FR-20251201200827-R1EECH']
[INFO] 2025-12-01 23:15:34 signals 19646 132982111958720 - [SALE MONITOR] Sale #SL202512012015341692DC | Product: AFSL001 (NORMAL PROTECTORS) | Quantity Sold: 1 | Buyer: Walk-in Customer | Total: KSH 100
[INFO] 2025-12-01 23:15:34 views 19646 132982111958720 - [BATCH SALE 1/5] Sale #SL202512012015341692DC | Product: AFSL001 | Qty: 1 | Total: KSH 100
[INFO] 2025-12-01 23:15:34 signals 19646 132982111958720 - [SALE MONITOR] Sale #SL202512012015349BD2DC | Product: AFSL002 (21D PROTECTOR) | Quantity Sold: 1 | Buyer: Walk-in Customer | Total: KSH 200
[INFO] 2025-12-01 23:15:34 views 19646 132982111958720 - [BATCH SALE 2/5] Sale #SL202512012015349BD2DC | Product: AFSL002 | Qty: 1 | Total: KSH 200
[INFO] 2025-12-01 23:15:34 signals 19646 132982111958720 - [SALE MONITOR] Sale #SL2025120120153440E0AA | Product: AFSL003 (METTALIC PROTECTOR) | Quantity Sold: 1 | Buyer: Walk-in Customer | Total: KSH 250
[INFO] 2025-12-01 23:15:34 views 19646 132982111958720 - [BATCH SALE 3/5] Sale #SL2025120120153440E0AA | Product: AFSL003 | Qty: 1 | Total: KSH 250
[INFO] 2025-12-01 23:15:34 signals 19646 132982111958720 - [SALE MONITOR] Sale #SL202512012015349176DA | Product: EFSL001 (ELECTRIC IRON BOX) | Quantity Sold: 1 | Buyer: Walk-in Customer | Total: KSH 1000
[INFO] 2025-12-01 23:15:34 views 19646 132982111958720 - [BATCH SALE 4/5] Sale #SL202512012015349176DA | Product: EFSL001 | Qty: 1 | Total: KSH 1000
[INFO] 2025-12-01 23:15:34 signals 19646 132982111958720 - [SALE MONITOR] Sale #SL20251201201534248BDA | Product: EFSL002 (ELECTRIC  KETTLE) | Quantity Sold: 1 | Buyer: Walk-in Customer | Total: KSH 1200
[INFO] 2025-12-01 23:15:34 views 19646 132982111958720 - [BATCH SALE 5/5] Sale #SL20251201201534248BDA | Product: EFSL002 | Qty: 1 | Total: KSH 1200
[INFO] 2025-12-01 23:15:34 views 19646 132982111958720 - [FISCAL RECEIPT] Batch BATCH-20251201201534-FJSHYr | Receipt: FR-20251201201534-ek6Z2z | Items: 5 | Total: KSH 2750
[INFO] 2025-12-01 23:15:34 views 19646 132982111958720 - [ETR BATCH] Batch BATCH-20251201201534-FJSHYr | Receipt: ETR-20251201201534-Uzx1Vt | Items: 5 | Total: KSH 2750
[ERROR] 2025-12-01 23:15:34 views 19646 132982111958720 - [BATCH ERROR] Multiple receipt numbers detected! ETRs: ['ETR-20251201201534-Uzx1Vt', 'ETR-20251201201534-Uzx1Vt', 'ETR-20251201201534-Uzx1Vt', 'ETR-20251201201534-Uzx1Vt', 'ETR-20251201201534-Uzx1Vt'], Fiscals: ['FR-20251201201534-ek6Z2z', 'FR-20251201201534-ek6Z2z', 'FR-20251201201534-ek6Z2z', 'FR-20251201201534-ek6Z2z', 'FR-20251201201534-ek6Z2z']
[INFO] 2025-12-02 07:12:02 signals 43616 123585314010816 - [SALE MONITOR] Sale #SL202512020412024EEDF7 | Product: AFSL001 (NORMAL PROTECTORS) | Quantity Sold: 1 | Buyer: Walk-in Customer | Total: KSH 100
[INFO] 2025-12-02 07:12:02 views 43616 123585314010816 - [BATCH SALE 1/3] Sale #SL202512020412024EEDF7 | Product: AFSL001 | Qty: 1 | Total: KSH 100
[INFO] 2025-12-02 07:12:02 signals 43616 123585314010816 - [SALE MONITOR] Sale #SL20251202041202D31D0F | Product: AFSL002 (21D PROTECTOR) | Quantity Sold: 1 | Buyer: Walk-in Customer | Total: KSH 200
[INFO] 2025-12-02 07:12:02 views 43616 123585314010816 - [BATCH SALE 2/3] Sale #SL20251202041202D31D0F | Product: AFSL002 | Qty: 1 | Total: KSH 200
[INFO] 2025-12-02 07:12:02 signals 43616 123585314010816 - [SALE MONITOR] Sale #SL2025120204120234163C | Product: AFSL003 (METTALIC PROTECTOR) | Quantity Sold: 1 | Buyer: Walk-in Customer | Total: KSH 250
[INFO] 2025-12-02 07:12:02 views 43616 123585314010816 - [BATCH SALE 3/3] Sale #SL2025120204120234163C | Product: AFSL003 | Qty: 1 | Total: KSH 250
[INFO] 2025-12-02 07:12:02 models 43616 123585314010816 - [ETR ASSIGNED] Batch: BATCH-20251202041202-SNWTEg | Receipt: Rcpt_No:0001 | Counter: 1 | Sales updated: 3
[INFO] 2025-12-02 07:12:02 views 43616 123585314010816 - [ETR BATCH] Batch BATCH-20251202041202-SNWTEg | Receipt: Rcpt_No:0001 | Fiscal: FR-20251202041202-2O3vXz | Items: 3 | Total: KSH 550
[ERROR] 2025-12-02 07:12:02 views 43616 123585314010816 - [BATCH ERROR] Multiple receipt numbers detected! ETRs: ['Rcpt_No:0001', 'Rcpt_No:0001', 'Rcpt_No:0001'], Fiscals: ['FR-20251202041202-2O3vXz', 'FR-20251202041202-2O3vXz', 'FR-20251202041202-2O3vXz']
[ERROR] 2025-12-02 07:12:02 views 43616 123585314010816 - Batch sale error: Multiple receipt numbers in batch!
Traceback (most recent call last):
  File "/home/kk/fieldmax/sales/views.py", line 1230, in post
    raise ValueError("Multiple receipt numbers in batch!")
ValueError: Multiple receipt numbers in batch!
[INFO] 2025-12-02 09:42:52 signals 1884 124266536990400 - [SALE MONITOR] Sale #SL20251202064252F9B6D8 | Product: AFSL001 (NORMAL PROTECTORS) | Quantity Sold: 1 | Buyer: Walk-in Customer | Total: KSH 100
[INFO] 2025-12-02 09:42:52 views 1884 124266536990400 - [BATCH SALE 1/3] Sale #SL20251202064252F9B6D8 | Product: AFSL001 | Qty: 1 | Total: KSH 100
[INFO] 2025-12-02 09:42:52 signals 1884 124266536990400 - [SALE MONITOR] Sale #SL20251202064252AC4935 | Product: AFSL002 (21D PROTECTOR) | Quantity Sold: 1 | Buyer: Walk-in Customer | Total: KSH 200
[INFO] 2025-12-02 09:42:52 views 1884 124266536990400 - [BATCH SALE 2/3] Sale #SL20251202064252AC4935 | Product: AFSL002 | Qty: 1 | Total: KSH 200
[INFO] 2025-12-02 09:42:52 signals 1884 124266536990400 - [SALE MONITOR] Sale #SL202512020642521B8D19 | Product: AFSL003 (METTALIC PROTECTOR) | Quantity Sold: 1 | Buyer: Walk-in Customer | Total: KSH 250
[INFO] 2025-12-02 09:42:52 views 1884 124266536990400 - [BATCH SALE 3/3] Sale #SL202512020642521B8D19 | Product: AFSL003 | Qty: 1 | Total: KSH 250
[INFO] 2025-12-02 09:42:52 models 1884 124266536990400 - [ETR ASSIGNED] Batch: BATCH-20251202064252-eFFUNv | Receipt: Rcpt_No:0002 | Counter: 2 | Sales updated: 3
[INFO] 2025-12-02 09:42:52 views 1884 124266536990400 - [ETR BATCH] Batch BATCH-20251202064252-eFFUNv | Receipt: Rcpt_No:0002 | Fiscal: FR-20251202064252-LLDeBu | Items: 3 | Total: KSH 550
[ERROR] 2025-12-02 09:42:52 views 1884 124266536990400 - Batch sale error: cannot access local variable 'batch_sales' where it is not associated with a value
Traceback (most recent call last):
  File "/home/kk/fieldmax/sales/views.py", line 1220, in post
    all_etr_numbers = list(batch_sales.values_list('etr_receipt_number', flat=True))
                           ^^^^^^^^^^^
UnboundLocalError: cannot access local variable 'batch_sales' where it is not associated with a value
[INFO] 2025-12-02 10:07:38 signals 5732 126158569588416 - [SALE MONITOR] Sale #SL202512020707387AB959 | Product: AFSL001 (NORMAL PROTECTORS) | Quantity Sold: 1 | Buyer: Walk-in Customer | Total: KSH 100
[INFO] 2025-12-02 10:07:38 views 5732 126158569588416 - [BATCH SALE 1/3] Sale #SL202512020707387AB959 | Product: AFSL001 | Qty: 1 | Total: KSH 100
[INFO] 2025-12-02 10:07:39 signals 5732 126158569588416 - [SALE MONITOR] Sale #SL20251202070738AE5264 | Product: AFSL002 (21D PROTECTOR) | Quantity Sold: 1 | Buyer: Walk-in Customer | Total: KSH 200
[INFO] 2025-12-02 10:07:39 views 5732 126158569588416 - [BATCH SALE 2/3] Sale #SL20251202070738AE5264 | Product: AFSL002 | Qty: 1 | Total: KSH 200
[INFO] 2025-12-02 10:07:39 signals 5732 126158569588416 - [SALE MONITOR] Sale #SL202512020707398CF7F1 | Product: AFSL003 (METTALIC PROTECTOR) | Quantity Sold: 1 | Buyer: Walk-in Customer | Total: KSH 250
[INFO] 2025-12-02 10:07:39 views 5732 126158569588416 - [BATCH SALE 3/3] Sale #SL202512020707398CF7F1 | Product: AFSL003 | Qty: 1 | Total: KSH 250
[INFO] 2025-12-02 10:07:39 models 5732 126158569588416 - [ETR ASSIGNED] Batch: BATCH-20251202070738-b07JEJ | Receipt: Rcpt_No:0003 | Counter: 3 | Sales updated: 3
[INFO] 2025-12-02 10:07:39 views 5732 126158569588416 - [ETR BATCH] Batch BATCH-20251202070738-b07JEJ | Receipt: Rcpt_No:0003 | Fiscal: FR-20251202070739-BbDRiA | Items: 3 | Total: KSH 550
[INFO] 2025-12-02 10:07:39 views 5732 126158569588416 - [BATCH VALIDATION] Batch BATCH-20251202070738-b07JEJ | Total Sales: 3 | Unique ETRs: ['Rcpt_No:0003'] | Unique Fiscals: ['FR-20251202070739-BbDRiA']
[INFO] 2025-12-02 10:07:39 views 5732 126158569588416 - [BATCH SUCCESS] Single receipt confirmed ✓ | ETR: Rcpt_No:0003 | Fiscal: FR-20251202070739-BbDRiA | 
[INFO] 2025-12-02 10:07:42 views 5732 126158569588416 - [BATCH RECEIPT] Batch: BATCH-20251202070738-b07JEJ | Receipt: Rcpt_No:0003 | Items: 3 | Total: KSH 550.0
[INFO] 2025-12-02 10:25:30 views 5732 126158569588416 - [BATCH RECEIPT] Batch: BATCH-20251202070738-b07JEJ | Receipt: Rcpt_No:0003 | Items: 3 | Total: KSH 550.0
[INFO] 2025-12-02 10:25:37 views 5732 126158569588416 - [BATCH RECEIPT] Batch: BATCH-20251202070738-b07JEJ | Receipt: Rcpt_No:0003 | Items: 3 | Total: KSH 550.0
[INFO] 2025-12-02 10:25:58 views 5732 126158569588416 - [BATCH RECEIPT] Batch: BATCH-20251202070738-b07JEJ | Receipt: Rcpt_No:0003 | Items: 3 | Total: KSH 550.0
[INFO] 2025-12-02 10:26:04 views 5732 126158569588416 - [BATCH RECEIPT] Batch: BATCH-20251202070738-b07JEJ | Receipt: Rcpt_No:0003 | Items: 3 | Total: KSH 550.0
[INFO] 2025-12-02 10:26:10 views 5732 126158569588416 - [BATCH RECEIPT] Batch: BATCH-20251202070738-b07JEJ | Receipt: Rcpt_No:0003 | Items: 3 | Total: KSH 550.0
[INFO] 2025-12-02 10:40:41 views 5732 126158569588416 - [BATCH RECEIPT] Batch: BATCH-20251202070738-b07JEJ | Receipt: Rcpt_No:0003 | Items: 3 | Total: KSH 550.0
[INFO] 2025-12-02 11:09:59 views 5732 126158569588416 - [BATCH RECEIPT] Batch: BATCH-20251202070738-b07JEJ | Receipt: Rcpt_No:0003 | Items: 3 | Total: KSH 550.0
[INFO] 2025-12-02 11:11:51 signals 5732 126158569588416 - [SALE MONITOR] Sale #SL2025120208115114466A | Product: FFSL002 (NOKIA 105) | Quantity Sold: 1 | Buyer: Walk-in Customer | Total: KSH 1750
[INFO] 2025-12-02 11:11:51 views 5732 126158569588416 - [BATCH SALE 1/1] Sale #SL2025120208115114466A | Product: FFSL002 | Qty: 1 | Total: KSH 1750
[INFO] 2025-12-02 11:11:51 models 5732 126158569588416 - [ETR ASSIGNED] Batch: BATCH-20251202081151-TruLow | Receipt: Rcpt_No:0004 | Counter: 4 | Sales updated: 1
[INFO] 2025-12-02 11:11:52 views 5732 126158569588416 - [ETR BATCH] Batch BATCH-20251202081151-TruLow | Receipt: Rcpt_No:0004 | Fiscal: FR-20251202081151-P9xDMp | Items: 1 | Total: KSH 1750
[INFO] 2025-12-02 11:11:52 views 5732 126158569588416 - [BATCH VALIDATION] Batch BATCH-20251202081151-TruLow | Total Sales: 1 | Unique ETRs: ['Rcpt_No:0004'] | Unique Fiscals: ['FR-20251202081151-P9xDMp']
[INFO] 2025-12-02 11:11:52 views 5732 126158569588416 - [BATCH SUCCESS] Single receipt confirmed ✓ | ETR: Rcpt_No:0004 | Fiscal: FR-20251202081151-P9xDMp | 
[INFO] 2025-12-02 11:11:54 views 5732 126158569588416 - [BATCH RECEIPT] Batch: BATCH-20251202081151-TruLow | Receipt: Rcpt_No:0004 | Items: 1 | Total: KSH 1750.0
[INFO] 2025-12-02 11:13:31 views 5732 126158569588416 - [BATCH RECEIPT] Batch: BATCH-20251202081151-TruLow | Receipt: Rcpt_No:0004 | Items: 1 | Total: KSH 1750.0
[ERROR] 2025-12-02 13:41:24 views 16598 129721648084672 - Batch sale error: 'Sale' object has no attribute 'product'
Traceback (most recent call last):
  File "/home/kk/fieldmax/sales/views.py", line 1073, in post
    sale = Sale.objects.create(
           ^^^^^^^^^^^^^^^^^^^^
  File "/home/kk/fieldmax/venv/lib/python3.12/site-packages/django/db/models/manager.py", line 87, in manager_method
    return getattr(self.get_queryset(), name)(*args, **kwargs)
           ^^^^^^^^^^^^^^^^^^^^^^^^^^^^^^^^^^^^^^^^^^^^^^^^^^^
  File "/home/kk/fieldmax/venv/lib/python3.12/site-packages/django/db/models/query.py", line 665, in create
    obj.save(force_insert=True, using=self.db)
  File "/home/kk/fieldmax/sales/models.py", line 123, in save
    super().save(*args, **kwargs)
  File "/home/kk/fieldmax/venv/lib/python3.12/site-packages/django/db/models/base.py", line 902, in save
    self.save_base(
  File "/home/kk/fieldmax/venv/lib/python3.12/site-packages/django/db/models/base.py", line 1023, in save_base
    post_save.send(
  File "/home/kk/fieldmax/venv/lib/python3.12/site-packages/django/dispatch/dispatcher.py", line 189, in send
    response = receiver(signal=self, sender=sender, **named)
               ^^^^^^^^^^^^^^^^^^^^^^^^^^^^^^^^^^^^^^^^^^^^^
  File "/home/kk/fieldmax/sales/signals.py", line 24, in update_product_on_sale
    f"Product: {instance.product.product_code} ({instance.product.name}) | "
                ^^^^^^^^^^^^^^^^
AttributeError: 'Sale' object has no attribute 'product'
[INFO] 2025-12-02 13:48:42 views 20582 129824020059840 - [SALE CREATED] Sale ID: SL20251202104842E3486A | Items to process: 4
[INFO] 2025-12-02 13:48:42 models 20582 129824020059840 - [ITEM SOLD] Sale: SL20251202104842E3486A | Product: AFSL001 | Qty: 1 | New Stock: 49 | Status: available
[INFO] 2025-12-02 13:48:42 views 20582 129824020059840 - [ITEM 1/4] Product: AFSL001 | Qty: 1 | Total: KSH 100
[INFO] 2025-12-02 13:48:42 models 20582 129824020059840 - [ITEM SOLD] Sale: SL20251202104842E3486A | Product: AFSL002 | Qty: 1 | New Stock: 49 | Status: available
[INFO] 2025-12-02 13:48:42 views 20582 129824020059840 - [ITEM 2/4] Product: AFSL002 | Qty: 1 | Total: KSH 200
[INFO] 2025-12-02 13:48:42 models 20582 129824020059840 - [ITEM SOLD] Sale: SL20251202104842E3486A | Product: EFSL001 | Qty: 1 | New Stock: 9 | Status: available
[INFO] 2025-12-02 13:48:42 views 20582 129824020059840 - [ITEM 3/4] Product: EFSL001 | Qty: 1 | Total: KSH 800
[INFO] 2025-12-02 13:48:42 models 20582 129824020059840 - [ITEM SOLD] Sale: SL20251202104842E3486A | Product: EFSL002 | Qty: 1 | New Stock: 9 | Status: available
[INFO] 2025-12-02 13:48:42 views 20582 129824020059840 - [ITEM 4/4] Product: EFSL002 | Qty: 1 | Total: KSH 1200
[INFO] 2025-12-02 13:48:42 models 20582 129824020059840 - [ETR ASSIGNED] Sale: SL20251202104842E3486A | Receipt: Rcpt_No:0001 | Counter: 1 | Items: 4
[INFO] 2025-12-02 13:48:42 views 20582 129824020059840 - [SALE COMPLETED] Sale: SL20251202104842E3486A | Receipt: Rcpt_No:0001 | Items: 4 | Total: KSH 2300.00
[INFO] 2025-12-02 13:54:58 views 21005 134478072116928 - [SALE CREATED] Sale ID: SL202512021054587CD177 | Items to process: 1
[INFO] 2025-12-02 13:54:58 models 21005 134478072116928 - [ITEM SOLD] Sale: SL202512021054587CD177 | Product: SFSL001 | Qty: 1 | New Stock: 1 | Status: sold
[INFO] 2025-12-02 13:54:58 views 21005 134478072116928 - [ITEM 1/1] Product: SFSL001 | Qty: 1 | Total: KSH 17000
[INFO] 2025-12-02 13:54:58 models 21005 134478072116928 - [ETR ASSIGNED] Sale: SL202512021054587CD177 | Receipt: Rcpt_No:0002 | Counter: 2 | Items: 1
[INFO] 2025-12-02 13:54:58 views 21005 134478072116928 - [SALE COMPLETED] Sale: SL202512021054587CD177 | Receipt: Rcpt_No:0002 | Items: 1 | Total: KSH 17000.00
[INFO] 2025-12-02 15:55:37 views 2310 125423044261568 - [SALE CREATED] Sale ID: SL20251202125537AC7EF8 | Items to process: 2
[INFO] 2025-12-02 15:55:37 models 2310 125423044261568 - [ITEM SOLD] Sale: SL20251202125537AC7EF8 | Product: AFSL001 | Qty: 2 | New Stock: 47 | Status: available
[INFO] 2025-12-02 15:55:37 views 2310 125423044261568 - [ITEM 1/2] Product: AFSL001 | Qty: 2 | Total: KSH 200
[INFO] 2025-12-02 15:55:37 models 2310 125423044261568 - [ITEM SOLD] Sale: SL20251202125537AC7EF8 | Product: AFSL003 | Qty: 5 | New Stock: 15 | Status: available
[INFO] 2025-12-02 15:55:37 views 2310 125423044261568 - [ITEM 2/2] Product: AFSL003 | Qty: 5 | Total: KSH 1000
[INFO] 2025-12-02 15:55:37 models 2310 125423044261568 - [ETR ASSIGNED] Sale: SL20251202125537AC7EF8 | Receipt: Rcpt_No:0003 | Counter: 3 | Items: 2
[INFO] 2025-12-02 15:55:37 views 2310 125423044261568 - [SALE COMPLETED] Sale: SL20251202125537AC7EF8 | Receipt: Rcpt_No:0003 | Items: 2 | Total: KSH 1200.00
[INFO] 2025-12-02 15:57:15 views 2310 125423044261568 - [SALE CREATED] Sale ID: SL202512021257158CD49A | Items to process: 1
[INFO] 2025-12-02 15:57:15 models 2310 125423044261568 - [ITEM SOLD] Sale: SL202512021257158CD49A | Product: AFSL001 | Qty: 2 | New Stock: 45 | Status: available
[INFO] 2025-12-02 15:57:15 views 2310 125423044261568 - [ITEM 1/1] Product: AFSL001 | Qty: 2 | Total: KSH 200
[INFO] 2025-12-02 15:57:15 models 2310 125423044261568 - [ETR ASSIGNED] Sale: SL202512021257158CD49A | Receipt: Rcpt_No:0004 | Counter: 4 | Items: 1
[INFO] 2025-12-02 15:57:15 views 2310 125423044261568 - [SALE COMPLETED] Sale: SL202512021257158CD49A | Receipt: Rcpt_No:0004 | Items: 1 | Total: KSH 200.00
[INFO] 2025-12-02 16:29:59 models 23901 130090007434944 - [SALE ID GENERATED] Year: 2025 | Counter: 1 | Sale ID: FSL2025001
[INFO] 2025-12-02 16:29:59 views 23901 130090007434944 - [SALE CREATED] Sale ID: FSL2025001 | Items to process: 2
[INFO] 2025-12-02 16:29:59 models 23901 130090007434944 - [ITEM SOLD] Sale: FSL2025001 | Product: AFSL001 | Qty: 1 | New Stock: 44 | Status: available
[INFO] 2025-12-02 16:29:59 views 23901 130090007434944 - [ITEM 1/2] Product: AFSL001 | Qty: 1 | Total: KSH 100
[INFO] 2025-12-02 16:29:59 models 23901 130090007434944 - [ITEM SOLD] Sale: FSL2025001 | Product: AFSL001 | Qty: 1 | New Stock: 43 | Status: available
[INFO] 2025-12-02 16:29:59 views 23901 130090007434944 - [ITEM 2/2] Product: AFSL001 | Qty: 1 | Total: KSH 100
[INFO] 2025-12-02 16:29:59 models 23901 130090007434944 - [ETR ASSIGNED] Sale: FSL2025001 | Receipt: Rcpt_No:0005 | Counter: 5 | Items: 2
[INFO] 2025-12-02 16:29:59 views 23901 130090007434944 - [SALE COMPLETED] Sale: FSL2025001 | Receipt: Rcpt_No:0005 | Items: 2 | Total: KSH 200.00
[INFO] 2025-12-02 17:01:46 models 30283 140018231187136 - [SALE ID GENERATED] Year: 2025 | Counter: 2 | Sale ID: FSL2025002
[INFO] 2025-12-02 17:01:46 views 30283 140018231187136 - [SALE CREATED] Sale ID: FSL2025002 | Items to process: 1
[INFO] 2025-12-02 17:01:46 models 30283 140018231187136 - [ITEM SOLD] Sale: FSL2025002 | Product: AFSL001 | Qty: 3 | New Stock: 40 | Status: available
[INFO] 2025-12-02 17:01:46 views 30283 140018231187136 - [ITEM 1/1] Product: AFSL001 | Qty: 3 | Total: KSH 300
[INFO] 2025-12-02 17:01:46 models 30283 140018231187136 - [ETR ASSIGNED] Sale: FSL2025002 | Receipt: 0006 | Counter: 6 | Items: 1
[INFO] 2025-12-02 17:01:46 views 30283 140018231187136 - [SALE COMPLETED] Sale: FSL2025002 | Receipt: 0006 | Items: 1 | Total: KSH 300.00
[INFO] 2025-12-02 17:07:40 models 30283 140018231187136 - [SALE ID GENERATED] Year: 2025 | Counter: 3 | Sale ID: FSL2025003
[INFO] 2025-12-02 17:07:40 views 30283 140018231187136 - [SALE CREATED] Sale ID: FSL2025003 | Items to process: 2
[INFO] 2025-12-02 17:07:40 models 30283 140018231187136 - [ITEM SOLD] Sale: FSL2025003 | Product: AFSL003 | Qty: 5 | New Stock: 10 | Status: available
[INFO] 2025-12-02 17:07:40 views 30283 140018231187136 - [ITEM 1/2] Product: AFSL003 | Qty: 5 | Total: KSH 1500
[INFO] 2025-12-02 17:07:40 models 30283 140018231187136 - [ITEM SOLD] Sale: FSL2025003 | Product: EFSL001 | Qty: 4 | New Stock: 5 | Status: lowstock
[INFO] 2025-12-02 17:07:40 views 30283 140018231187136 - [ITEM 2/2] Product: EFSL001 | Qty: 4 | Total: KSH 2800
[INFO] 2025-12-02 17:07:40 models 30283 140018231187136 - [ETR ASSIGNED] Sale: FSL2025003 | Receipt: 0007 | Counter: 7 | Items: 2
[INFO] 2025-12-02 17:07:40 views 30283 140018231187136 - [SALE COMPLETED] Sale: FSL2025003 | Receipt: 0007 | Items: 2 | Total: KSH 4300.00
[INFO] 2025-12-02 20:52:04 models 1673 138694590846656 - [SALE ID GENERATED] Year: 2025 | Counter: 4 | Sale ID: FSL2025004
[INFO] 2025-12-02 20:52:04 views 1673 138694590846656 - [SALE CREATED] Sale ID: FSL2025004 | Items to process: 2
[INFO] 2025-12-02 20:52:04 models 1673 138694590846656 - [ITEM SOLD] Sale: FSL2025004 | Product: AFSL001 | Qty: 1 | New Stock: 39 | Status: available
[INFO] 2025-12-02 20:52:04 views 1673 138694590846656 - [ITEM 1/2] Product: AFSL001 | Qty: 1 | Total: KSH 345
[INFO] 2025-12-02 20:52:04 models 1673 138694590846656 - [ITEM SOLD] Sale: FSL2025004 | Product: EFSL001 | Qty: 1 | New Stock: 4 | Status: lowstock
[INFO] 2025-12-02 20:52:04 views 1673 138694590846656 - [ITEM 2/2] Product: EFSL001 | Qty: 1 | Total: KSH 800
[INFO] 2025-12-02 20:52:04 models 1673 138694590846656 - [ETR ASSIGNED] Sale: FSL2025004 | Receipt: 0008 | Counter: 8 | Items: 2
[INFO] 2025-12-02 20:52:04 views 1673 138694590846656 - [SALE COMPLETED] Sale: FSL2025004 | Receipt: 0008 | Items: 2 | Total: KSH 1145.00
[INFO] 2025-12-05 13:02:00 models 1561 138531700999872 - [SALE ID GENERATED] Year: 2025 | Counter: 5 | Sale ID: FSL2025005
[INFO] 2025-12-05 13:02:00 views 1561 138531700999872 - [SALE CREATED] Sale ID: FSL2025005 | Items to process: 1
[INFO] 2025-12-05 13:02:00 models 1561 138531700999872 - [ITEM SOLD] Sale: FSL2025005 | Product: TFSL001 | Qty: 1 | New Stock: 1 | Status: sold
[INFO] 2025-12-05 13:02:00 views 1561 138531700999872 - [ITEM 1/1] Product: TFSL001 | Qty: 1 | Total: KSH 24000
[INFO] 2025-12-05 13:02:00 models 1561 138531700999872 - [ETR ASSIGNED] Sale: FSL2025005 | Receipt: 0009 | Counter: 9 | Items: 1
[INFO] 2025-12-05 13:02:00 views 1561 138531700999872 - [SALE COMPLETED] Sale: FSL2025005 | Receipt: 0009 | Items: 1 | Total: KSH 24000.00
[ERROR] 2025-12-05 15:46:06 signals 13735 132623279263872 - [REVERSAL SIGNAL ERROR] Failed to restore product for sale #FSL2025005: 'Sale' object has no attribute 'product'
Traceback (most recent call last):
  File "/home/kk/fieldmax/sales/signals.py", line 67, in restore_product_on_reversal
    product = instance.product
              ^^^^^^^^^^^^^^^^
AttributeError: 'Sale' object has no attribute 'product'
[INFO] 2025-12-05 18:33:25 signals 29057 130169258283136 - [SALE REVERSAL SIGNAL] Processing reversal for sale #FSL2025004 | Product: AFSL001 | Quantity: 1
[INFO] 2025-12-05 18:33:25 signals 29057 130169258283136 - [BULK ITEM RESTORED] Product: AFSL001 | Quantity: 40 → 41 | Status: available → available
[INFO] 2025-12-05 18:33:25 signals 29057 130169258283136 - [STOCK ENTRY CREATED] Product: AFSL001 | Quantity: 1 | Reference: REVERSE-FSL2025004
[INFO] 2025-12-05 18:33:25 signals 29057 130169258283136 - [SALE REVERSAL SIGNAL] Processing reversal for sale #FSL2025004 | Product: EFSL001 | Quantity: 1
[INFO] 2025-12-05 18:33:25 signals 29057 130169258283136 - [BULK ITEM RESTORED] Product: EFSL001 | Quantity: 5 → 6 | Status: lowstock → available
[INFO] 2025-12-05 18:33:25 signals 29057 130169258283136 - [STOCK ENTRY CREATED] Product: EFSL001 | Quantity: 1 | Reference: REVERSE-FSL2025004
[INFO] 2025-12-05 18:55:32 signals 31645 132261895947968 - [SALE REVERSAL SIGNAL] Processing reversal for sale #FSL2025003 | Product: AFSL003 | Quantity: 5
[INFO] 2025-12-05 18:55:32 signals 31645 132261895947968 - [BULK ITEM RESTORED] Product: AFSL003 | Quantity: 15 → 20 | Status: available → available
[INFO] 2025-12-05 18:55:32 signals 31645 132261895947968 - [STOCK ENTRY CREATED] Product: AFSL003 | Quantity: 5 | Reference: REVERSE-FSL2025003
[INFO] 2025-12-05 18:55:32 signals 31645 132261895947968 - [SALE REVERSAL SIGNAL] Processing reversal for sale #FSL2025003 | Product: EFSL001 | Quantity: 4
[INFO] 2025-12-05 18:55:32 signals 31645 132261895947968 - [BULK ITEM RESTORED] Product: EFSL001 | Quantity: 10 → 14 | Status: available → available
[INFO] 2025-12-05 18:55:32 signals 31645 132261895947968 - [STOCK ENTRY CREATED] Product: EFSL001 | Quantity: 4 | Reference: REVERSE-FSL2025003
[INFO] 2025-12-05 20:33:57 signals 31645 132261895947968 - [SALE REVERSAL SIGNAL] Processing reversal for sale #SL202512021054587CD177 | Product: SFSL001 | Quantity: 1
[INFO] 2025-12-05 20:33:57 signals 31645 132261895947968 - [SINGLE ITEM RESTORED] Product: SFSL001 | Status: available → available | Quantity: 0 → 1
[INFO] 2025-12-05 20:33:57 signals 31645 132261895947968 - [STOCK ENTRY CREATED] Product: SFSL001 | Quantity: 1 | Reference: REVERSE-SL202512021054587CD177
[INFO] 2025-12-05 20:40:30 models 31645 132261895947968 - [SALE ID GENERATED] Year: 2025 | Counter: 6 | Sale ID: FSL2025006
[INFO] 2025-12-05 20:40:30 views 31645 132261895947968 - [SALE CREATED] Sale ID: FSL2025006 | Items to process: 1
[INFO] 2025-12-05 20:40:30 models 31645 132261895947968 - [ITEM SOLD] Sale: FSL2025006 | Product: SFSL001 | Qty: 1 | New Stock: 1 | Status: sold
[INFO] 2025-12-05 20:40:30 views 31645 132261895947968 - [ITEM 1/1] Product: SFSL001 | Qty: 1 | Total: KSH 17000
[INFO] 2025-12-05 20:40:30 models 31645 132261895947968 - [ETR ASSIGNED] Sale: FSL2025006 | Receipt: 0010 | Counter: 10 | Items: 1
[INFO] 2025-12-05 20:40:30 views 31645 132261895947968 - [SALE COMPLETED] Sale: FSL2025006 | Receipt: 0010 | Items: 1 | Total: KSH 17000.00
[INFO] 2025-12-05 21:28:51 models 41573 131366019782336 - [SALE ID GENERATED] Year: 2025 | Counter: 7 | Sale ID: FSL2025007
[INFO] 2025-12-05 21:28:51 views 41573 131366019782336 - [SALE CREATED] Sale ID: FSL2025007 | Items to process: 1
[INFO] 2025-12-05 21:28:51 models 41573 131366019782336 - [ITEM SOLD] Sale: FSL2025007 | Product: AFSL001 | Qty: 1 | New Stock: 40 | Status: available
[INFO] 2025-12-05 21:28:51 views 41573 131366019782336 - [ITEM 1/1] Product: AFSL001 | Qty: 1 | Total: KSH 100
[INFO] 2025-12-05 21:28:51 models 41573 131366019782336 - [ETR ASSIGNED] Sale: FSL2025007 | Receipt: 0011 | Counter: 11 | Items: 1
[INFO] 2025-12-05 21:28:51 views 41573 131366019782336 - [SALE COMPLETED] Sale: FSL2025007 | Receipt: 0011 | Items: 1 | Total: KSH 100.00
[INFO] 2025-12-06 10:03:44 signals 2182 127425702786752 - [SALE REVERSAL SIGNAL] Processing reversal for sale #FSL2025002 | Product: AFSL001 | Quantity: 3
[INFO] 2025-12-06 10:03:44 signals 2182 127425702786752 - [BULK ITEM RESTORED] Product: AFSL001 | Quantity: 43 → 46 | Status: available → available
[INFO] 2025-12-06 10:03:44 signals 2182 127425702786752 - [STOCK ENTRY CREATED] Product: AFSL001 | Quantity: 3 | Reference: REVERSE-FSL2025002
[INFO] 2025-12-06 11:30:24 models 8289 131861535782592 - [SALE ID GENERATED] Year: 2025 | Counter: 8 | Sale ID: FSL2025008
[INFO] 2025-12-06 11:30:24 views 8289 131861535782592 - [SALE CREATED] Sale ID: FSL2025008 | Items to process: 1
[INFO] 2025-12-06 11:30:24 models 8289 131861535782592 - [ITEM SOLD] Sale: FSL2025008 | Product: AFSL001 | Qty: 6 | New Stock: 40 | Status: available
[INFO] 2025-12-06 11:30:24 views 8289 131861535782592 - [ITEM 1/1] Product: AFSL001 | Qty: 6 | Total: KSH 600
[INFO] 2025-12-06 11:30:24 models 8289 131861535782592 - [ETR ASSIGNED] Sale: FSL2025008 | Receipt: 0012 | Counter: 12 | Items: 1
[INFO] 2025-12-06 11:30:24 views 8289 131861535782592 - [SALE COMPLETED] Sale: FSL2025008 | Receipt: 0012 | Items: 1 | Total: KSH 600.00
[INFO] 2025-12-06 12:15:40 models 8289 131861535782592 - [SALE ID GENERATED] Year: 2025 | Counter: 9 | Sale ID: FSL2025009
[INFO] 2025-12-06 12:15:40 views 8289 131861535782592 - [SALE CREATED] Sale ID: FSL2025009 | Items to process: 5
[INFO] 2025-12-06 12:15:40 models 8289 131861535782592 - [ITEM SOLD] Sale: FSL2025009 | Product: AFSL001 | Qty: 1 | New Stock: 39 | Status: available
[INFO] 2025-12-06 12:15:40 views 8289 131861535782592 - [ITEM 1/5] Product: AFSL001 | Qty: 1 | Total: KSH 100
[INFO] 2025-12-06 12:15:40 models 8289 131861535782592 - [ITEM SOLD] Sale: FSL2025009 | Product: AFSL002 | Qty: 1 | New Stock: 48 | Status: available
[INFO] 2025-12-06 12:15:40 views 8289 131861535782592 - [ITEM 2/5] Product: AFSL002 | Qty: 1 | Total: KSH 200
[INFO] 2025-12-06 12:15:40 models 8289 131861535782592 - [ITEM SOLD] Sale: FSL2025009 | Product: AFSL001 | Qty: 1 | New Stock: 38 | Status: available
[INFO] 2025-12-06 12:15:40 views 8289 131861535782592 - [ITEM 3/5] Product: AFSL001 | Qty: 1 | Total: KSH 100
[INFO] 2025-12-06 12:15:41 models 8289 131861535782592 - [ITEM SOLD] Sale: FSL2025009 | Product: AFSL003 | Qty: 1 | New Stock: 19 | Status: available
[INFO] 2025-12-06 12:15:41 views 8289 131861535782592 - [ITEM 4/5] Product: AFSL003 | Qty: 1 | Total: KSH 200
[INFO] 2025-12-06 12:15:41 models 8289 131861535782592 - [ITEM SOLD] Sale: FSL2025009 | Product: AFSL005 | Qty: 1 | New Stock: 19 | Status: available
[INFO] 2025-12-06 12:15:41 views 8289 131861535782592 - [ITEM 5/5] Product: AFSL005 | Qty: 1 | Total: KSH 200
[INFO] 2025-12-06 12:15:41 models 8289 131861535782592 - [ETR ASSIGNED] Sale: FSL2025009 | Receipt: 0013 | Counter: 13 | Items: 5
[INFO] 2025-12-06 12:15:41 views 8289 131861535782592 - [SALE COMPLETED] Sale: FSL2025009 | Receipt: 0013 | Items: 5 | Total: KSH 800.00
[INFO] 2025-12-06 13:41:43 models 21657 128340787631808 - [SALE ID GENERATED] Year: 2025 | Counter: 10 | Sale ID: FSL2025010
[INFO] 2025-12-06 13:41:43 views 21657 128340787631808 - [SALE CREATED] Sale ID: FSL2025010 | Items to process: 1
[INFO] 2025-12-06 13:41:43 models 21657 128340787631808 - [ITEM SOLD] Sale: FSL2025010 | Product: FFSL002 | Qty: 1 | New Stock: 1 | Status: sold
[INFO] 2025-12-06 13:41:43 views 21657 128340787631808 - [ITEM 1/1] Product: FFSL002 | Qty: 1 | Total: KSH 1750
[INFO] 2025-12-06 13:41:43 models 21657 128340787631808 - [ETR ASSIGNED] Sale: FSL2025010 | Receipt: 0014 | Counter: 14 | Items: 1
[INFO] 2025-12-06 13:41:43 views 21657 128340787631808 - [SALE COMPLETED] Sale: FSL2025010 | Receipt: 0014 | Items: 1 | Total: KSH 1750.00
[INFO] 2025-12-06 13:44:07 signals 21657 128340787631808 - [SALE REVERSAL SIGNAL] Processing reversal for sale #FSL2025010 | Product: FFSL002 | Quantity: 1
[INFO] 2025-12-06 13:44:07 signals 21657 128340787631808 - [SINGLE ITEM RESTORED] Product: FFSL002 | Status: available → available | Quantity: 0 → 1
[INFO] 2025-12-06 13:44:07 signals 21657 128340787631808 - [STOCK ENTRY CREATED] Product: FFSL002 | Quantity: 1 | Reference: REVERSE-FSL2025010
[INFO] 2025-12-07 01:15:25 signals 6865 138591026288320 - [SALE REVERSAL SIGNAL] Processing reversal for sale #SL20251202125537AC7EF8 | Product: AFSL001 | Quantity: 2
[INFO] 2025-12-07 01:15:25 signals 6865 138591026288320 - [BULK ITEM RESTORED] Product: AFSL001 | Quantity: 52 → 54 | Status: available → available
[INFO] 2025-12-07 01:15:25 signals 6865 138591026288320 - [STOCK ENTRY CREATED] Product: AFSL001 | Quantity: 2 | Reference: REVERSE-SL20251202125537AC7EF8
[INFO] 2025-12-07 01:15:25 signals 6865 138591026288320 - [SALE REVERSAL SIGNAL] Processing reversal for sale #SL20251202125537AC7EF8 | Product: AFSL003 | Quantity: 5
[INFO] 2025-12-07 01:15:25 signals 6865 138591026288320 - [BULK ITEM RESTORED] Product: AFSL003 | Quantity: 24 → 29 | Status: available → available
[INFO] 2025-12-07 01:15:25 signals 6865 138591026288320 - [STOCK ENTRY CREATED] Product: AFSL003 | Quantity: 5 | Reference: REVERSE-SL20251202125537AC7EF8
[INFO] 2025-12-12 07:02:16 models 38874 140487420790464 - [SALE ID GENERATED] Year: 2025 | Counter: 20 | Sale ID: FSL2025020
[INFO] 2025-12-12 07:02:17 views 38874 140487420790464 - [SALE CREATED] Sale ID: FSL2025020 | Items to process: 2
[INFO] 2025-12-12 07:02:21 models 38874 140487420790464 - [ITEM SOLD] Sale: FSL2025020 | Product: AFSL001 | Qty: 1 | New Stock: 44 | Status: available
[INFO] 2025-12-12 07:02:22 views 38874 140487420790464 - [ITEM 1/2] Product: AFSL001 | Qty: 1 | Total: KSH 100
[INFO] 2025-12-12 07:02:26 models 38874 140487420790464 - [ITEM SOLD] Sale: FSL2025020 | Product: AFSL001 | Qty: 1 | New Stock: 43 | Status: available
[INFO] 2025-12-12 07:02:26 views 38874 140487420790464 - [ITEM 2/2] Product: AFSL001 | Qty: 1 | Total: KSH 150
[INFO] 2025-12-12 07:02:28 models 38874 140487420790464 - [ETR ASSIGNED] Sale: FSL2025020 | Receipt: 0009 | Counter: 9 | Items: 2
[INFO] 2025-12-12 07:02:28 views 38874 140487420790464 - [SALE COMPLETED] Sale: FSL2025020 | Receipt: 0009 | Items: 2 | Total: KSH 250.00
[INFO] 2025-12-12 07:10:20 models 38874 140487438624448 - [SALE ID GENERATED] Year: 2025 | Counter: 21 | Sale ID: FSL2025021
[INFO] 2025-12-12 07:10:21 views 38874 140487438624448 - [SALE CREATED] Sale ID: FSL2025021 | Items to process: 3
[INFO] 2025-12-12 07:10:25 models 38874 140487438624448 - [ITEM SOLD] Sale: FSL2025021 | Product: AFSL001 | Qty: 1 | New Stock: 42 | Status: available
[INFO] 2025-12-12 07:10:25 views 38874 140487438624448 - [ITEM 1/3] Product: AFSL001 | Qty: 1 | Total: KSH 100
[INFO] 2025-12-12 07:10:30 models 38874 140487438624448 - [ITEM SOLD] Sale: FSL2025021 | Product: AFSL001 | Qty: 1 | New Stock: 41 | Status: available
[INFO] 2025-12-12 07:10:30 views 38874 140487438624448 - [ITEM 2/3] Product: AFSL001 | Qty: 1 | Total: KSH 100
[INFO] 2025-12-12 07:10:36 models 38874 140487438624448 - [ITEM SOLD] Sale: FSL2025021 | Product: AFSL001 | Qty: 1 | New Stock: 40 | Status: available
[INFO] 2025-12-12 07:10:36 views 38874 140487438624448 - [ITEM 3/3] Product: AFSL001 | Qty: 1 | Total: KSH 150
[INFO] 2025-12-12 07:10:38 models 38874 140487438624448 - [ETR ASSIGNED] Sale: FSL2025021 | Receipt: 0010 | Counter: 10 | Items: 3
[INFO] 2025-12-12 07:10:38 views 38874 140487438624448 - [SALE COMPLETED] Sale: FSL2025021 | Receipt: 0010 | Items: 3 | Total: KSH 350.00
[INFO] 2025-12-12 07:11:30 models 38874 140487411349184 - [SALE ID GENERATED] Year: 2025 | Counter: 22 | Sale ID: FSL2025022
[INFO] 2025-12-12 07:11:31 views 38874 140487411349184 - [SALE CREATED] Sale ID: FSL2025022 | Items to process: 1
[INFO] 2025-12-12 07:11:35 models 38874 140487411349184 - [ITEM SOLD] Sale: FSL2025022 | Product: AFSL001 | Qty: 1 | New Stock: 39 | Status: available
[INFO] 2025-12-12 07:11:35 views 38874 140487411349184 - [ITEM 1/1] Product: AFSL001 | Qty: 1 | Total: KSH 100
[INFO] 2025-12-12 07:11:37 models 38874 140487411349184 - [ETR ASSIGNED] Sale: FSL2025022 | Receipt: 0011 | Counter: 11 | Items: 1
[INFO] 2025-12-12 07:11:37 views 38874 140487411349184 - [SALE COMPLETED] Sale: FSL2025022 | Receipt: 0011 | Items: 1 | Total: KSH 100.00
[INFO] 2025-12-12 07:18:50 models 49877 131269962753728 - [SALE ID GENERATED] Year: 2025 | Counter: 23 | Sale ID: FSL2025023
[INFO] 2025-12-12 07:18:51 views 49877 131269962753728 - [SALE CREATED] Sale ID: FSL2025023 | Items to process: 1
[INFO] 2025-12-12 07:18:55 models 49877 131269962753728 - [ITEM SOLD] Sale: FSL2025023 | Product: AFSL001 | Qty: 1 | New Stock: 38 | Status: available
[INFO] 2025-12-12 07:18:55 views 49877 131269962753728 - [ITEM 1/1] Product: AFSL001 | Qty: 1 | Total: KSH 100
[INFO] 2025-12-12 07:18:57 models 49877 131269962753728 - [ETR ASSIGNED] Sale: FSL2025023 | Receipt: 0012 | Counter: 12 | Items: 1
[INFO] 2025-12-12 07:18:57 views 49877 131269962753728 - [SALE COMPLETED] Sale: FSL2025023 | Receipt: 0012 | Items: 1 | Total: KSH 100.00
[INFO] 2025-12-12 07:21:24 signals 49877 131269962753728 - [SALE REVERSAL SIGNAL] Processing reversal for sale #FSL2025020 | Product: AFSL001 | Quantity: 1
[INFO] 2025-12-12 07:21:25 signals 49877 131269962753728 - [BULK ITEM RESTORED] Product: AFSL001 | Quantity: 40 → 41 | Status: available → available
[INFO] 2025-12-12 07:21:27 signals 49877 131269962753728 - [STOCK ENTRY CREATED] Product: AFSL001 | Quantity: 1 | Reference: REVERSE-FSL2025020
[INFO] 2025-12-12 07:21:27 signals 49877 131269962753728 - [SALE REVERSAL SIGNAL] Processing reversal for sale #FSL2025020 | Product: AFSL001 | Quantity: 1
[INFO] 2025-12-12 07:21:28 signals 49877 131269962753728 - [BULK ITEM RESTORED] Product: AFSL001 | Quantity: 41 → 42 | Status: available → available
[INFO] 2025-12-12 07:21:30 signals 49877 131269962753728 - [STOCK ENTRY CREATED] Product: AFSL001 | Quantity: 1 | Reference: REVERSE-FSL2025020
[INFO] 2025-12-12 07:21:33 signals 49877 131270050834112 - [SALE REVERSAL SIGNAL] Processing reversal for sale #FSL2025022 | Product: AFSL001 | Quantity: 1
[INFO] 2025-12-12 07:21:34 signals 49877 131270050834112 - [BULK ITEM RESTORED] Product: AFSL001 | Quantity: 42 → 43 | Status: available → available
[INFO] 2025-12-12 07:21:36 signals 49877 131270050834112 - [STOCK ENTRY CREATED] Product: AFSL001 | Quantity: 1 | Reference: REVERSE-FSL2025022
[INFO] 2025-12-12 07:21:36 signals 49877 131269954361024 - [SALE REVERSAL SIGNAL] Processing reversal for sale #FSL2025023 | Product: AFSL001 | Quantity: 1
[INFO] 2025-12-12 07:21:37 signals 49877 131269954361024 - [BULK ITEM RESTORED] Product: AFSL001 | Quantity: 43 → 44 | Status: available → available
[INFO] 2025-12-12 07:21:39 signals 49877 131269954361024 - [STOCK ENTRY CREATED] Product: AFSL001 | Quantity: 1 | Reference: REVERSE-FSL2025023
[INFO] 2025-12-12 07:21:41 signals 49877 131269971146432 - [SALE REVERSAL SIGNAL] Processing reversal for sale #FSL2025021 | Product: AFSL001 | Quantity: 1
[INFO] 2025-12-12 07:21:42 signals 49877 131269971146432 - [BULK ITEM RESTORED] Product: AFSL001 | Quantity: 43 → 44 | Status: available → available
[INFO] 2025-12-12 07:21:44 signals 49877 131269971146432 - [STOCK ENTRY CREATED] Product: AFSL001 | Quantity: 1 | Reference: REVERSE-FSL2025021
[INFO] 2025-12-12 07:21:44 signals 49877 131269971146432 - [SALE REVERSAL SIGNAL] Processing reversal for sale #FSL2025021 | Product: AFSL001 | Quantity: 1
[INFO] 2025-12-12 07:21:46 signals 49877 131269971146432 - [BULK ITEM RESTORED] Product: AFSL001 | Quantity: 44 → 45 | Status: available → available
[INFO] 2025-12-12 07:21:47 signals 49877 131269971146432 - [STOCK ENTRY CREATED] Product: AFSL001 | Quantity: 1 | Reference: REVERSE-FSL2025021
[INFO] 2025-12-12 07:21:48 signals 49877 131269971146432 - [SALE REVERSAL SIGNAL] Processing reversal for sale #FSL2025021 | Product: AFSL001 | Quantity: 1
[INFO] 2025-12-12 07:21:49 signals 49877 131269971146432 - [BULK ITEM RESTORED] Product: AFSL001 | Quantity: 45 → 46 | Status: available → available
[INFO] 2025-12-12 07:21:51 signals 49877 131269971146432 - [STOCK ENTRY CREATED] Product: AFSL001 | Quantity: 1 | Reference: REVERSE-FSL2025021
[INFO] 2025-12-12 17:45:05 views 7927 130884766267072 - [BULK ITEM] Processing sale...
[ERROR] 2025-12-12 17:45:05 views 7927 130884766267072 - SaleCreateView error: Sale() got unexpected keyword arguments: 'product', 'quantity', 'selling_price', 'unit_price', 'total_price', 'product_code', 'client_details'
Traceback (most recent call last):
  File "/home/kk/fieldmax/sales/views.py", line 254, in post
    sale = Sale.objects.create(
           ^^^^^^^^^^^^^^^^^^^^
  File "/home/kk/fieldmax/venv/lib/python3.12/site-packages/django/db/models/manager.py", line 87, in manager_method
    return getattr(self.get_queryset(), name)(*args, **kwargs)
           ^^^^^^^^^^^^^^^^^^^^^^^^^^^^^^^^^^^^^^^^^^^^^^^^^^^
  File "/home/kk/fieldmax/venv/lib/python3.12/site-packages/django/db/models/query.py", line 663, in create
    obj = self.model(**kwargs)
          ^^^^^^^^^^^^^^^^^^^^
  File "/home/kk/fieldmax/venv/lib/python3.12/site-packages/django/db/models/base.py", line 569, in __init__
    raise TypeError(
TypeError: Sale() got unexpected keyword arguments: 'product', 'quantity', 'selling_price', 'unit_price', 'total_price', 'product_code', 'client_details'
[INFO] 2025-12-13 22:12:16 models 31357 126119885919936 - [SALE ID GENERATED] Year: 2025 | Counter: 1 | Sale ID: FSL2025001
[ERROR] 2025-12-13 22:12:17 views 31357 126119885919936 - Batch sale error: null value in column "sale_item_id" of relation "sales" violates not-null constraint
DETAIL:  Failing row contains (FSL2025001, 2025-12-13 19:12:14.504068+00, Walk-in Customer, , , , , 0, 0.00, 0.00, 0.00, null, null, null, pending, null, null, f, null, null, null, 8, 0.00, null, Cash, null).
Traceback (most recent call last):
  File "/home/kk/fieldmax/venv/lib/python3.12/site-packages/django/db/backends/utils.py", line 105, in _execute
    return self.cursor.execute(sql, params)
           ^^^^^^^^^^^^^^^^^^^^^^^^^^^^^^^^
psycopg2.errors.NotNullViolation: null value in column "sale_item_id" of relation "sales" violates not-null constraint
DETAIL:  Failing row contains (FSL2025001, 2025-12-13 19:12:14.504068+00, Walk-in Customer, , , , , 0, 0.00, 0.00, 0.00, null, null, null, pending, null, null, f, null, null, null, 8, 0.00, null, Cash, null).


The above exception was the direct cause of the following exception:

Traceback (most recent call last):
  File "/home/kk/fieldmax/sales/views.py", line 1278, in post
    sale = Sale.objects.create(
           ^^^^^^^^^^^^^^^^^^^^
  File "/home/kk/fieldmax/venv/lib/python3.12/site-packages/django/db/models/manager.py", line 87, in manager_method
    return getattr(self.get_queryset(), name)(*args, **kwargs)
           ^^^^^^^^^^^^^^^^^^^^^^^^^^^^^^^^^^^^^^^^^^^^^^^^^^^
  File "/home/kk/fieldmax/venv/lib/python3.12/site-packages/django/db/models/query.py", line 665, in create
    obj.save(force_insert=True, using=self.db)
  File "/home/kk/fieldmax/sales/models.py", line 180, in save
    super().save(*args, **kwargs)
  File "/home/kk/fieldmax/venv/lib/python3.12/site-packages/django/db/models/base.py", line 902, in save
    self.save_base(
  File "/home/kk/fieldmax/venv/lib/python3.12/site-packages/django/db/models/base.py", line 1008, in save_base
    updated = self._save_table(
              ^^^^^^^^^^^^^^^^^
  File "/home/kk/fieldmax/venv/lib/python3.12/site-packages/django/db/models/base.py", line 1169, in _save_table
    results = self._do_insert(
              ^^^^^^^^^^^^^^^^
  File "/home/kk/fieldmax/venv/lib/python3.12/site-packages/django/db/models/base.py", line 1210, in _do_insert
    return manager._insert(
           ^^^^^^^^^^^^^^^^
  File "/home/kk/fieldmax/venv/lib/python3.12/site-packages/django/db/models/manager.py", line 87, in manager_method
    return getattr(self.get_queryset(), name)(*args, **kwargs)
           ^^^^^^^^^^^^^^^^^^^^^^^^^^^^^^^^^^^^^^^^^^^^^^^^^^^
  File "/home/kk/fieldmax/venv/lib/python3.12/site-packages/django/db/models/query.py", line 1873, in _insert
    return query.get_compiler(using=using).execute_sql(returning_fields)
           ^^^^^^^^^^^^^^^^^^^^^^^^^^^^^^^^^^^^^^^^^^^^^^^^^^^^^^^^^^^^^
  File "/home/kk/fieldmax/venv/lib/python3.12/site-packages/django/db/models/sql/compiler.py", line 1882, in execute_sql
    cursor.execute(sql, params)
  File "/home/kk/fieldmax/venv/lib/python3.12/site-packages/django/db/backends/utils.py", line 122, in execute
    return super().execute(sql, params)
           ^^^^^^^^^^^^^^^^^^^^^^^^^^^^
  File "/home/kk/fieldmax/venv/lib/python3.12/site-packages/django/db/backends/utils.py", line 79, in execute
    return self._execute_with_wrappers(
           ^^^^^^^^^^^^^^^^^^^^^^^^^^^^
  File "/home/kk/fieldmax/venv/lib/python3.12/site-packages/django/db/backends/utils.py", line 92, in _execute_with_wrappers
    return executor(sql, params, many, context)
           ^^^^^^^^^^^^^^^^^^^^^^^^^^^^^^^^^^^^
  File "/home/kk/fieldmax/venv/lib/python3.12/site-packages/django/db/backends/utils.py", line 100, in _execute
    with self.db.wrap_database_errors:
  File "/home/kk/fieldmax/venv/lib/python3.12/site-packages/django/db/utils.py", line 91, in __exit__
    raise dj_exc_value.with_traceback(traceback) from exc_value
  File "/home/kk/fieldmax/venv/lib/python3.12/site-packages/django/db/backends/utils.py", line 105, in _execute
    return self.cursor.execute(sql, params)
           ^^^^^^^^^^^^^^^^^^^^^^^^^^^^^^^^
django.db.utils.IntegrityError: null value in column "sale_item_id" of relation "sales" violates not-null constraint
DETAIL:  Failing row contains (FSL2025001, 2025-12-13 19:12:14.504068+00, Walk-in Customer, , , , , 0, 0.00, 0.00, 0.00, null, null, null, pending, null, null, f, null, null, null, 8, 0.00, null, Cash, null).

[INFO] 2025-12-13 22:12:31 models 31357 126119885919936 - [SALE ID GENERATED] Year: 2025 | Counter: 1 | Sale ID: FSL2025001
[ERROR] 2025-12-13 22:12:31 views 31357 126119885919936 - Batch sale error: null value in column "sale_item_id" of relation "sales" violates not-null constraint
DETAIL:  Failing row contains (FSL2025001, 2025-12-13 19:12:27.735403+00, Walk-in Customer, , , , , 0, 0.00, 0.00, 0.00, null, null, null, pending, null, null, f, null, null, null, 8, 0.00, null, Cash, null).
Traceback (most recent call last):
  File "/home/kk/fieldmax/venv/lib/python3.12/site-packages/django/db/backends/utils.py", line 105, in _execute
    return self.cursor.execute(sql, params)
           ^^^^^^^^^^^^^^^^^^^^^^^^^^^^^^^^
psycopg2.errors.NotNullViolation: null value in column "sale_item_id" of relation "sales" violates not-null constraint
DETAIL:  Failing row contains (FSL2025001, 2025-12-13 19:12:27.735403+00, Walk-in Customer, , , , , 0, 0.00, 0.00, 0.00, null, null, null, pending, null, null, f, null, null, null, 8, 0.00, null, Cash, null).


The above exception was the direct cause of the following exception:

Traceback (most recent call last):
  File "/home/kk/fieldmax/sales/views.py", line 1278, in post
    sale = Sale.objects.create(
           ^^^^^^^^^^^^^^^^^^^^
  File "/home/kk/fieldmax/venv/lib/python3.12/site-packages/django/db/models/manager.py", line 87, in manager_method
    return getattr(self.get_queryset(), name)(*args, **kwargs)
           ^^^^^^^^^^^^^^^^^^^^^^^^^^^^^^^^^^^^^^^^^^^^^^^^^^^
  File "/home/kk/fieldmax/venv/lib/python3.12/site-packages/django/db/models/query.py", line 665, in create
    obj.save(force_insert=True, using=self.db)
  File "/home/kk/fieldmax/sales/models.py", line 180, in save
    super().save(*args, **kwargs)
  File "/home/kk/fieldmax/venv/lib/python3.12/site-packages/django/db/models/base.py", line 902, in save
    self.save_base(
  File "/home/kk/fieldmax/venv/lib/python3.12/site-packages/django/db/models/base.py", line 1008, in save_base
    updated = self._save_table(
              ^^^^^^^^^^^^^^^^^
  File "/home/kk/fieldmax/venv/lib/python3.12/site-packages/django/db/models/base.py", line 1169, in _save_table
    results = self._do_insert(
              ^^^^^^^^^^^^^^^^
  File "/home/kk/fieldmax/venv/lib/python3.12/site-packages/django/db/models/base.py", line 1210, in _do_insert
    return manager._insert(
           ^^^^^^^^^^^^^^^^
  File "/home/kk/fieldmax/venv/lib/python3.12/site-packages/django/db/models/manager.py", line 87, in manager_method
    return getattr(self.get_queryset(), name)(*args, **kwargs)
           ^^^^^^^^^^^^^^^^^^^^^^^^^^^^^^^^^^^^^^^^^^^^^^^^^^^
  File "/home/kk/fieldmax/venv/lib/python3.12/site-packages/django/db/models/query.py", line 1873, in _insert
    return query.get_compiler(using=using).execute_sql(returning_fields)
           ^^^^^^^^^^^^^^^^^^^^^^^^^^^^^^^^^^^^^^^^^^^^^^^^^^^^^^^^^^^^^
  File "/home/kk/fieldmax/venv/lib/python3.12/site-packages/django/db/models/sql/compiler.py", line 1882, in execute_sql
    cursor.execute(sql, params)
  File "/home/kk/fieldmax/venv/lib/python3.12/site-packages/django/db/backends/utils.py", line 122, in execute
    return super().execute(sql, params)
           ^^^^^^^^^^^^^^^^^^^^^^^^^^^^
  File "/home/kk/fieldmax/venv/lib/python3.12/site-packages/django/db/backends/utils.py", line 79, in execute
    return self._execute_with_wrappers(
           ^^^^^^^^^^^^^^^^^^^^^^^^^^^^
  File "/home/kk/fieldmax/venv/lib/python3.12/site-packages/django/db/backends/utils.py", line 92, in _execute_with_wrappers
    return executor(sql, params, many, context)
           ^^^^^^^^^^^^^^^^^^^^^^^^^^^^^^^^^^^^
  File "/home/kk/fieldmax/venv/lib/python3.12/site-packages/django/db/backends/utils.py", line 100, in _execute
    with self.db.wrap_database_errors:
  File "/home/kk/fieldmax/venv/lib/python3.12/site-packages/django/db/utils.py", line 91, in __exit__
    raise dj_exc_value.with_traceback(traceback) from exc_value
  File "/home/kk/fieldmax/venv/lib/python3.12/site-packages/django/db/backends/utils.py", line 105, in _execute
    return self.cursor.execute(sql, params)
           ^^^^^^^^^^^^^^^^^^^^^^^^^^^^^^^^
django.db.utils.IntegrityError: null value in column "sale_item_id" of relation "sales" violates not-null constraint
DETAIL:  Failing row contains (FSL2025001, 2025-12-13 19:12:27.735403+00, Walk-in Customer, , , , , 0, 0.00, 0.00, 0.00, null, null, null, pending, null, null, f, null, null, null, 8, 0.00, null, Cash, null).

[INFO] 2025-12-13 22:12:41 models 31357 126119885919936 - [SALE ID GENERATED] Year: 2025 | Counter: 1 | Sale ID: FSL2025001
[ERROR] 2025-12-13 22:12:41 views 31357 126119885919936 - Batch sale error: null value in column "sale_item_id" of relation "sales" violates not-null constraint
DETAIL:  Failing row contains (FSL2025001, 2025-12-13 19:12:39.063721+00, Walk-in Customer, , , , , 0, 0.00, 0.00, 0.00, null, null, null, pending, null, null, f, null, null, null, 8, 0.00, null, Cash, null).
Traceback (most recent call last):
  File "/home/kk/fieldmax/venv/lib/python3.12/site-packages/django/db/backends/utils.py", line 105, in _execute
    return self.cursor.execute(sql, params)
           ^^^^^^^^^^^^^^^^^^^^^^^^^^^^^^^^
psycopg2.errors.NotNullViolation: null value in column "sale_item_id" of relation "sales" violates not-null constraint
DETAIL:  Failing row contains (FSL2025001, 2025-12-13 19:12:39.063721+00, Walk-in Customer, , , , , 0, 0.00, 0.00, 0.00, null, null, null, pending, null, null, f, null, null, null, 8, 0.00, null, Cash, null).


The above exception was the direct cause of the following exception:

Traceback (most recent call last):
  File "/home/kk/fieldmax/sales/views.py", line 1278, in post
    sale = Sale.objects.create(
           ^^^^^^^^^^^^^^^^^^^^
  File "/home/kk/fieldmax/venv/lib/python3.12/site-packages/django/db/models/manager.py", line 87, in manager_method
    return getattr(self.get_queryset(), name)(*args, **kwargs)
           ^^^^^^^^^^^^^^^^^^^^^^^^^^^^^^^^^^^^^^^^^^^^^^^^^^^
  File "/home/kk/fieldmax/venv/lib/python3.12/site-packages/django/db/models/query.py", line 665, in create
    obj.save(force_insert=True, using=self.db)
  File "/home/kk/fieldmax/sales/models.py", line 180, in save
    super().save(*args, **kwargs)
  File "/home/kk/fieldmax/venv/lib/python3.12/site-packages/django/db/models/base.py", line 902, in save
    self.save_base(
  File "/home/kk/fieldmax/venv/lib/python3.12/site-packages/django/db/models/base.py", line 1008, in save_base
    updated = self._save_table(
              ^^^^^^^^^^^^^^^^^
  File "/home/kk/fieldmax/venv/lib/python3.12/site-packages/django/db/models/base.py", line 1169, in _save_table
    results = self._do_insert(
              ^^^^^^^^^^^^^^^^
  File "/home/kk/fieldmax/venv/lib/python3.12/site-packages/django/db/models/base.py", line 1210, in _do_insert
    return manager._insert(
           ^^^^^^^^^^^^^^^^
  File "/home/kk/fieldmax/venv/lib/python3.12/site-packages/django/db/models/manager.py", line 87, in manager_method
    return getattr(self.get_queryset(), name)(*args, **kwargs)
           ^^^^^^^^^^^^^^^^^^^^^^^^^^^^^^^^^^^^^^^^^^^^^^^^^^^
  File "/home/kk/fieldmax/venv/lib/python3.12/site-packages/django/db/models/query.py", line 1873, in _insert
    return query.get_compiler(using=using).execute_sql(returning_fields)
           ^^^^^^^^^^^^^^^^^^^^^^^^^^^^^^^^^^^^^^^^^^^^^^^^^^^^^^^^^^^^^
  File "/home/kk/fieldmax/venv/lib/python3.12/site-packages/django/db/models/sql/compiler.py", line 1882, in execute_sql
    cursor.execute(sql, params)
  File "/home/kk/fieldmax/venv/lib/python3.12/site-packages/django/db/backends/utils.py", line 122, in execute
    return super().execute(sql, params)
           ^^^^^^^^^^^^^^^^^^^^^^^^^^^^
  File "/home/kk/fieldmax/venv/lib/python3.12/site-packages/django/db/backends/utils.py", line 79, in execute
    return self._execute_with_wrappers(
           ^^^^^^^^^^^^^^^^^^^^^^^^^^^^
  File "/home/kk/fieldmax/venv/lib/python3.12/site-packages/django/db/backends/utils.py", line 92, in _execute_with_wrappers
    return executor(sql, params, many, context)
           ^^^^^^^^^^^^^^^^^^^^^^^^^^^^^^^^^^^^
  File "/home/kk/fieldmax/venv/lib/python3.12/site-packages/django/db/backends/utils.py", line 100, in _execute
    with self.db.wrap_database_errors:
  File "/home/kk/fieldmax/venv/lib/python3.12/site-packages/django/db/utils.py", line 91, in __exit__
    raise dj_exc_value.with_traceback(traceback) from exc_value
  File "/home/kk/fieldmax/venv/lib/python3.12/site-packages/django/db/backends/utils.py", line 105, in _execute
    return self.cursor.execute(sql, params)
           ^^^^^^^^^^^^^^^^^^^^^^^^^^^^^^^^
django.db.utils.IntegrityError: null value in column "sale_item_id" of relation "sales" violates not-null constraint
DETAIL:  Failing row contains (FSL2025001, 2025-12-13 19:12:39.063721+00, Walk-in Customer, , , , , 0, 0.00, 0.00, 0.00, null, null, null, pending, null, null, f, null, null, null, 8, 0.00, null, Cash, null).

[INFO] 2025-12-13 22:12:51 models 31357 126119885919936 - [SALE ID GENERATED] Year: 2025 | Counter: 1 | Sale ID: FSL2025001
[ERROR] 2025-12-13 22:12:52 views 31357 126119885919936 - Batch sale error: null value in column "sale_item_id" of relation "sales" violates not-null constraint
DETAIL:  Failing row contains (FSL2025001, 2025-12-13 19:12:49.89037+00, Walk-in Customer, , , , , 0, 0.00, 0.00, 0.00, null, null, null, pending, null, null, f, null, null, null, 8, 0.00, null, Cash, null).
Traceback (most recent call last):
  File "/home/kk/fieldmax/venv/lib/python3.12/site-packages/django/db/backends/utils.py", line 105, in _execute
    return self.cursor.execute(sql, params)
           ^^^^^^^^^^^^^^^^^^^^^^^^^^^^^^^^
psycopg2.errors.NotNullViolation: null value in column "sale_item_id" of relation "sales" violates not-null constraint
DETAIL:  Failing row contains (FSL2025001, 2025-12-13 19:12:49.89037+00, Walk-in Customer, , , , , 0, 0.00, 0.00, 0.00, null, null, null, pending, null, null, f, null, null, null, 8, 0.00, null, Cash, null).


The above exception was the direct cause of the following exception:

Traceback (most recent call last):
  File "/home/kk/fieldmax/sales/views.py", line 1278, in post
    sale = Sale.objects.create(
           ^^^^^^^^^^^^^^^^^^^^
  File "/home/kk/fieldmax/venv/lib/python3.12/site-packages/django/db/models/manager.py", line 87, in manager_method
    return getattr(self.get_queryset(), name)(*args, **kwargs)
           ^^^^^^^^^^^^^^^^^^^^^^^^^^^^^^^^^^^^^^^^^^^^^^^^^^^
  File "/home/kk/fieldmax/venv/lib/python3.12/site-packages/django/db/models/query.py", line 665, in create
    obj.save(force_insert=True, using=self.db)
  File "/home/kk/fieldmax/sales/models.py", line 180, in save
    super().save(*args, **kwargs)
  File "/home/kk/fieldmax/venv/lib/python3.12/site-packages/django/db/models/base.py", line 902, in save
    self.save_base(
  File "/home/kk/fieldmax/venv/lib/python3.12/site-packages/django/db/models/base.py", line 1008, in save_base
    updated = self._save_table(
              ^^^^^^^^^^^^^^^^^
  File "/home/kk/fieldmax/venv/lib/python3.12/site-packages/django/db/models/base.py", line 1169, in _save_table
    results = self._do_insert(
              ^^^^^^^^^^^^^^^^
  File "/home/kk/fieldmax/venv/lib/python3.12/site-packages/django/db/models/base.py", line 1210, in _do_insert
    return manager._insert(
           ^^^^^^^^^^^^^^^^
  File "/home/kk/fieldmax/venv/lib/python3.12/site-packages/django/db/models/manager.py", line 87, in manager_method
    return getattr(self.get_queryset(), name)(*args, **kwargs)
           ^^^^^^^^^^^^^^^^^^^^^^^^^^^^^^^^^^^^^^^^^^^^^^^^^^^
  File "/home/kk/fieldmax/venv/lib/python3.12/site-packages/django/db/models/query.py", line 1873, in _insert
    return query.get_compiler(using=using).execute_sql(returning_fields)
           ^^^^^^^^^^^^^^^^^^^^^^^^^^^^^^^^^^^^^^^^^^^^^^^^^^^^^^^^^^^^^
  File "/home/kk/fieldmax/venv/lib/python3.12/site-packages/django/db/models/sql/compiler.py", line 1882, in execute_sql
    cursor.execute(sql, params)
  File "/home/kk/fieldmax/venv/lib/python3.12/site-packages/django/db/backends/utils.py", line 122, in execute
    return super().execute(sql, params)
           ^^^^^^^^^^^^^^^^^^^^^^^^^^^^
  File "/home/kk/fieldmax/venv/lib/python3.12/site-packages/django/db/backends/utils.py", line 79, in execute
    return self._execute_with_wrappers(
           ^^^^^^^^^^^^^^^^^^^^^^^^^^^^
  File "/home/kk/fieldmax/venv/lib/python3.12/site-packages/django/db/backends/utils.py", line 92, in _execute_with_wrappers
    return executor(sql, params, many, context)
           ^^^^^^^^^^^^^^^^^^^^^^^^^^^^^^^^^^^^
  File "/home/kk/fieldmax/venv/lib/python3.12/site-packages/django/db/backends/utils.py", line 100, in _execute
    with self.db.wrap_database_errors:
  File "/home/kk/fieldmax/venv/lib/python3.12/site-packages/django/db/utils.py", line 91, in __exit__
    raise dj_exc_value.with_traceback(traceback) from exc_value
  File "/home/kk/fieldmax/venv/lib/python3.12/site-packages/django/db/backends/utils.py", line 105, in _execute
    return self.cursor.execute(sql, params)
           ^^^^^^^^^^^^^^^^^^^^^^^^^^^^^^^^
django.db.utils.IntegrityError: null value in column "sale_item_id" of relation "sales" violates not-null constraint
DETAIL:  Failing row contains (FSL2025001, 2025-12-13 19:12:49.89037+00, Walk-in Customer, , , , , 0, 0.00, 0.00, 0.00, null, null, null, pending, null, null, f, null, null, null, 8, 0.00, null, Cash, null).

[INFO] 2025-12-13 22:25:55 models 31357 126119984490176 - [SALE ID GENERATED] Year: 2025 | Counter: 1 | Sale ID: FSL2025001
[ERROR] 2025-12-13 22:25:55 views 31357 126119984490176 - Batch sale error: null value in column "sale_item_id" of relation "sales" violates not-null constraint
DETAIL:  Failing row contains (FSL2025001, 2025-12-13 19:25:53.122814+00, Walk-in Customer, , , , , 0, 0.00, 0.00, 0.00, null, null, null, pending, null, null, f, null, null, null, 8, 0.00, null, Cash, null).
Traceback (most recent call last):
  File "/home/kk/fieldmax/venv/lib/python3.12/site-packages/django/db/backends/utils.py", line 105, in _execute
    return self.cursor.execute(sql, params)
           ^^^^^^^^^^^^^^^^^^^^^^^^^^^^^^^^
psycopg2.errors.NotNullViolation: null value in column "sale_item_id" of relation "sales" violates not-null constraint
DETAIL:  Failing row contains (FSL2025001, 2025-12-13 19:25:53.122814+00, Walk-in Customer, , , , , 0, 0.00, 0.00, 0.00, null, null, null, pending, null, null, f, null, null, null, 8, 0.00, null, Cash, null).


The above exception was the direct cause of the following exception:

Traceback (most recent call last):
  File "/home/kk/fieldmax/sales/views.py", line 1278, in post
    sale = Sale.objects.create(
           ^^^^^^^^^^^^^^^^^^^^
  File "/home/kk/fieldmax/venv/lib/python3.12/site-packages/django/db/models/manager.py", line 87, in manager_method
    return getattr(self.get_queryset(), name)(*args, **kwargs)
           ^^^^^^^^^^^^^^^^^^^^^^^^^^^^^^^^^^^^^^^^^^^^^^^^^^^
  File "/home/kk/fieldmax/venv/lib/python3.12/site-packages/django/db/models/query.py", line 665, in create
    obj.save(force_insert=True, using=self.db)
  File "/home/kk/fieldmax/sales/models.py", line 180, in save
    super().save(*args, **kwargs)
  File "/home/kk/fieldmax/venv/lib/python3.12/site-packages/django/db/models/base.py", line 902, in save
    self.save_base(
  File "/home/kk/fieldmax/venv/lib/python3.12/site-packages/django/db/models/base.py", line 1008, in save_base
    updated = self._save_table(
              ^^^^^^^^^^^^^^^^^
  File "/home/kk/fieldmax/venv/lib/python3.12/site-packages/django/db/models/base.py", line 1169, in _save_table
    results = self._do_insert(
              ^^^^^^^^^^^^^^^^
  File "/home/kk/fieldmax/venv/lib/python3.12/site-packages/django/db/models/base.py", line 1210, in _do_insert
    return manager._insert(
           ^^^^^^^^^^^^^^^^
  File "/home/kk/fieldmax/venv/lib/python3.12/site-packages/django/db/models/manager.py", line 87, in manager_method
    return getattr(self.get_queryset(), name)(*args, **kwargs)
           ^^^^^^^^^^^^^^^^^^^^^^^^^^^^^^^^^^^^^^^^^^^^^^^^^^^
  File "/home/kk/fieldmax/venv/lib/python3.12/site-packages/django/db/models/query.py", line 1873, in _insert
    return query.get_compiler(using=using).execute_sql(returning_fields)
           ^^^^^^^^^^^^^^^^^^^^^^^^^^^^^^^^^^^^^^^^^^^^^^^^^^^^^^^^^^^^^
  File "/home/kk/fieldmax/venv/lib/python3.12/site-packages/django/db/models/sql/compiler.py", line 1882, in execute_sql
    cursor.execute(sql, params)
  File "/home/kk/fieldmax/venv/lib/python3.12/site-packages/django/db/backends/utils.py", line 122, in execute
    return super().execute(sql, params)
           ^^^^^^^^^^^^^^^^^^^^^^^^^^^^
  File "/home/kk/fieldmax/venv/lib/python3.12/site-packages/django/db/backends/utils.py", line 79, in execute
    return self._execute_with_wrappers(
           ^^^^^^^^^^^^^^^^^^^^^^^^^^^^
  File "/home/kk/fieldmax/venv/lib/python3.12/site-packages/django/db/backends/utils.py", line 92, in _execute_with_wrappers
    return executor(sql, params, many, context)
           ^^^^^^^^^^^^^^^^^^^^^^^^^^^^^^^^^^^^
  File "/home/kk/fieldmax/venv/lib/python3.12/site-packages/django/db/backends/utils.py", line 100, in _execute
    with self.db.wrap_database_errors:
  File "/home/kk/fieldmax/venv/lib/python3.12/site-packages/django/db/utils.py", line 91, in __exit__
    raise dj_exc_value.with_traceback(traceback) from exc_value
  File "/home/kk/fieldmax/venv/lib/python3.12/site-packages/django/db/backends/utils.py", line 105, in _execute
    return self.cursor.execute(sql, params)
           ^^^^^^^^^^^^^^^^^^^^^^^^^^^^^^^^
django.db.utils.IntegrityError: null value in column "sale_item_id" of relation "sales" violates not-null constraint
DETAIL:  Failing row contains (FSL2025001, 2025-12-13 19:25:53.122814+00, Walk-in Customer, , , , , 0, 0.00, 0.00, 0.00, null, null, null, pending, null, null, f, null, null, null, 8, 0.00, null, Cash, null).

[INFO] 2025-12-13 22:26:28 models 31357 126119902705344 - [SALE ID GENERATED] Year: 2025 | Counter: 1 | Sale ID: FSL2025001
[ERROR] 2025-12-13 22:26:28 views 31357 126119902705344 - Batch sale error: null value in column "sale_item_id" of relation "sales" violates not-null constraint
DETAIL:  Failing row contains (FSL2025001, 2025-12-13 19:26:25.911806+00, Walk-in Customer, , , , , 0, 0.00, 0.00, 0.00, null, null, null, pending, null, null, f, null, null, null, 8, 0.00, null, Cash, null).
Traceback (most recent call last):
  File "/home/kk/fieldmax/venv/lib/python3.12/site-packages/django/db/backends/utils.py", line 105, in _execute
    return self.cursor.execute(sql, params)
           ^^^^^^^^^^^^^^^^^^^^^^^^^^^^^^^^
psycopg2.errors.NotNullViolation: null value in column "sale_item_id" of relation "sales" violates not-null constraint
DETAIL:  Failing row contains (FSL2025001, 2025-12-13 19:26:25.911806+00, Walk-in Customer, , , , , 0, 0.00, 0.00, 0.00, null, null, null, pending, null, null, f, null, null, null, 8, 0.00, null, Cash, null).


The above exception was the direct cause of the following exception:

Traceback (most recent call last):
  File "/home/kk/fieldmax/sales/views.py", line 1278, in post
    sale = Sale.objects.create(
           ^^^^^^^^^^^^^^^^^^^^
  File "/home/kk/fieldmax/venv/lib/python3.12/site-packages/django/db/models/manager.py", line 87, in manager_method
    return getattr(self.get_queryset(), name)(*args, **kwargs)
           ^^^^^^^^^^^^^^^^^^^^^^^^^^^^^^^^^^^^^^^^^^^^^^^^^^^
  File "/home/kk/fieldmax/venv/lib/python3.12/site-packages/django/db/models/query.py", line 665, in create
    obj.save(force_insert=True, using=self.db)
  File "/home/kk/fieldmax/sales/models.py", line 180, in save
    super().save(*args, **kwargs)
  File "/home/kk/fieldmax/venv/lib/python3.12/site-packages/django/db/models/base.py", line 902, in save
    self.save_base(
  File "/home/kk/fieldmax/venv/lib/python3.12/site-packages/django/db/models/base.py", line 1008, in save_base
    updated = self._save_table(
              ^^^^^^^^^^^^^^^^^
  File "/home/kk/fieldmax/venv/lib/python3.12/site-packages/django/db/models/base.py", line 1169, in _save_table
    results = self._do_insert(
              ^^^^^^^^^^^^^^^^
  File "/home/kk/fieldmax/venv/lib/python3.12/site-packages/django/db/models/base.py", line 1210, in _do_insert
    return manager._insert(
           ^^^^^^^^^^^^^^^^
  File "/home/kk/fieldmax/venv/lib/python3.12/site-packages/django/db/models/manager.py", line 87, in manager_method
    return getattr(self.get_queryset(), name)(*args, **kwargs)
           ^^^^^^^^^^^^^^^^^^^^^^^^^^^^^^^^^^^^^^^^^^^^^^^^^^^
  File "/home/kk/fieldmax/venv/lib/python3.12/site-packages/django/db/models/query.py", line 1873, in _insert
    return query.get_compiler(using=using).execute_sql(returning_fields)
           ^^^^^^^^^^^^^^^^^^^^^^^^^^^^^^^^^^^^^^^^^^^^^^^^^^^^^^^^^^^^^
  File "/home/kk/fieldmax/venv/lib/python3.12/site-packages/django/db/models/sql/compiler.py", line 1882, in execute_sql
    cursor.execute(sql, params)
  File "/home/kk/fieldmax/venv/lib/python3.12/site-packages/django/db/backends/utils.py", line 122, in execute
    return super().execute(sql, params)
           ^^^^^^^^^^^^^^^^^^^^^^^^^^^^
  File "/home/kk/fieldmax/venv/lib/python3.12/site-packages/django/db/backends/utils.py", line 79, in execute
    return self._execute_with_wrappers(
           ^^^^^^^^^^^^^^^^^^^^^^^^^^^^
  File "/home/kk/fieldmax/venv/lib/python3.12/site-packages/django/db/backends/utils.py", line 92, in _execute_with_wrappers
    return executor(sql, params, many, context)
           ^^^^^^^^^^^^^^^^^^^^^^^^^^^^^^^^^^^^
  File "/home/kk/fieldmax/venv/lib/python3.12/site-packages/django/db/backends/utils.py", line 100, in _execute
    with self.db.wrap_database_errors:
  File "/home/kk/fieldmax/venv/lib/python3.12/site-packages/django/db/utils.py", line 91, in __exit__
    raise dj_exc_value.with_traceback(traceback) from exc_value
  File "/home/kk/fieldmax/venv/lib/python3.12/site-packages/django/db/backends/utils.py", line 105, in _execute
    return self.cursor.execute(sql, params)
           ^^^^^^^^^^^^^^^^^^^^^^^^^^^^^^^^
django.db.utils.IntegrityError: null value in column "sale_item_id" of relation "sales" violates not-null constraint
DETAIL:  Failing row contains (FSL2025001, 2025-12-13 19:26:25.911806+00, Walk-in Customer, , , , , 0, 0.00, 0.00, 0.00, null, null, null, pending, null, null, f, null, null, null, 8, 0.00, null, Cash, null).

[INFO] 2025-12-13 22:42:12 models 31357 126119902705344 - [SALE ID GENERATED] Year: 2025 | Counter: 1 | Sale ID: FSL2025001
[ERROR] 2025-12-13 22:42:12 views 31357 126119902705344 - Batch sale error: column "sale_item_id" of relation "sales" does not exist
LINE 1: INSERT INTO "sales" ("sale_item_id", "batch_id", "payment_me...
                             ^
Traceback (most recent call last):
  File "/home/kk/fieldmax/venv/lib/python3.12/site-packages/django/db/backends/utils.py", line 105, in _execute
    return self.cursor.execute(sql, params)
           ^^^^^^^^^^^^^^^^^^^^^^^^^^^^^^^^
psycopg2.errors.UndefinedColumn: column "sale_item_id" of relation "sales" does not exist
LINE 1: INSERT INTO "sales" ("sale_item_id", "batch_id", "payment_me...
                             ^


The above exception was the direct cause of the following exception:

Traceback (most recent call last):
  File "/home/kk/fieldmax/sales/views.py", line 1278, in post
    sale = Sale.objects.create(
           ^^^^^^^^^^^^^^^^^^^^
  File "/home/kk/fieldmax/venv/lib/python3.12/site-packages/django/db/models/manager.py", line 87, in manager_method
    return getattr(self.get_queryset(), name)(*args, **kwargs)
           ^^^^^^^^^^^^^^^^^^^^^^^^^^^^^^^^^^^^^^^^^^^^^^^^^^^
  File "/home/kk/fieldmax/venv/lib/python3.12/site-packages/django/db/models/query.py", line 665, in create
    obj.save(force_insert=True, using=self.db)
  File "/home/kk/fieldmax/sales/models.py", line 180, in save
    super().save(*args, **kwargs)
  File "/home/kk/fieldmax/venv/lib/python3.12/site-packages/django/db/models/base.py", line 902, in save
    self.save_base(
  File "/home/kk/fieldmax/venv/lib/python3.12/site-packages/django/db/models/base.py", line 1008, in save_base
    updated = self._save_table(
              ^^^^^^^^^^^^^^^^^
  File "/home/kk/fieldmax/venv/lib/python3.12/site-packages/django/db/models/base.py", line 1169, in _save_table
    results = self._do_insert(
              ^^^^^^^^^^^^^^^^
  File "/home/kk/fieldmax/venv/lib/python3.12/site-packages/django/db/models/base.py", line 1210, in _do_insert
    return manager._insert(
           ^^^^^^^^^^^^^^^^
  File "/home/kk/fieldmax/venv/lib/python3.12/site-packages/django/db/models/manager.py", line 87, in manager_method
    return getattr(self.get_queryset(), name)(*args, **kwargs)
           ^^^^^^^^^^^^^^^^^^^^^^^^^^^^^^^^^^^^^^^^^^^^^^^^^^^
  File "/home/kk/fieldmax/venv/lib/python3.12/site-packages/django/db/models/query.py", line 1873, in _insert
    return query.get_compiler(using=using).execute_sql(returning_fields)
           ^^^^^^^^^^^^^^^^^^^^^^^^^^^^^^^^^^^^^^^^^^^^^^^^^^^^^^^^^^^^^
  File "/home/kk/fieldmax/venv/lib/python3.12/site-packages/django/db/models/sql/compiler.py", line 1882, in execute_sql
    cursor.execute(sql, params)
  File "/home/kk/fieldmax/venv/lib/python3.12/site-packages/django/db/backends/utils.py", line 122, in execute
    return super().execute(sql, params)
           ^^^^^^^^^^^^^^^^^^^^^^^^^^^^
  File "/home/kk/fieldmax/venv/lib/python3.12/site-packages/django/db/backends/utils.py", line 79, in execute
    return self._execute_with_wrappers(
           ^^^^^^^^^^^^^^^^^^^^^^^^^^^^
  File "/home/kk/fieldmax/venv/lib/python3.12/site-packages/django/db/backends/utils.py", line 92, in _execute_with_wrappers
    return executor(sql, params, many, context)
           ^^^^^^^^^^^^^^^^^^^^^^^^^^^^^^^^^^^^
  File "/home/kk/fieldmax/venv/lib/python3.12/site-packages/django/db/backends/utils.py", line 100, in _execute
    with self.db.wrap_database_errors:
  File "/home/kk/fieldmax/venv/lib/python3.12/site-packages/django/db/utils.py", line 91, in __exit__
    raise dj_exc_value.with_traceback(traceback) from exc_value
  File "/home/kk/fieldmax/venv/lib/python3.12/site-packages/django/db/backends/utils.py", line 105, in _execute
    return self.cursor.execute(sql, params)
           ^^^^^^^^^^^^^^^^^^^^^^^^^^^^^^^^
django.db.utils.ProgrammingError: column "sale_item_id" of relation "sales" does not exist
LINE 1: INSERT INTO "sales" ("sale_item_id", "batch_id", "payment_me...
                             ^

[INFO] 2025-12-13 22:42:24 models 31357 126119902705344 - [SALE ID GENERATED] Year: 2025 | Counter: 1 | Sale ID: FSL2025001
[ERROR] 2025-12-13 22:42:24 views 31357 126119902705344 - Batch sale error: column "sale_item_id" of relation "sales" does not exist
LINE 1: INSERT INTO "sales" ("sale_item_id", "batch_id", "payment_me...
                             ^
Traceback (most recent call last):
  File "/home/kk/fieldmax/venv/lib/python3.12/site-packages/django/db/backends/utils.py", line 105, in _execute
    return self.cursor.execute(sql, params)
           ^^^^^^^^^^^^^^^^^^^^^^^^^^^^^^^^
psycopg2.errors.UndefinedColumn: column "sale_item_id" of relation "sales" does not exist
LINE 1: INSERT INTO "sales" ("sale_item_id", "batch_id", "payment_me...
                             ^


The above exception was the direct cause of the following exception:

Traceback (most recent call last):
  File "/home/kk/fieldmax/sales/views.py", line 1278, in post
    sale = Sale.objects.create(
           ^^^^^^^^^^^^^^^^^^^^
  File "/home/kk/fieldmax/venv/lib/python3.12/site-packages/django/db/models/manager.py", line 87, in manager_method
    return getattr(self.get_queryset(), name)(*args, **kwargs)
           ^^^^^^^^^^^^^^^^^^^^^^^^^^^^^^^^^^^^^^^^^^^^^^^^^^^
  File "/home/kk/fieldmax/venv/lib/python3.12/site-packages/django/db/models/query.py", line 665, in create
    obj.save(force_insert=True, using=self.db)
  File "/home/kk/fieldmax/sales/models.py", line 180, in save
    super().save(*args, **kwargs)
  File "/home/kk/fieldmax/venv/lib/python3.12/site-packages/django/db/models/base.py", line 902, in save
    self.save_base(
  File "/home/kk/fieldmax/venv/lib/python3.12/site-packages/django/db/models/base.py", line 1008, in save_base
    updated = self._save_table(
              ^^^^^^^^^^^^^^^^^
  File "/home/kk/fieldmax/venv/lib/python3.12/site-packages/django/db/models/base.py", line 1169, in _save_table
    results = self._do_insert(
              ^^^^^^^^^^^^^^^^
  File "/home/kk/fieldmax/venv/lib/python3.12/site-packages/django/db/models/base.py", line 1210, in _do_insert
    return manager._insert(
           ^^^^^^^^^^^^^^^^
  File "/home/kk/fieldmax/venv/lib/python3.12/site-packages/django/db/models/manager.py", line 87, in manager_method
    return getattr(self.get_queryset(), name)(*args, **kwargs)
           ^^^^^^^^^^^^^^^^^^^^^^^^^^^^^^^^^^^^^^^^^^^^^^^^^^^
  File "/home/kk/fieldmax/venv/lib/python3.12/site-packages/django/db/models/query.py", line 1873, in _insert
    return query.get_compiler(using=using).execute_sql(returning_fields)
           ^^^^^^^^^^^^^^^^^^^^^^^^^^^^^^^^^^^^^^^^^^^^^^^^^^^^^^^^^^^^^
  File "/home/kk/fieldmax/venv/lib/python3.12/site-packages/django/db/models/sql/compiler.py", line 1882, in execute_sql
    cursor.execute(sql, params)
  File "/home/kk/fieldmax/venv/lib/python3.12/site-packages/django/db/backends/utils.py", line 122, in execute
    return super().execute(sql, params)
           ^^^^^^^^^^^^^^^^^^^^^^^^^^^^
  File "/home/kk/fieldmax/venv/lib/python3.12/site-packages/django/db/backends/utils.py", line 79, in execute
    return self._execute_with_wrappers(
           ^^^^^^^^^^^^^^^^^^^^^^^^^^^^
  File "/home/kk/fieldmax/venv/lib/python3.12/site-packages/django/db/backends/utils.py", line 92, in _execute_with_wrappers
    return executor(sql, params, many, context)
           ^^^^^^^^^^^^^^^^^^^^^^^^^^^^^^^^^^^^
  File "/home/kk/fieldmax/venv/lib/python3.12/site-packages/django/db/backends/utils.py", line 100, in _execute
    with self.db.wrap_database_errors:
  File "/home/kk/fieldmax/venv/lib/python3.12/site-packages/django/db/utils.py", line 91, in __exit__
    raise dj_exc_value.with_traceback(traceback) from exc_value
  File "/home/kk/fieldmax/venv/lib/python3.12/site-packages/django/db/backends/utils.py", line 105, in _execute
    return self.cursor.execute(sql, params)
           ^^^^^^^^^^^^^^^^^^^^^^^^^^^^^^^^
django.db.utils.ProgrammingError: column "sale_item_id" of relation "sales" does not exist
LINE 1: INSERT INTO "sales" ("sale_item_id", "batch_id", "payment_me...
                             ^

[INFO] 2025-12-14 06:00:09 models 1688 139236313388736 - [SALE ID GENERATED] Year: 2025 | Counter: 1 | Sale ID: FSL2025001
[INFO] 2025-12-14 06:00:10 views 1688 139236313388736 - [SALE CREATED] Sale ID: FSL2025001 | Items to process: 1
[INFO] 2025-12-14 06:00:15 models 1688 139236313388736 - [ITEM SOLD] Sale: FSL2025001 | Product: AFSL070 | Qty: 1 | New Stock: 20 | Status: available
[INFO] 2025-12-14 06:00:16 views 1688 139236313388736 - [ITEM 1/1] Product: AFSL070 | Qty: 1 | Total: KSH 150
[INFO] 2025-12-14 06:00:18 models 1688 139236313388736 - [ETR ASSIGNED] Sale: FSL2025001 | Receipt: 0001 | Counter: 1 | Items: 1
[INFO] 2025-12-14 06:00:18 views 1688 139236313388736 - [SALE COMPLETED] Sale: FSL2025001 | Receipt: 0001 | Items: 1 | Total: KSH 150.00
[INFO] 2025-12-14 06:13:15 models 1688 139236409861824 - [SALE ID GENERATED] Year: 2025 | Counter: 2 | Sale ID: FSL2025002
[INFO] 2025-12-14 06:13:16 views 1688 139236409861824 - [SALE CREATED] Sale ID: FSL2025002 | Items to process: 10
[INFO] 2025-12-14 06:13:21 models 1688 139236409861824 - [ITEM SOLD] Sale: FSL2025002 | Product: AFSL013 | Qty: 1 | New Stock: 1 | Status: lowstock
[INFO] 2025-12-14 06:13:22 views 1688 139236409861824 - [ITEM 1/10] Product: AFSL013 | Qty: 1 | Total: KSH 550
[INFO] 2025-12-14 06:13:27 models 1688 139236409861824 - [ITEM SOLD] Sale: FSL2025002 | Product: AFSL045 | Qty: 1 | New Stock: 5 | Status: lowstock
[INFO] 2025-12-14 06:13:27 views 1688 139236409861824 - [ITEM 2/10] Product: AFSL045 | Qty: 1 | Total: KSH 350
[INFO] 2025-12-14 06:13:32 models 1688 139236409861824 - [ITEM SOLD] Sale: FSL2025002 | Product: AFSL034 | Qty: 1 | New Stock: 6 | Status: available
[INFO] 2025-12-14 06:13:32 views 1688 139236409861824 - [ITEM 3/10] Product: AFSL034 | Qty: 1 | Total: KSH 350
[INFO] 2025-12-14 06:13:37 models 1688 139236409861824 - [ITEM SOLD] Sale: FSL2025002 | Product: AFSL010 | Qty: 1 | New Stock: 4 | Status: lowstock
[INFO] 2025-12-14 06:13:38 views 1688 139236409861824 - [ITEM 4/10] Product: AFSL010 | Qty: 1 | Total: KSH 300
[INFO] 2025-12-14 06:13:43 models 1688 139236409861824 - [ITEM SOLD] Sale: FSL2025002 | Product: AFSL037 | Qty: 1 | New Stock: 4 | Status: lowstock
[INFO] 2025-12-14 06:13:43 views 1688 139236409861824 - [ITEM 5/10] Product: AFSL037 | Qty: 1 | Total: KSH 250
[INFO] 2025-12-14 06:13:48 models 1688 139236409861824 - [ITEM SOLD] Sale: FSL2025002 | Product: AFSL084 | Qty: 1 | New Stock: 26 | Status: available
[INFO] 2025-12-14 06:13:49 views 1688 139236409861824 - [ITEM 6/10] Product: AFSL084 | Qty: 1 | Total: KSH 200
[INFO] 2025-12-14 06:13:54 models 1688 139236409861824 - [ITEM SOLD] Sale: FSL2025002 | Product: AFSL003 | Qty: 1 | New Stock: 44 | Status: available
[INFO] 2025-12-14 06:13:55 views 1688 139236409861824 - [ITEM 7/10] Product: AFSL003 | Qty: 1 | Total: KSH 200
[INFO] 2025-12-14 06:14:00 models 1688 139236409861824 - [ITEM SOLD] Sale: FSL2025002 | Product: AFSL003 | Qty: 1 | New Stock: 43 | Status: available
[INFO] 2025-12-14 06:14:00 views 1688 139236409861824 - [ITEM 8/10] Product: AFSL003 | Qty: 1 | Total: KSH 150
[INFO] 2025-12-14 06:14:06 models 1688 139236409861824 - [ITEM SOLD] Sale: FSL2025002 | Product: EFSL015 | Qty: 1 | New Stock: 5 | Status: lowstock
[INFO] 2025-12-14 06:14:06 views 1688 139236409861824 - [ITEM 9/10] Product: EFSL015 | Qty: 1 | Total: KSH 100
[INFO] 2025-12-14 06:14:11 models 1688 139236409861824 - [ITEM SOLD] Sale: FSL2025002 | Product: AFSL069 | Qty: 1 | New Stock: 10 | Status: available
[INFO] 2025-12-14 06:14:11 views 1688 139236409861824 - [ITEM 10/10] Product: AFSL069 | Qty: 1 | Total: KSH 100
[INFO] 2025-12-14 06:14:13 models 1688 139236409861824 - [ETR ASSIGNED] Sale: FSL2025002 | Receipt: 0002 | Counter: 2 | Items: 10
[INFO] 2025-12-14 06:14:14 views 1688 139236409861824 - [SALE COMPLETED] Sale: FSL2025002 | Receipt: 0002 | Items: 10 | Total: KSH 2550.00
[INFO] 2025-12-14 06:24:26 models 1688 139236304996032 - [SALE ID GENERATED] Year: 2025 | Counter: 3 | Sale ID: FSL2025003
[INFO] 2025-12-14 06:24:27 views 1688 139236304996032 - [SALE CREATED] Sale ID: FSL2025003 | Items to process: 7
[INFO] 2025-12-14 06:24:32 models 1688 139236304996032 - [ITEM SOLD] Sale: FSL2025003 | Product: AFSL020 | Qty: 1 | New Stock: 6 | Status: available
[INFO] 2025-12-14 06:24:33 views 1688 139236304996032 - [ITEM 1/7] Product: AFSL020 | Qty: 1 | Total: KSH 900
[INFO] 2025-12-14 06:24:38 models 1688 139236304996032 - [ITEM SOLD] Sale: FSL2025003 | Product: AFSL009 | Qty: 1 | New Stock: 4 | Status: lowstock
[INFO] 2025-12-14 06:24:39 views 1688 139236304996032 - [ITEM 2/7] Product: AFSL009 | Qty: 1 | Total: KSH 450
[INFO] 2025-12-14 06:24:43 models 1688 139236304996032 - [ITEM SOLD] Sale: FSL2025003 | Product: AFSL045 | Qty: 1 | New Stock: 4 | Status: lowstock
[INFO] 2025-12-14 06:24:44 views 1688 139236304996032 - [ITEM 3/7] Product: AFSL045 | Qty: 1 | Total: KSH 300
[INFO] 2025-12-14 06:24:49 models 1688 139236304996032 - [ITEM SOLD] Sale: FSL2025003 | Product: AFSL030 | Qty: 1 | New Stock: 35 | Status: available
[INFO] 2025-12-14 06:24:49 views 1688 139236304996032 - [ITEM 4/7] Product: AFSL030 | Qty: 1 | Total: KSH 200
[INFO] 2025-12-14 06:24:54 models 1688 139236304996032 - [ITEM SOLD] Sale: FSL2025003 | Product: AFSL038 | Qty: 1 | New Stock: 4 | Status: lowstock
[INFO] 2025-12-14 06:24:55 views 1688 139236304996032 - [ITEM 5/7] Product: AFSL038 | Qty: 1 | Total: KSH 200
[INFO] 2025-12-14 06:25:00 models 1688 139236304996032 - [ITEM SOLD] Sale: FSL2025003 | Product: AFSL042 | Qty: 1 | New Stock: 4 | Status: lowstock
[INFO] 2025-12-14 06:25:00 views 1688 139236304996032 - [ITEM 6/7] Product: AFSL042 | Qty: 1 | Total: KSH 150
[INFO] 2025-12-14 06:25:06 models 1688 139236304996032 - [ITEM SOLD] Sale: FSL2025003 | Product: AFSL069 | Qty: 1 | New Stock: 9 | Status: available
[INFO] 2025-12-14 06:25:06 views 1688 139236304996032 - [ITEM 7/7] Product: AFSL069 | Qty: 1 | Total: KSH 100
[INFO] 2025-12-14 06:25:08 models 1688 139236304996032 - [ETR ASSIGNED] Sale: FSL2025003 | Receipt: 0003 | Counter: 3 | Items: 7
[INFO] 2025-12-14 06:25:08 views 1688 139236304996032 - [SALE COMPLETED] Sale: FSL2025003 | Receipt: 0003 | Items: 7 | Total: KSH 2300.00
[INFO] 2025-12-14 06:29:09 models 1688 139236330174144 - [SALE ID GENERATED] Year: 2025 | Counter: 4 | Sale ID: FSL2025004
[INFO] 2025-12-14 06:29:10 views 1688 139236330174144 - [SALE CREATED] Sale ID: FSL2025004 | Items to process: 6
[INFO] 2025-12-14 06:29:15 models 1688 139236330174144 - [ITEM SOLD] Sale: FSL2025004 | Product: AFSL010 | Qty: 1 | New Stock: 3 | Status: lowstock
[INFO] 2025-12-14 06:29:16 views 1688 139236330174144 - [ITEM 1/6] Product: AFSL010 | Qty: 1 | Total: KSH 270
[INFO] 2025-12-14 06:29:21 models 1688 139236330174144 - [ITEM SOLD] Sale: FSL2025004 | Product: AFSL036 | Qty: 1 | New Stock: 4 | Status: lowstock
[INFO] 2025-12-14 06:29:21 views 1688 139236330174144 - [ITEM 2/6] Product: AFSL036 | Qty: 1 | Total: KSH 200
[INFO] 2025-12-14 06:29:26 models 1688 139236330174144 - [ITEM SOLD] Sale: FSL2025004 | Product: AFSL003 | Qty: 1 | New Stock: 42 | Status: available
[INFO] 2025-12-14 06:29:27 views 1688 139236330174144 - [ITEM 3/6] Product: AFSL003 | Qty: 1 | Total: KSH 200
[INFO] 2025-12-14 06:29:32 models 1688 139236330174144 - [ITEM SOLD] Sale: FSL2025004 | Product: AFSL003 | Qty: 1 | New Stock: 41 | Status: available
[INFO] 2025-12-14 06:29:32 views 1688 139236330174144 - [ITEM 4/6] Product: AFSL003 | Qty: 1 | Total: KSH 150
[INFO] 2025-12-14 06:29:37 models 1688 139236330174144 - [ITEM SOLD] Sale: FSL2025004 | Product: AFSL069 | Qty: 1 | New Stock: 8 | Status: available
[INFO] 2025-12-14 06:29:38 views 1688 139236330174144 - [ITEM 5/6] Product: AFSL069 | Qty: 1 | Total: KSH 100
[INFO] 2025-12-14 06:29:43 models 1688 139236330174144 - [ITEM SOLD] Sale: FSL2025004 | Product: AFSL002 | Qty: 1 | New Stock: 119 | Status: available
[INFO] 2025-12-14 06:29:43 views 1688 139236330174144 - [ITEM 6/6] Product: AFSL002 | Qty: 1 | Total: KSH 100
[INFO] 2025-12-14 06:29:45 models 1688 139236330174144 - [ETR ASSIGNED] Sale: FSL2025004 | Receipt: 0004 | Counter: 4 | Items: 6
[INFO] 2025-12-14 06:29:45 views 1688 139236330174144 - [SALE COMPLETED] Sale: FSL2025004 | Receipt: 0004 | Items: 6 | Total: KSH 1020.00
[INFO] 2025-12-14 06:46:29 models 1688 139236409861824 - [SALE ID GENERATED] Year: 2025 | Counter: 5 | Sale ID: FSL2025005
[INFO] 2025-12-14 06:46:30 views 1688 139236409861824 - [SALE CREATED] Sale ID: FSL2025005 | Items to process: 7
[INFO] 2025-12-14 06:46:35 models 1688 139236409861824 - [ITEM SOLD] Sale: FSL2025005 | Product: AFSL040 | Qty: 1 | New Stock: 4 | Status: lowstock
[INFO] 2025-12-14 06:46:35 views 1688 139236409861824 - [ITEM 1/7] Product: AFSL040 | Qty: 1 | Total: KSH 200
[INFO] 2025-12-14 06:46:41 models 1688 139236409861824 - [ITEM SOLD] Sale: FSL2025005 | Product: KFSL019 | Qty: 1 | New Stock: 1 | Status: sold
[INFO] 2025-12-14 06:46:41 views 1688 139236409861824 - [ITEM 2/7] Product: KFSL019 | Qty: 1 | Total: KSH 1000
[INFO] 2025-12-14 06:46:46 models 1688 139236409861824 - [ITEM SOLD] Sale: FSL2025005 | Product: AFSL061 | Qty: 1 | New Stock: 0 | Status: outofstock
[INFO] 2025-12-14 06:46:47 views 1688 139236409861824 - [ITEM 3/7] Product: AFSL061 | Qty: 1 | Total: KSH 2000
[INFO] 2025-12-14 06:46:51 models 1688 139236409861824 - [ITEM SOLD] Sale: FSL2025005 | Product: AFSL068 | Qty: 1 | New Stock: 3 | Status: lowstock
[INFO] 2025-12-14 06:46:52 views 1688 139236409861824 - [ITEM 4/7] Product: AFSL068 | Qty: 1 | Total: KSH 200
[INFO] 2025-12-14 06:46:56 models 1688 139236409861824 - [ITEM SOLD] Sale: FSL2025005 | Product: EFSL025 | Qty: 2 | New Stock: 0 | Status: outofstock
[INFO] 2025-12-14 06:46:57 views 1688 139236409861824 - [ITEM 5/7] Product: EFSL025 | Qty: 2 | Total: KSH 200
[INFO] 2025-12-14 06:47:01 models 1688 139236409861824 - [ITEM SOLD] Sale: FSL2025005 | Product: AFSL011 | Qty: 1 | New Stock: 2 | Status: lowstock
[INFO] 2025-12-14 06:47:02 views 1688 139236409861824 - [ITEM 6/7] Product: AFSL011 | Qty: 1 | Total: KSH 500
[INFO] 2025-12-14 06:47:07 models 1688 139236409861824 - [ITEM SOLD] Sale: FSL2025005 | Product: AFSL016 | Qty: 1 | New Stock: 7 | Status: available
[INFO] 2025-12-14 06:47:07 views 1688 139236409861824 - [ITEM 7/7] Product: AFSL016 | Qty: 1 | Total: KSH 400
[INFO] 2025-12-14 06:47:09 models 1688 139236409861824 - [ETR ASSIGNED] Sale: FSL2025005 | Receipt: 0005 | Counter: 5 | Items: 7
[INFO] 2025-12-14 06:47:09 views 1688 139236409861824 - [SALE COMPLETED] Sale: FSL2025005 | Receipt: 0005 | Items: 7 | Total: KSH 4500.00
[INFO] 2025-12-15 14:43:42 views 31160 135011124635328 - [PRODUCT SEARCH] Search term: '4'
[INFO] 2025-12-15 14:43:42 views 31160 135011124635328 - [PRODUCT SEARCH] Found 20 products
[INFO] 2025-12-15 14:43:43 views 31160 135011115194048 - [PRODUCT SEARCH] Search term: '41'
[INFO] 2025-12-15 14:43:46 views 31160 135011115194048 - [PRODUCT SEARCH] Found 10 products
[INFO] 2025-12-15 14:43:50 views 31160 135011115194048 - [PRODUCT SEARCH] Search term: '418'
[INFO] 2025-12-15 14:43:50 views 31160 135011115194048 - [PRODUCT SEARCH] Found 4 products
[INFO] 2025-12-15 14:43:51 views 31160 135011124635328 - [PRODUCT SEARCH] Search term: '4185'
[INFO] 2025-12-15 14:43:51 views 31160 135011124635328 - [PRODUCT SEARCH] Found 1 products
[INFO] 2025-12-15 14:43:51 views 31160 135011106801344 - [PRODUCT SEARCH] Search term: '41852'
[INFO] 2025-12-15 14:43:53 views 31160 135011106801344 - [PRODUCT SEARCH] Found 1 products
[INFO] 2025-12-15 14:44:44 views 31160 135011106801344 - [PRODUCT SEARCH] Search term: '890609934185'
[INFO] 2025-12-15 14:44:45 views 31160 135011106801344 - [PRODUCT SEARCH] Found 1 products
[INFO] 2025-12-15 14:44:51 views 31160 135011106801344 - [PRODUCT SEARCH] Search term: '4'
[INFO] 2025-12-15 14:44:51 views 31160 135011124635328 - [PRODUCT SEARCH] Search term: '45'
[INFO] 2025-12-15 14:44:51 views 31160 135011106801344 - [PRODUCT SEARCH] Found 20 products
[INFO] 2025-12-15 14:44:52 views 31160 135011124635328 - [PRODUCT SEARCH] Found 9 products
[INFO] 2025-12-15 17:44:21 views 31160 135011124635328 - [PRODUCT SEARCH] Search term: 'A'
[INFO] 2025-12-15 17:44:22 views 31160 135011106801344 - [PRODUCT SEARCH] Search term: 'AF'
[INFO] 2025-12-15 17:44:22 views 31160 135011115194048 - [PRODUCT SEARCH] Search term: 'AFS'
[INFO] 2025-12-15 17:44:23 views 31160 135011124635328 - [PRODUCT SEARCH] Found 20 products
[INFO] 2025-12-15 17:44:24 views 31160 135011098408640 - [PRODUCT SEARCH] Search term: 'A'
[INFO] 2025-12-15 17:44:24 views 31160 135011106801344 - [PRODUCT SEARCH] Found 20 products
[INFO] 2025-12-15 17:44:24 views 31160 135011115194048 - [PRODUCT SEARCH] Found 20 products
[INFO] 2025-12-15 17:44:26 views 31160 135011098408640 - [PRODUCT SEARCH] Found 20 products
[INFO] 2025-12-15 17:44:29 views 31160 135011098408640 - [PRODUCT SEARCH] Search term: 'A'
[INFO] 2025-12-15 17:44:29 views 31160 135011098408640 - [PRODUCT SEARCH] Found 20 products
[INFO] 2025-12-15 17:44:29 views 31160 135011098408640 - [PRODUCT SEARCH] Search term: 'AF'
[INFO] 2025-12-15 17:44:30 views 31160 135011098408640 - [PRODUCT SEARCH] Found 20 products
[INFO] 2025-12-15 17:44:40 views 31160 135011098408640 - [PRODUCT SEARCH] Search term: 'AFS'
[INFO] 2025-12-15 17:44:40 views 31160 135011098408640 - [PRODUCT SEARCH] Found 20 products
[INFO] 2025-12-15 17:44:41 views 31160 135011098408640 - [PRODUCT SEARCH] Search term: 'AFSL'
[INFO] 2025-12-15 17:44:41 views 31160 135011098408640 - [PRODUCT SEARCH] Found 20 products
[INFO] 2025-12-15 17:44:44 views 31160 135011098408640 - [PRODUCT SEARCH] Search term: 'AFSL0'
[INFO] 2025-12-15 17:44:44 views 31160 135011098408640 - [PRODUCT SEARCH] Found 20 products
[INFO] 2025-12-15 17:44:45 views 31160 135011098408640 - [PRODUCT SEARCH] Search term: 'AFSL00'
[INFO] 2025-12-15 17:44:45 views 31160 135011098408640 - [PRODUCT SEARCH] Found 9 products
[INFO] 2025-12-15 17:44:47 views 31160 135011098408640 - [PRODUCT SEARCH] Search term: 'AFSL003'
[INFO] 2025-12-15 17:44:48 views 31160 135011098408640 - [PRODUCT SEARCH] Found 1 products
[INFO] 2025-12-15 17:44:54 views 31160 135011098408640 - [PRODUCT SEARCH] Search term: 'AFSL00'
[INFO] 2025-12-15 17:44:54 views 31160 135011098408640 - [PRODUCT SEARCH] Found 9 products
[INFO] 2025-12-15 17:44:54 views 31160 135011098408640 - [PRODUCT SEARCH] Search term: 'AFSL0'
[INFO] 2025-12-15 17:44:54 views 31160 135011115194048 - [PRODUCT SEARCH] Search term: 'AFSL'
[INFO] 2025-12-15 17:44:55 views 31160 135011098408640 - [PRODUCT SEARCH] Found 20 products
[INFO] 2025-12-15 17:44:55 views 31160 135011115194048 - [PRODUCT SEARCH] Found 20 products
[INFO] 2025-12-15 17:44:55 views 31160 135011098408640 - [PRODUCT SEARCH] Search term: 'AFS'
[INFO] 2025-12-15 17:44:55 views 31160 135011115194048 - [PRODUCT SEARCH] Search term: 'AF'
[INFO] 2025-12-15 17:44:55 views 31160 135011098408640 - [PRODUCT SEARCH] Found 20 products
[INFO] 2025-12-15 17:44:56 views 31160 135011115194048 - [PRODUCT SEARCH] Found 20 products
[INFO] 2025-12-15 17:44:56 views 31160 135011115194048 - [PRODUCT SEARCH] Search term: 'A'
[INFO] 2025-12-15 17:44:57 views 31160 135011115194048 - [PRODUCT SEARCH] Found 20 products
[INFO] 2025-12-20 14:10:47 models 28150 130634506823360 - [SALE ID GENERATED] Year: 2025 | Counter: 11 | Sale ID: FSL2025011
[INFO] 2025-12-20 14:10:52 models 28150 130634506823360 - [ITEM SOLD] Sale: FSL2025011 | Product: AFSL069 | Qty: 1 | New Stock: 6 | Status: available
[INFO] 2025-12-20 14:18:12 models 28150 130634497382080 - [SALE ID GENERATED] Year: 2025 | Counter: 12 | Sale ID: FSL2025012
[INFO] 2025-12-20 14:18:16 models 28150 130634497382080 - [ITEM SOLD] Sale: FSL2025012 | Product: AFSL003 | Qty: 1 | New Stock: 36 | Status: available
[INFO] 2025-12-20 15:16:31 models 39951 132250259678912 - [SALE ID GENERATED] Year: 2025 | Counter: 13 | Sale ID: FSL2025013
[INFO] 2025-12-20 15:16:38 models 39951 132250259678912 - [ITEM SOLD] Sale: FSL2025013 | Product: AFSL069 | Qty: 1 | New Stock: 5 | Status: lowstock
[INFO] 2025-12-20 17:26:58 signals 59570 139808599959232 - [SALE REVERSAL SIGNAL] Processing reversal for sale #FSL2025011 | Product: AFSL069 | Quantity: 1
[INFO] 2025-12-20 17:27:00 signals 59570 139808599959232 - [BULK ITEM RESTORED] Product: AFSL069 | Quantity: 6 → 7 | Status: available → available
[INFO] 2025-12-20 17:27:02 signals 59570 139808599959232 - [STOCK ENTRY CREATED] Product: AFSL069 | Quantity: 1 | Reference: REVERSE-FSL2025011
[INFO] 2025-12-20 17:27:10 signals 59570 139808366130880 - [SALE REVERSAL SIGNAL] Processing reversal for sale #FSL2025012 | Product: AFSL003 | Quantity: 1
[INFO] 2025-12-20 17:27:11 signals 59570 139808366130880 - [BULK ITEM RESTORED] Product: AFSL003 | Quantity: 37 → 38 | Status: available → available
[INFO] 2025-12-20 17:27:13 signals 59570 139808366130880 - [STOCK ENTRY CREATED] Product: AFSL003 | Quantity: 1 | Reference: REVERSE-FSL2025012
[INFO] 2025-12-20 17:27:15 signals 59570 139808599959232 - [SALE REVERSAL SIGNAL] Processing reversal for sale #FSL2025013 | Product: AFSL069 | Quantity: 1
[INFO] 2025-12-20 17:27:17 signals 59570 139808599959232 - [BULK ITEM RESTORED] Product: AFSL069 | Quantity: 8 → 9 | Status: available → available
[INFO] 2025-12-20 17:27:18 signals 59570 139808599959232 - [STOCK ENTRY CREATED] Product: AFSL069 | Quantity: 1 | Reference: REVERSE-FSL2025013
[INFO] 2025-12-22 23:33:55 models 19713 136285379339968 - [SALE ID GENERATED] Year: 2025 | Counter: 22 | Sale ID: FSL2025022
[INFO] 2025-12-22 23:33:55 views 19713 136285379339968 - [SALE CREATED] Sale ID: FSL2025022 | Items to process: 2
[INFO] 2025-12-22 23:34:01 models 19713 136285379339968 - [ITEM SOLD] Sale: FSL2025022 | Product: KFSL022 | Qty: 1 | New Stock: 1 | Status: sold
[INFO] 2025-12-22 23:34:01 views 19713 136285379339968 - [ITEM 1/2] Product: KFSL022 | Qty: 1 | Total: KSH 1800
[INFO] 2025-12-22 23:34:07 models 19713 136285379339968 - [ITEM SOLD] Sale: FSL2025022 | Product: KFSL035 | Qty: 1 | New Stock: 1 | Status: sold
[INFO] 2025-12-22 23:34:07 views 19713 136285379339968 - [ITEM 2/2] Product: KFSL035 | Qty: 1 | Total: KSH 1000
[INFO] 2025-12-22 23:34:09 models 19713 136285379339968 - [ETR ASSIGNED] Sale: FSL2025022 | Receipt: 0013 | Counter: 13 | Items: 2
[INFO] 2025-12-22 23:34:09 views 19713 136285379339968 - [SALE COMPLETED] Sale: FSL2025022 | Receipt: 0013 | Items: 2 | Total: KSH 2800.00
[INFO] 2025-12-22 23:38:18 models 19713 136285379339968 - [SALE ID GENERATED] Year: 2025 | Counter: 23 | Sale ID: FSL2025023
[INFO] 2025-12-22 23:38:19 views 19713 136285379339968 - [SALE CREATED] Sale ID: FSL2025023 | Items to process: 9
[INFO] 2025-12-22 23:38:23 models 19713 136285379339968 - [ITEM SOLD] Sale: FSL2025023 | Product: AFSL014 | Qty: 1 | New Stock: 3 | Status: lowstock
[INFO] 2025-12-22 23:38:23 views 19713 136285379339968 - [ITEM 1/9] Product: AFSL014 | Qty: 1 | Total: KSH 500
[INFO] 2025-12-22 23:38:28 models 19713 136285379339968 - [ITEM SOLD] Sale: FSL2025023 | Product: AFSL014 | Qty: 2 | New Stock: 1 | Status: lowstock
[INFO] 2025-12-22 23:38:28 views 19713 136285379339968 - [ITEM 2/9] Product: AFSL014 | Qty: 2 | Total: KSH 800
[INFO] 2025-12-22 23:38:33 models 19713 136285379339968 - [ITEM SOLD] Sale: FSL2025023 | Product: AFSL009 | Qty: 1 | New Stock: 11 | Status: available
[INFO] 2025-12-22 23:38:33 views 19713 136285379339968 - [ITEM 3/9] Product: AFSL009 | Qty: 1 | Total: KSH 400
[INFO] 2025-12-22 23:38:37 models 19713 136285379339968 - [ITEM SOLD] Sale: FSL2025023 | Product: AFSL033 | Qty: 1 | New Stock: 10 | Status: available
[INFO] 2025-12-22 23:38:37 views 19713 136285379339968 - [ITEM 4/9] Product: AFSL033 | Qty: 1 | Total: KSH 380
[INFO] 2025-12-22 23:38:42 models 19713 136285379339968 - [ITEM SOLD] Sale: FSL2025023 | Product: AFSL034 | Qty: 1 | New Stock: 5 | Status: lowstock
[INFO] 2025-12-22 23:38:42 views 19713 136285379339968 - [ITEM 5/9] Product: AFSL034 | Qty: 1 | Total: KSH 300
[INFO] 2025-12-22 23:38:47 models 19713 136285379339968 - [ITEM SOLD] Sale: FSL2025023 | Product: AFSL029 | Qty: 1 | New Stock: 19 | Status: available
[INFO] 2025-12-22 23:38:47 views 19713 136285379339968 - [ITEM 6/9] Product: AFSL029 | Qty: 1 | Total: KSH 250
[INFO] 2025-12-22 23:38:51 models 19713 136285379339968 - [ITEM SOLD] Sale: FSL2025023 | Product: AFSL029 | Qty: 1 | New Stock: 18 | Status: available
[INFO] 2025-12-22 23:38:52 views 19713 136285379339968 - [ITEM 7/9] Product: AFSL029 | Qty: 1 | Total: KSH 180
[INFO] 2025-12-22 23:38:56 models 19713 136285379339968 - [ITEM SOLD] Sale: FSL2025023 | Product: AFSL002 | Qty: 1 | New Stock: 115 | Status: available
[INFO] 2025-12-22 23:38:57 views 19713 136285379339968 - [ITEM 8/9] Product: AFSL002 | Qty: 1 | Total: KSH 150
[INFO] 2025-12-22 23:39:01 models 19713 136285379339968 - [ITEM SOLD] Sale: FSL2025023 | Product: AFSL003 | Qty: 1 | New Stock: 37 | Status: available
[INFO] 2025-12-22 23:39:01 views 19713 136285379339968 - [ITEM 9/9] Product: AFSL003 | Qty: 1 | Total: KSH 100
[INFO] 2025-12-22 23:39:03 models 19713 136285379339968 - [ETR ASSIGNED] Sale: FSL2025023 | Receipt: 0014 | Counter: 14 | Items: 9
[INFO] 2025-12-22 23:39:03 views 19713 136285379339968 - [SALE COMPLETED] Sale: FSL2025023 | Receipt: 0014 | Items: 9 | Total: KSH 3060.00
[INFO] 2025-12-22 23:39:52 models 19713 136285397173952 - [SALE ID GENERATED] Year: 2025 | Counter: 24 | Sale ID: FSL2025024
[INFO] 2025-12-22 23:39:53 views 19713 136285397173952 - [SALE CREATED] Sale ID: FSL2025024 | Items to process: 1
[INFO] 2025-12-22 23:39:57 models 19713 136285397173952 - [ITEM SOLD] Sale: FSL2025024 | Product: EFSL030 | Qty: 1 | New Stock: 9 | Status: available
[INFO] 2025-12-22 23:39:58 views 19713 136285397173952 - [ITEM 1/1] Product: EFSL030 | Qty: 1 | Total: KSH 100
[INFO] 2025-12-22 23:40:00 models 19713 136285397173952 - [ETR ASSIGNED] Sale: FSL2025024 | Receipt: 0015 | Counter: 15 | Items: 1
[INFO] 2025-12-22 23:40:00 views 19713 136285397173952 - [SALE COMPLETED] Sale: FSL2025024 | Receipt: 0015 | Items: 1 | Total: KSH 100.00
[INFO] 2025-12-28 23:11:25 models 72619 139604271290048 - [SALE ID GENERATED] Year: 2025 | Counter: 27 | Sale ID: FSL2025027
[INFO] 2025-12-28 23:11:26 views 72619 139604271290048 - [SALE CREATED] Sale ID: FSL2025027 | Items to process: 4
[INFO] 2025-12-28 23:11:31 models 72619 139604271290048 - [ITEM SOLD] Sale: FSL2025027 | Product: AFSL069 | Qty: 1 | New Stock: 15 | Status: available
[INFO] 2025-12-28 23:11:31 views 72619 139604271290048 - [ITEM 1/4] Product: AFSL069 | Qty: 1 | Total: KSH 100
[INFO] 2025-12-28 23:11:36 models 72619 139604271290048 - [ITEM SOLD] Sale: FSL2025027 | Product: AFSL002 | Qty: 1 | New Stock: 114 | Status: available
[INFO] 2025-12-28 23:11:37 views 72619 139604271290048 - [ITEM 2/4] Product: AFSL002 | Qty: 1 | Total: KSH 150
[INFO] 2025-12-28 23:11:43 models 72619 139604271290048 - [ITEM SOLD] Sale: FSL2025027 | Product: AFSL043 | Qty: 1 | New Stock: 12 | Status: available
[INFO] 2025-12-28 23:11:44 views 72619 139604271290048 - [ITEM 3/4] Product: AFSL043 | Qty: 1 | Total: KSH 100
[INFO] 2025-12-28 23:11:49 models 72619 139604271290048 - [ITEM SOLD] Sale: FSL2025027 | Product: AFSL074 | Qty: 1 | New Stock: 3 | Status: lowstock
[INFO] 2025-12-28 23:11:49 views 72619 139604271290048 - [ITEM 4/4] Product: AFSL074 | Qty: 1 | Total: KSH 200
[INFO] 2025-12-28 23:11:51 models 72619 139604271290048 - [ETR ASSIGNED] Sale: FSL2025027 | Receipt: 0018 | Counter: 18 | Items: 4
[INFO] 2025-12-28 23:11:51 views 72619 139604271290048 - [SALE COMPLETED] Sale: FSL2025027 | Receipt: 0018 | Items: 4 | Total: KSH 550.00
[ERROR] 2026-01-01 09:36:13 views 285705 134089631839936 - Sales report error: 'Product' object has no attribute 'sku_type'
Traceback (most recent call last):
  File "/home/kk/fieldmax/sales/views.py", line 488, in sales_report_api
    "sku_type": item.product.sku_type,
                ^^^^^^^^^^^^^^^^^^^^^
AttributeError: 'Product' object has no attribute 'sku_type'
[ERROR] 2026-01-01 09:36:38 views 285705 134089631839936 - Sales report error: 'Product' object has no attribute 'sku_type'
Traceback (most recent call last):
  File "/home/kk/fieldmax/sales/views.py", line 488, in sales_report_api
    "sku_type": item.product.sku_type,
                ^^^^^^^^^^^^^^^^^^^^^
AttributeError: 'Product' object has no attribute 'sku_type'
[INFO] 2026-01-02 20:36:44 models 52626 133125613016768 - [SALE ID GENERATED] Year: 2026 | Counter: 2 | Sale ID: FSL2026002
[INFO] 2026-01-02 20:36:45 views 52626 133125613016768 - [SALE CREATED] Sale ID: FSL2026002 | Items to process: 1
[INFO] 2026-01-02 20:36:49 models 52626 133125613016768 - [ITEM SOLD] Sale: FSL2026002 | Product: AFSL003 | Qty: 1 | New Stock: 35 | Status: available
[INFO] 2026-01-02 20:36:50 views 52626 133125613016768 - [ITEM 1/1] Product: AFSL003 | Qty: 1 | Total: KSH 200
[INFO] 2026-01-02 20:36:51 models 52626 133125613016768 - [ETR ASSIGNED] Sale: FSL2026002 | Receipt: 0023 | Counter: 23 | Items: 1
[INFO] 2026-01-02 20:36:52 views 52626 133125613016768 - [SALE COMPLETED] Sale: FSL2026002 | Receipt: 0023 | Items: 1 | Total: KSH 200.00
[INFO] 2026-01-03 23:01:29 views 155216 131612419286720 - [PRODUCT SEARCH] Search term: 'S'
[INFO] 2026-01-03 23:01:29 views 155216 131612419286720 - [PRODUCT SEARCH] Found 2 products
[INFO] 2026-01-03 23:01:34 views 155216 131612419286720 - [PRODUCT SEARCH] Search term: 'SF'
[INFO] 2026-01-03 23:01:34 views 155216 131612419286720 - [PRODUCT SEARCH] Found 1 products
[INFO] 2026-01-03 23:01:34 views 155216 131612419286720 - [PRODUCT SEARCH] Search term: 'SFS'
[INFO] 2026-01-03 23:01:34 views 155216 131612419286720 - [PRODUCT SEARCH] Found 1 products
[INFO] 2026-01-03 23:02:45 views 155216 131612419286720 - [RECORD SALE] Data received: {'product_id': 3, 'sku_value': '355546667888', 'product_name': 'BBBB', 'selling_price': '20', 'client_name': 'ELKANA KIPRONO', 'id_number': '36765205', 'phone_number': '0722556556', 'nok_name': 'CALEB', 'nok_phone': '0722333666'}
[INFO] 2026-01-03 23:02:45 views 155216 131612419286720 - [RECORD SALE] Would create sale for product: SFSL002
[INFO] 2026-01-03 23:04:21 views 155216 131612410894016 - [PRODUCT SEARCH] Search term: 'S'
[INFO] 2026-01-03 23:04:21 views 155216 131612410894016 - [PRODUCT SEARCH] Found 2 products
[INFO] 2026-01-03 23:04:50 views 155216 131612410894016 - [RECORD SALE] Data received: {'product_id': 3, 'sku_value': '355546667888', 'product_name': 'BBBB', 'selling_price': '20', 'client_name': 'AAAAA', 'id_number': '3465767I8', 'phone_number': '076543274862', 'nok_name': 'ERDFEWGHFU', 'nok_phone': '07542653741'}
[INFO] 2026-01-03 23:04:50 views 155216 131612410894016 - [RECORD SALE] Would create sale for product: SFSL002
[INFO] 2026-01-03 23:07:09 views 155216 131612519954112 - [FIFO SINGLE ITEM] Searching for oldest available unit...
[INFO] 2026-01-03 23:07:09 views 155216 131612519954112 - [FIFO SELECTED] Product: SFSL002 | SKU: 355546667888 | Status: available | Created: 2026-01-03 19:55:55.538531+00:00 | Age: 0 days
[ERROR] 2026-01-03 23:07:09 views 155216 131612519954112 - SaleCreateView error: Sale() got unexpected keyword arguments: 'product', 'quantity', 'selling_price', 'unit_price', 'total_price', 'product_code', 'client_details'
Traceback (most recent call last):
  File "/home/kk/fieldmax/sales/views.py", line 291, in post
    sale = Sale.objects.create(
           ^^^^^^^^^^^^^^^^^^^^
  File "/home/kk/fieldmax/venv/lib/python3.12/site-packages/django/db/models/manager.py", line 87, in manager_method
    return getattr(self.get_queryset(), name)(*args, **kwargs)
           ^^^^^^^^^^^^^^^^^^^^^^^^^^^^^^^^^^^^^^^^^^^^^^^^^^^
  File "/home/kk/fieldmax/venv/lib/python3.12/site-packages/django/db/models/query.py", line 663, in create
    obj = self.model(**kwargs)
          ^^^^^^^^^^^^^^^^^^^^
  File "/home/kk/fieldmax/venv/lib/python3.12/site-packages/django/db/models/base.py", line 569, in __init__
    raise TypeError(
TypeError: Sale() got unexpected keyword arguments: 'product', 'quantity', 'selling_price', 'unit_price', 'total_price', 'product_code', 'client_details'
[INFO] 2026-01-03 23:18:10 models 155216 131612410894016 - [SALE ID GENERATED] Year: 2026 | Counter: 1 | Sale ID: FSL2026001
[INFO] 2026-01-03 23:18:10 views 155216 131612410894016 - [SALE CREATED] Sale ID: FSL2026001 | Items to process: 1
[INFO] 2026-01-03 23:18:10 models 155216 131612410894016 - [ITEM SOLD] Sale: FSL2026001 | Product: AFSL001 | Qty: 1 | New Stock: 7 | Status: available
[INFO] 2026-01-03 23:18:10 views 155216 131612410894016 - [ITEM 1/1] Product: AFSL001 | Qty: 1 | Total: KSH 20
[INFO] 2026-01-03 23:18:10 models 155216 131612410894016 - [ETR ASSIGNED] Sale: FSL2026001 | Receipt: 0001 | Counter: 1 | Items: 1
[INFO] 2026-01-03 23:18:10 views 155216 131612410894016 - [SALE COMPLETED] Sale: FSL2026001 | Receipt: 0001 | Items: 1 | Total: KSH 20.00
[INFO] 2026-01-03 23:31:05 views 155216 131612394108608 - [PRODUCT SEARCH] Search term: 'B'
[INFO] 2026-01-03 23:31:05 views 155216 131612394108608 - [PRODUCT SEARCH] Found 1 products
[INFO] 2026-01-03 23:31:06 views 155216 131612394108608 - [PRODUCT SEARCH] Search term: 'BB'
[INFO] 2026-01-03 23:31:06 views 155216 131612394108608 - [PRODUCT SEARCH] Found 1 products
[INFO] 2026-01-03 23:31:55 views 155216 131612394108608 - [FIFO SINGLE ITEM] Searching for oldest available unit...
[INFO] 2026-01-03 23:31:55 views 155216 131612394108608 - [FIFO SELECTED] Product: SFSL002 | SKU: 355546667888 | Status: available | Created: 2026-01-03 19:55:55.538531+00:00 | Age: 0 days
[ERROR] 2026-01-03 23:31:55 views 155216 131612394108608 - SaleCreateView error: Sale() got unexpected keyword arguments: 'product', 'quantity', 'selling_price', 'unit_price', 'total_price', 'product_code', 'client_details'
Traceback (most recent call last):
  File "/home/kk/fieldmax/sales/views.py", line 291, in post
    sale = Sale.objects.create(
           ^^^^^^^^^^^^^^^^^^^^
  File "/home/kk/fieldmax/venv/lib/python3.12/site-packages/django/db/models/manager.py", line 87, in manager_method
    return getattr(self.get_queryset(), name)(*args, **kwargs)
           ^^^^^^^^^^^^^^^^^^^^^^^^^^^^^^^^^^^^^^^^^^^^^^^^^^^
  File "/home/kk/fieldmax/venv/lib/python3.12/site-packages/django/db/models/query.py", line 663, in create
    obj = self.model(**kwargs)
          ^^^^^^^^^^^^^^^^^^^^
  File "/home/kk/fieldmax/venv/lib/python3.12/site-packages/django/db/models/base.py", line 569, in __init__
    raise TypeError(
TypeError: Sale() got unexpected keyword arguments: 'product', 'quantity', 'selling_price', 'unit_price', 'total_price', 'product_code', 'client_details'
[INFO] 2026-01-04 08:22:10 views 2595 132038996784832 - [FIFO SINGLE ITEM] Searching for oldest available unit...
[INFO] 2026-01-04 08:22:10 views 2595 132038996784832 - [FIFO SELECTED] Product: SFSL002 | SKU: 355546667888 | Status: available | Created: 2026-01-03 19:55:55.538531+00:00 | Age: 0 days
[INFO] 2026-01-04 08:22:10 models 2595 132038996784832 - [SALE ID GENERATED] Year: 2026 | Counter: 2 | Sale ID: FSL2026002
[INFO] 2026-01-04 08:22:10 views 2595 132038996784832 - [SALE CREATED] Sale #FSL2026002 for QWERTY   QWERTY
[INFO] 2026-01-04 08:22:10 views 2595 132038996784832 - [SALE ITEM CREATED] SFSL002 x1
[INFO] 2026-01-04 08:22:10 views 2595 132038996784832 - [PRE-SALE] Product: SFSL002 | Qty: 1 | Status: available
[INFO] 2026-01-04 08:22:10 models 2595 132038996784832 - [ITEM SOLD] Sale: FSL2026002 | Product: SFSL002 | Qty: 1 | New Stock: 1 | Status: sold
[INFO] 2026-01-04 08:22:10 views 2595 132038996784832 - [POST-SALE] Product: SFSL002 | Qty: 1 | Status: sold
[INFO] 2026-01-04 08:57:49 views 5084 137523149924032 - [PRODUCT SEARCH] Search term: 'S'
[INFO] 2026-01-04 08:57:49 views 5084 137523149924032 - [PRODUCT SEARCH] Found 2 products
[INFO] 2026-01-04 08:57:49 views 5084 137523149924032 - [PRODUCT SEARCH] Search term: 'SF'
[INFO] 2026-01-04 08:57:50 views 5084 137523149924032 - [PRODUCT SEARCH] Found 1 products
[INFO] 2026-01-04 08:57:54 views 5084 137523149924032 - [PRODUCT SEARCH] Search term: 'SFS'
[INFO] 2026-01-04 08:57:54 views 5084 137523149924032 - [PRODUCT SEARCH] Found 1 products
[INFO] 2026-01-04 08:57:57 views 5084 137523149924032 - [PRODUCT SEARCH] Search term: 'SFSL'
[INFO] 2026-01-04 08:57:57 views 5084 137523149924032 - [PRODUCT SEARCH] Found 1 products
[INFO] 2026-01-04 08:58:02 views 5084 137523149924032 - [PRODUCT SEARCH] Search term: 'SFSL0'
[INFO] 2026-01-04 08:58:02 views 5084 137523149924032 - [PRODUCT SEARCH] Found 1 products
[INFO] 2026-01-04 08:58:03 views 5084 137523149924032 - [PRODUCT SEARCH] Search term: 'SFSL00'
[INFO] 2026-01-04 08:58:03 views 5084 137523149924032 - [PRODUCT SEARCH] Found 1 products
[INFO] 2026-01-04 08:58:05 views 5084 137523149924032 - [PRODUCT SEARCH] Search term: 'SFSL003'
[INFO] 2026-01-04 08:58:05 views 5084 137523149924032 - [PRODUCT SEARCH] Found 0 products
[INFO] 2026-01-04 08:58:13 views 5084 137523149924032 - [PRODUCT SEARCH] Search term: 'SFSL00'
[INFO] 2026-01-04 08:58:13 views 5084 137523149924032 - [PRODUCT SEARCH] Found 1 products
[INFO] 2026-01-04 08:58:15 views 5084 137523149924032 - [PRODUCT SEARCH] Search term: 'SFSL0'
[INFO] 2026-01-04 08:58:15 views 5084 137523149924032 - [PRODUCT SEARCH] Found 1 products
[INFO] 2026-01-04 08:58:16 views 5084 137523149924032 - [PRODUCT SEARCH] Search term: 'SFSL'
[INFO] 2026-01-04 08:58:16 views 5084 137523149924032 - [PRODUCT SEARCH] Found 1 products
[INFO] 2026-01-04 08:58:18 views 5084 137523149924032 - [PRODUCT SEARCH] Search term: 'SFS'
[INFO] 2026-01-04 08:58:18 views 5084 137523149924032 - [PRODUCT SEARCH] Found 1 products
[INFO] 2026-01-04 08:58:19 views 5084 137523149924032 - [PRODUCT SEARCH] Search term: 'SF'
[INFO] 2026-01-04 08:58:19 views 5084 137523149924032 - [PRODUCT SEARCH] Found 1 products
[INFO] 2026-01-04 08:58:21 views 5084 137523149924032 - [PRODUCT SEARCH] Search term: 'S'
[INFO] 2026-01-04 08:58:21 views 5084 137523149924032 - [PRODUCT SEARCH] Found 2 products
[INFO] 2026-01-04 08:58:22 views 5084 137523149924032 - [PRODUCT SEARCH] Search term: 'S'
[INFO] 2026-01-04 08:58:22 views 5084 137523149924032 - [PRODUCT SEARCH] Found 2 products
[INFO] 2026-01-04 11:24:09 signals 17651 128043217573568 - [ITEM DELETE - RESTORE] Restoring stock | Product: SFSL002 | Qty: 1
[INFO] 2026-01-04 11:24:09 signals 17651 128043217573568 - [SINGLE ITEM RESTORED] Product: SFSL002 | Status: sold → available
[INFO] 2026-01-04 11:24:09 signals 17651 128043217573568 - [STOCK ENTRY CREATED] Product: SFSL002 | Qty: 1 | Ref: ITEM-DELETE-2
[WARNING] 2026-01-04 11:24:09 signals 17651 128043217573568 - [ITEM DELETED] Sale #FSL2026002 has no remaining items. Consider deleting the sale.
[INFO] 2026-01-04 11:24:09 signals 17651 128043217573568 - [PRE-DELETE] Sale #FSL2026002 prepared for deletion | Items to restore: 0
[INFO] 2026-01-04 11:24:09 signals 17651 128043217573568 - [ITEM DELETE - RESTORE] Restoring stock | Product: AFSL001 | Qty: 1
[INFO] 2026-01-04 11:24:09 signals 17651 128043217573568 - [BULK ITEM RESTORED] Product: AFSL001 | Quantity: 3 → 4 | Status: lowstock → lowstock
[INFO] 2026-01-04 11:24:09 signals 17651 128043217573568 - [STOCK ENTRY CREATED] Product: AFSL001 | Qty: 1 | Ref: ITEM-DELETE-1
[WARNING] 2026-01-04 11:24:09 signals 17651 128043217573568 - [ITEM DELETED] Sale #FSL2026001 has no remaining items. Consider deleting the sale.
[INFO] 2026-01-04 11:24:09 signals 17651 128043217573568 - [PRE-DELETE] Sale #FSL2026001 prepared for deletion | Items to restore: 0
[INFO] 2026-01-04 11:44:06 views 17651 128042840094400 - [PRODUCT SEARCH] Search term: 'A'
[INFO] 2026-01-04 11:44:06 views 17651 128042840094400 - [PRODUCT SEARCH] Found 0 products
[INFO] 2026-01-04 11:44:09 views 17651 128042840094400 - [PRODUCT SEARCH] Search term: 'AF'
[INFO] 2026-01-04 11:44:09 views 17651 128042840094400 - [PRODUCT SEARCH] Found 0 products
[INFO] 2026-01-04 11:44:10 views 17651 128042840094400 - [PRODUCT SEARCH] Search term: 'A'
[INFO] 2026-01-04 11:44:10 views 17651 128042840094400 - [PRODUCT SEARCH] Found 0 products
[INFO] 2026-01-04 11:44:12 views 17651 128042840094400 - [PRODUCT SEARCH] Search term: 'S'
[INFO] 2026-01-04 11:44:12 views 17651 128042840094400 - [PRODUCT SEARCH] Found 1 products
[INFO] 2026-01-04 11:44:20 views 17651 128042840094400 - [PRODUCT SEARCH] Search term: '9'
[INFO] 2026-01-04 11:44:20 views 17651 128042840094400 - [PRODUCT SEARCH] Found 1 products
[INFO] 2026-01-04 11:44:21 views 17651 128042840094400 - [PRODUCT SEARCH] Search term: '99'
[INFO] 2026-01-04 11:44:21 views 17651 128042840094400 - [PRODUCT SEARCH] Found 1 products
[INFO] 2026-01-04 11:44:21 views 17651 128042840094400 - [PRODUCT SEARCH] Search term: '999'
[INFO] 2026-01-04 11:44:21 views 17651 128042840094400 - [PRODUCT SEARCH] Found 1 products
[INFO] 2026-01-04 11:44:24 views 17651 128042840094400 - [PRODUCT SEARCH] Search term: '99'
[INFO] 2026-01-04 11:44:24 views 17651 128042840094400 - [PRODUCT SEARCH] Found 1 products
[INFO] 2026-01-04 11:44:30 views 17651 128042840094400 - [PRODUCT SEARCH] Search term: '9'
[INFO] 2026-01-04 11:44:30 views 17651 128042840094400 - [PRODUCT SEARCH] Found 1 products
[INFO] 2026-01-04 11:44:30 views 17651 128042840094400 - [PRODUCT SEARCH] Search term: '999'
[INFO] 2026-01-04 11:44:31 views 17651 128042840094400 - [PRODUCT SEARCH] Found 1 products
[INFO] 2026-01-04 11:46:11 views 17651 128042840094400 - [FIFO SINGLE ITEM] Searching for oldest available unit...
[INFO] 2026-01-04 11:46:11 views 17651 128042840094400 - [FIFO SELECTED] Product: SFSL002 | SKU: 222999999999999 | Status: available | Created: 2026-01-04 08:34:26.216628+00:00 | Age: 0 days
[INFO] 2026-01-04 11:46:11 models 17651 128042840094400 - [SALE ID GENERATED] Year: 2026 | Counter: 3 | Sale ID: FSL2026003
[INFO] 2026-01-04 11:46:11 views 17651 128042840094400 - [SALE CREATED] Sale #FSL2026003 for ELKANA KIPROTICH KIPRONO
[INFO] 2026-01-04 11:46:11 views 17651 128042840094400 - [SALE ITEM CREATED] SFSL002 x1
[INFO] 2026-01-04 11:46:11 views 17651 128042840094400 - [PRE-SALE] Product: SFSL002 | Qty: 1 | Status: available
[INFO] 2026-01-04 11:46:11 models 17651 128042840094400 - [ITEM SOLD] Sale: FSL2026003 | Product: SFSL002 | Qty: 1 | New Stock: 1 | Status: sold
[INFO] 2026-01-04 11:46:11 views 17651 128042840094400 - [POST-SALE] Product: SFSL002 | Qty: 1 | Status: sold
[INFO] 2026-01-04 11:48:12 views 17651 128043217573568 - [PRODUCT SEARCH] Search term: '9'
[INFO] 2026-01-04 11:48:12 views 17651 128043217573568 - [PRODUCT SEARCH] Found 0 products
[INFO] 2026-01-04 11:48:13 views 17651 128043217573568 - [PRODUCT SEARCH] Search term: '999'
[INFO] 2026-01-04 11:48:13 views 17651 128043217573568 - [PRODUCT SEARCH] Found 0 products
[INFO] 2026-01-04 11:48:17 views 17651 128043217573568 - [PRODUCT SEARCH] Search term: '9'
[INFO] 2026-01-04 11:48:17 views 17651 128043217573568 - [PRODUCT SEARCH] Found 0 products
[INFO] 2026-01-04 11:48:18 views 17651 128043217573568 - [PRODUCT SEARCH] Search term: 'S'
[INFO] 2026-01-04 11:48:18 views 17651 128043217573568 - [PRODUCT SEARCH] Found 0 products
[INFO] 2026-01-04 11:48:19 views 17651 128043217573568 - [PRODUCT SEARCH] Search term: 'SF'
[INFO] 2026-01-04 11:48:19 views 17651 128043217573568 - [PRODUCT SEARCH] Found 0 products
[INFO] 2026-01-04 11:48:19 views 17651 128043217573568 - [PRODUCT SEARCH] Search term: 'SFS'
[INFO] 2026-01-04 11:48:19 views 17651 128043217573568 - [PRODUCT SEARCH] Found 0 products
[INFO] 2026-01-04 11:48:21 views 17651 128043217573568 - [PRODUCT SEARCH] Search term: 'SF'
[INFO] 2026-01-04 11:48:21 views 17651 128043217573568 - [PRODUCT SEARCH] Found 0 products
[INFO] 2026-01-04 12:04:52 views 22261 131159207954112 - [PRODUCT SEARCH] Search term: 'K'
[INFO] 2026-01-04 12:04:52 views 22261 131159207954112 - [PRODUCT SEARCH] Found 1 products
[INFO] 2026-01-04 12:06:07 views 22261 131159207954112 - [FIFO SINGLE ITEM] Searching for oldest available unit...
[INFO] 2026-01-04 12:06:07 views 22261 131159207954112 - [FIFO SELECTED] Product: KFSL001 | SKU: 555777555777888 | Status: available | Created: 2026-01-04 08:31:28.966564+00:00 | Age: 0 days
[INFO] 2026-01-04 12:06:07 models 22261 131159207954112 - [SALE ID GENERATED] Year: 2026 | Counter: 4 | Sale ID: FSL2026004
[INFO] 2026-01-04 12:06:07 views 22261 131159207954112 - [SALE CREATED] Sale #FSL2026004 for LYN JEPKORIR KIPROP
[INFO] 2026-01-04 12:06:07 views 22261 131159207954112 - [SALE ITEM CREATED] KFSL001 x1
[INFO] 2026-01-04 12:06:07 views 22261 131159207954112 - [PRE-SALE] Product: KFSL001 | Qty: 1 | Status: available
[INFO] 2026-01-04 12:06:07 models 22261 131159207954112 - [ITEM SOLD] Sale: FSL2026004 | Product: KFSL001 | Qty: 1 | New Stock: 1 | Status: sold
[INFO] 2026-01-04 12:06:07 views 22261 131159207954112 - [POST-SALE] Product: KFSL001 | Qty: 1 | Status: sold
[INFO] 2026-01-04 12:19:27 views 23647 135185823684288 - [PRODUCT SEARCH] Search term: 'S'
[INFO] 2026-01-04 12:19:27 views 23647 135185823684288 - [PRODUCT SEARCH] Found 1 products
[INFO] 2026-01-04 12:20:25 views 23647 135185823684288 - [FIFO SINGLE ITEM] Searching for oldest available unit...
[INFO] 2026-01-04 12:20:25 views 23647 135185823684288 - [FIFO SELECTED] Product: SFSL001 | SKU: 555777888777666 | Status: available | Created: 2026-01-04 08:28:34.381574+00:00 | Age: 0 days
[INFO] 2026-01-04 12:20:25 models 23647 135185823684288 - [SALE ID GENERATED] Year: 2026 | Counter: 5 | Sale ID: FSL2026005
[INFO] 2026-01-04 12:20:25 views 23647 135185823684288 - [SALE CREATED] Sale #FSL2026005 for BRENDA CHIRCHIR
[INFO] 2026-01-04 12:20:25 views 23647 135185823684288 - [SALE ITEM CREATED] SFSL001 x1
[INFO] 2026-01-04 12:20:25 views 23647 135185823684288 - [PRE-SALE] Product: SFSL001 | Qty: 1 | Status: available
[INFO] 2026-01-04 12:20:25 models 23647 135185823684288 - [ITEM SOLD] Sale: FSL2026005 | Product: SFSL001 | Qty: 1 | New Stock: 1 | Status: sold
[INFO] 2026-01-04 12:20:25 views 23647 135185823684288 - [POST-SALE] Product: SFSL001 | Qty: 1 | Status: sold
[INFO] 2026-01-04 12:21:54 models 23647 135185840469696 - [SALE ID GENERATED] Year: 2026 | Counter: 6 | Sale ID: FSL2026006
[INFO] 2026-01-04 12:21:54 views 23647 135185840469696 - [SALE CREATED] Sale ID: FSL2026006 | Items to process: 1
[INFO] 2026-01-04 12:21:54 models 23647 135185840469696 - [ITEM SOLD] Sale: FSL2026006 | Product: AFSL001 | Qty: 1 | New Stock: 9 | Status: available
[INFO] 2026-01-04 12:21:54 views 23647 135185840469696 - [ITEM 1/1] Product: AFSL001 | Qty: 1 | Total: KSH 20
[INFO] 2026-01-04 12:21:54 models 23647 135185840469696 - [ETR ASSIGNED] Sale: FSL2026006 | Receipt: 0001 | Counter: 1 | Items: 1
[INFO] 2026-01-04 12:21:54 views 23647 135185840469696 - [SALE COMPLETED] Sale: FSL2026006 | Receipt: 0001 | Items: 1 | Total: KSH 20.00
[INFO] 2026-01-04 12:23:38 signals 23647 135185840469696 - [SALE REVERSAL SIGNAL] Processing reversal for sale #FSL2026005 | Product: SFSL001 | Quantity: 1
[INFO] 2026-01-04 12:23:38 signals 23647 135185840469696 - [SINGLE ITEM RESTORED] Product: SFSL001 | Status: available → available | Quantity: 0 → 1
[INFO] 2026-01-04 12:23:38 signals 23647 135185840469696 - [STOCK ENTRY CREATED] Product: SFSL001 | Quantity: 1 | Reference: REVERSE-FSL2026005
[INFO] 2026-01-04 12:23:46 signals 23647 135185840469696 - [SALE REVERSAL SIGNAL] Processing reversal for sale #FSL2026004 | Product: KFSL001 | Quantity: 1
[INFO] 2026-01-04 12:23:46 signals 23647 135185840469696 - [SINGLE ITEM RESTORED] Product: KFSL001 | Status: available → available | Quantity: 0 → 1
[INFO] 2026-01-04 12:23:46 signals 23647 135185840469696 - [STOCK ENTRY CREATED] Product: KFSL001 | Quantity: 1 | Reference: REVERSE-FSL2026004
[INFO] 2026-01-04 12:23:53 signals 23647 135185840469696 - [SALE REVERSAL SIGNAL] Processing reversal for sale #FSL2026003 | Product: SFSL002 | Quantity: 1
[INFO] 2026-01-04 12:23:53 signals 23647 135185840469696 - [SINGLE ITEM RESTORED] Product: SFSL002 | Status: available → available | Quantity: 0 → 1
[INFO] 2026-01-04 12:23:53 signals 23647 135185840469696 - [STOCK ENTRY CREATED] Product: SFSL002 | Quantity: 1 | Reference: REVERSE-FSL2026003
[INFO] 2026-01-04 12:26:02 views 23647 135185832076992 - [PRODUCT SEARCH] Search term: '8'
[INFO] 2026-01-04 12:26:02 views 23647 135185832076992 - [PRODUCT SEARCH] Found 2 products
[INFO] 2026-01-04 12:26:02 views 23647 135185832076992 - [PRODUCT SEARCH] Search term: '88'
[INFO] 2026-01-04 12:26:02 views 23647 135185832076992 - [PRODUCT SEARCH] Found 2 products
[INFO] 2026-01-04 12:27:04 views 23647 135185832076992 - [FIFO SINGLE ITEM] Searching for oldest available unit...
[INFO] 2026-01-04 12:27:04 views 23647 135185832076992 - [FIFO SELECTED] Product: KFSL001 | SKU: 555777555777888 | Status: available | Created: 2026-01-04 08:31:28.966564+00:00 | Age: 0 days
[INFO] 2026-01-04 12:27:04 models 23647 135185832076992 - [SALE ID GENERATED] Year: 2026 | Counter: 7 | Sale ID: FSL2026007
[INFO] 2026-01-04 12:27:04 views 23647 135185832076992 - [SALE CREATED] Sale #FSL2026007 for WERTYUIOP[OIUYTR
[INFO] 2026-01-04 12:27:04 views 23647 135185832076992 - [SALE ITEM CREATED] KFSL001 x1
[INFO] 2026-01-04 12:27:04 views 23647 135185832076992 - [PRE-SALE] Product: KFSL001 | Qty: 1 | Status: available
[INFO] 2026-01-04 12:27:04 models 23647 135185832076992 - [ITEM SOLD] Sale: FSL2026007 | Product: KFSL001 | Qty: 1 | New Stock: 1 | Status: sold
[INFO] 2026-01-04 12:27:04 views 23647 135185832076992 - [POST-SALE] Product: KFSL001 | Qty: 1 | Status: sold
[INFO] 2026-01-04 13:10:18 models 29227 131966183646912 - [SALE ID GENERATED] Year: 2026 | Counter: 8 | Sale ID: FSL2026008
[INFO] 2026-01-04 13:10:18 views 29227 131966183646912 - [SALE CREATED] Sale ID: FSL2026008 | Items to process: 2
[INFO] 2026-01-04 13:10:18 models 29227 131966183646912 - [ITEM SOLD] Sale: FSL2026008 | Product: AFSL001 | Qty: 1 | New Stock: 8 | Status: available
[INFO] 2026-01-04 13:10:18 views 29227 131966183646912 - [ITEM 1/2] Product: AFSL001 | Qty: 1 | Total: KSH 20
[INFO] 2026-01-04 13:10:18 models 29227 131966183646912 - [ITEM SOLD] Sale: FSL2026008 | Product: AFSL001 | Qty: 1 | New Stock: 7 | Status: available
[INFO] 2026-01-04 13:10:18 views 29227 131966183646912 - [ITEM 2/2] Product: AFSL001 | Qty: 1 | Total: KSH 20
[INFO] 2026-01-04 13:10:18 views 29227 131966183646912 - [SALE COMPLETED] Sale: FSL2026008 | User: cashier | ETR Receipt: 0002 | Items: 2 | Total: KSH 40.00
[INFO] 2026-01-04 13:11:06 views 29227 131966192039616 - [PRODUCT SEARCH] Search term: '0'
[INFO] 2026-01-04 13:11:06 views 29227 131966192039616 - [PRODUCT SEARCH] Found 2 products
[INFO] 2026-01-04 13:11:07 views 29227 131966192039616 - [PRODUCT SEARCH] Search term: '0kk'
[INFO] 2026-01-04 13:11:07 views 29227 131966192039616 - [PRODUCT SEARCH] Found 0 products
[INFO] 2026-01-04 13:11:08 views 29227 131966192039616 - [PRODUCT SEARCH] Search term: '0k'
[INFO] 2026-01-04 13:11:08 views 29227 131966192039616 - [PRODUCT SEARCH] Found 0 products
[INFO] 2026-01-04 13:11:09 views 29227 131966192039616 - [PRODUCT SEARCH] Search term: '0'
[INFO] 2026-01-04 13:11:09 views 29227 131966192039616 - [PRODUCT SEARCH] Found 2 products
[INFO] 2026-01-04 13:11:43 views 29227 131966192039616 - [FIFO SINGLE ITEM] Searching for oldest available unit...
[INFO] 2026-01-04 13:11:43 views 29227 131966192039616 - [FIFO SELECTED] Product: SFSL002 | SKU: 222999999999999 | Status: available | Created: 2026-01-04 08:34:26.216628+00:00 | Age: 0 days
[INFO] 2026-01-04 13:11:43 models 29227 131966192039616 - [SALE ID GENERATED] Year: 2026 | Counter: 9 | Sale ID: FSL2026009
[INFO] 2026-01-04 13:11:43 views 29227 131966192039616 - [SALE CREATED] Sale #FSL2026009 for werietuyegofuhs
[INFO] 2026-01-04 13:11:43 views 29227 131966192039616 - [SALE ITEM CREATED] SFSL002 x1
[INFO] 2026-01-04 13:11:43 views 29227 131966192039616 - [PRE-SALE] Product: SFSL002 | Qty: 1 | Status: available
[INFO] 2026-01-04 13:11:43 models 29227 131966192039616 - [ITEM SOLD] Sale: FSL2026009 | Product: SFSL002 | Qty: 1 | New Stock: 1 | Status: sold
[INFO] 2026-01-04 13:11:43 views 29227 131966192039616 - [POST-SALE] Product: SFSL002 | Qty: 1 | Status: sold
[INFO] 2026-01-05 22:02:58 views 8918 134449723340480 - [PRODUCT SEARCH] Search term: 's'
[INFO] 2026-01-05 22:02:58 views 8918 134449723340480 - [PRODUCT SEARCH] Found 2 products
[INFO] 2026-01-05 22:02:59 views 8918 134449723340480 - [PRODUCT SEARCH] Search term: 'sf'
[INFO] 2026-01-05 22:02:59 views 8918 134449723340480 - [PRODUCT SEARCH] Found 2 products
[INFO] 2026-01-05 22:04:08 views 8918 134449723340480 - [FIFO SINGLE ITEM] Searching for oldest available unit...
[INFO] 2026-01-05 22:04:08 views 8918 134449723340480 - [FIFO SELECTED] Product: SFSL003 | SKU: 777888888888 | Status: available | Created: 2026-01-04 08:35:17.982490+00:00 | Age: 1 days
[INFO] 2026-01-05 22:04:08 models 8918 134449723340480 - [SALE ID GENERATED] Year: 2026 | Counter: 10 | Sale ID: FSL2026010
[INFO] 2026-01-05 22:04:08 views 8918 134449723340480 - [SALE CREATED] Sale #FSL2026010 for ekkkkkkkkkk kkkk
[INFO] 2026-01-05 22:04:08 views 8918 134449723340480 - [SALE ITEM CREATED] SFSL003 x1
[INFO] 2026-01-05 22:04:08 views 8918 134449723340480 - [PRE-SALE] Product: SFSL003 | Qty: 1 | Status: available
[INFO] 2026-01-05 22:04:08 models 8918 134449723340480 - [ITEM SOLD] Sale: FSL2026010 | Product: SFSL003 | Qty: 1 | New Stock: 1 | Status: sold
[INFO] 2026-01-05 22:04:08 views 8918 134449723340480 - [POST-SALE] Product: SFSL003 | Qty: 1 | Status: sold
[INFO] 2026-01-05 23:42:09 signals 8918 134449698162368 - [SALE REVERSAL SIGNAL] Processing reversal for sale #FSL2026007 | Product: KFSL001 | Quantity: 1
[INFO] 2026-01-05 23:42:09 signals 8918 134449698162368 - [SINGLE ITEM RESTORED] Product: KFSL001 | Status: available → available | Quantity: 0 → 1
[INFO] 2026-01-05 23:42:09 signals 8918 134449698162368 - [STOCK ENTRY CREATED] Product: KFSL001 | Quantity: 1 | Reference: REVERSE-FSL2026007
[INFO] 2026-01-05 23:42:25 signals 8918 134449698162368 - [SALE REVERSAL SIGNAL] Processing reversal for sale #FSL2026009 | Product: SFSL002 | Quantity: 1
[INFO] 2026-01-05 23:42:25 signals 8918 134449698162368 - [SINGLE ITEM RESTORED] Product: SFSL002 | Status: available → available | Quantity: 0 → 1
[INFO] 2026-01-05 23:42:25 signals 8918 134449698162368 - [STOCK ENTRY CREATED] Product: SFSL002 | Quantity: 1 | Reference: REVERSE-FSL2026009
[INFO] 2026-01-05 23:42:34 signals 8918 134449698162368 - [SALE REVERSAL SIGNAL] Processing reversal for sale #FSL2026010 | Product: SFSL003 | Quantity: 1
[INFO] 2026-01-05 23:42:34 signals 8918 134449698162368 - [SINGLE ITEM RESTORED] Product: SFSL003 | Status: available → available | Quantity: 0 → 1
[INFO] 2026-01-05 23:42:34 signals 8918 134449698162368 - [STOCK ENTRY CREATED] Product: SFSL003 | Quantity: 1 | Reference: REVERSE-FSL2026010
[INFO] 2026-01-06 07:59:09 views 15115 139990751237824 - [PRODUCT SEARCH] Search term: '8'
[INFO] 2026-01-06 07:59:09 views 15115 139990751237824 - [PRODUCT SEARCH] Found 3 products
[INFO] 2026-01-06 07:59:09 views 15115 139990751237824 - [PRODUCT SEARCH] Search term: '88'
[INFO] 2026-01-06 07:59:09 views 15115 139990751237824 - [PRODUCT SEARCH] Found 3 products
[INFO] 2026-01-06 08:00:12 views 15115 139990751237824 - [FIFO SINGLE ITEM] Searching for oldest available unit...
[INFO] 2026-01-06 08:00:12 views 15115 139990751237824 - [FIFO SELECTED] Product: SFSL003 | SKU: 777888888888 | Status: available | Created: 2026-01-04 08:35:17.982490+00:00 | Age: 1 days
[INFO] 2026-01-06 08:00:12 models 15115 139990751237824 - [SALE ID GENERATED] Year: 2026 | Counter: 11 | Sale ID: FSL2026011
[INFO] 2026-01-06 08:00:12 views 15115 139990751237824 - [SALE CREATED] Sale #FSL2026011 for qwerty qwerty
[INFO] 2026-01-06 08:00:12 views 15115 139990751237824 - [SALE ITEM CREATED] SFSL003 x1
[INFO] 2026-01-06 08:00:12 views 15115 139990751237824 - [PRE-SALE] Product: SFSL003 | Qty: 1 | Status: available
[INFO] 2026-01-06 08:00:12 models 15115 139990751237824 - [ITEM SOLD] Sale: FSL2026011 | Product: SFSL003 | Qty: 1 | New Stock: 1 | Status: sold
[INFO] 2026-01-06 08:00:12 views 15115 139990751237824 - [POST-SALE] Product: SFSL003 | Qty: 1 | Status: sold
[INFO] 2026-01-06 08:02:09 views 15115 139990751237824 - [BATCH SALE START] User: cashier | Role: staff
[INFO] 2026-01-06 08:02:09 views 15115 139990751237824 - [CART INFO] Items: 1 | Buyer: Walk-in Customer
[INFO] 2026-01-06 08:02:09 models 15115 139990751237824 - [SALE ID GENERATED] Year: 2026 | Counter: 12 | Sale ID: FSL2026012
[INFO] 2026-01-06 08:02:09 views 15115 139990751237824 - [SALE CREATED] Sale ID: FSL2026012 | Buyer: Walk-in Customer
[INFO] 2026-01-06 08:02:09 views 15115 139990751237824 - [ITEM 1] BULK ITEM - Quantity mode
[INFO] 2026-01-06 08:02:09 views 15115 139990751237824 - [SALE ITEM CREATED] Item 1/1 | Product: AFSL001 | Qty: 1
[INFO] 2026-01-06 08:02:09 views 15115 139990751237824 - [PRE-SALE] Product: AFSL001 | Qty: 7 | Status: available
[INFO] 2026-01-06 08:02:09 models 15115 139990751237824 - [ITEM SOLD] Sale: FSL2026012 | Product: AFSL001 | Qty: 1 | New Stock: 6 | Status: available
[INFO] 2026-01-06 08:02:09 views 15115 139990751237824 - [POST-SALE] Product: AFSL001 | Qty: 6 | Status: available
[INFO] 2026-01-06 08:02:09 views 15115 139990751237824 - [ITEM 1 COMPLETE] Total: KSh 20
[INFO] 2026-01-06 08:02:09 views 15115 139990751237824 - [ETR GENERATION] Previous highest: 2 | New number: 0003
[INFO] 2026-01-06 08:02:09 views 15115 139990751237824 - [SALE COMPLETE] Sale: FSL2026012 | User: cashier | Role: staff | ETR Receipt: 0003 | Items: 1 | Total: KSh 20.00
[INFO] 2026-01-06 08:21:21 views 16497 124325269071552 - [PRODUCT SEARCH] Search term: '9'
[INFO] 2026-01-06 08:21:21 views 16497 124325269071552 - [PRODUCT SEARCH] Found 1 products
[INFO] 2026-01-06 08:21:52 views 16497 124325260678848 - [FIFO SINGLE ITEM] Searching for oldest available unit...
[INFO] 2026-01-06 08:21:52 views 16497 124325260678848 - [FIFO SELECTED] Product: SFSL002 | SKU: 222999999999999 | Status: available | Created: 2026-01-04 08:34:26.216628+00:00 | Age: 1 days
[INFO] 2026-01-06 08:21:52 models 16497 124325260678848 - [SALE ID GENERATED] Year: 2026 | Counter: 13 | Sale ID: FSL2026013
[INFO] 2026-01-06 08:21:52 views 16497 124325260678848 - [SALE CREATED] Sale #FSL2026013 for qwertyuioytr
[INFO] 2026-01-06 08:21:52 views 16497 124325260678848 - [SALE ITEM CREATED] SFSL002 x1
[INFO] 2026-01-06 08:21:52 views 16497 124325260678848 - [PRE-SALE] Product: SFSL002 | Qty: 1 | Status: available
[INFO] 2026-01-06 08:21:52 models 16497 124325260678848 - [ITEM SOLD] Sale: FSL2026013 | Product: SFSL002 | Qty: 1 | New Stock: 1 | Status: sold
[INFO] 2026-01-06 08:21:52 views 16497 124325260678848 - [POST-SALE] Product: SFSL002 | Qty: 1 | Status: sold
[ERROR] 2026-01-06 08:21:52 views 16497 124325260678848 - SaleCreateView error: name 'etr_number' is not defined
Traceback (most recent call last):
  File "/home/kk/fieldmax/sales/views.py", line 356, in post
    "receipt_number": etr_number,
                      ^^^^^^^^^^
NameError: name 'etr_number' is not defined
[INFO] 2026-01-06 08:35:14 views 17004 126724134139584 - [PRODUCT SEARCH] Search term: '9'
[INFO] 2026-01-06 08:35:14 views 17004 126724134139584 - [PRODUCT SEARCH] Found 0 products
[INFO] 2026-01-06 08:35:14 views 17004 126724134139584 - [PRODUCT SEARCH] Search term: '99'
[INFO] 2026-01-06 08:35:14 views 17004 126724134139584 - [PRODUCT SEARCH] Found 0 products
[INFO] 2026-01-06 08:35:19 views 17004 126724134139584 - [PRODUCT SEARCH] Search term: '8'
[INFO] 2026-01-06 08:35:19 views 17004 126724134139584 - [PRODUCT SEARCH] Found 2 products
[INFO] 2026-01-06 08:35:48 views 17004 126724134139584 - [FIFO SINGLE ITEM] Searching for oldest available unit...
[INFO] 2026-01-06 08:35:48 views 17004 126724134139584 - [FIFO SELECTED] Product: KFSL001 | SKU: 555777555777888 | Status: available | Created: 2026-01-04 08:31:28.966564+00:00 | Age: 1 days
[INFO] 2026-01-06 08:35:48 models 17004 126724134139584 - [SALE ID GENERATED] Year: 2026 | Counter: 14 | Sale ID: FSL2026014
[INFO] 2026-01-06 08:35:48 views 17004 126724134139584 - [SALE CREATED] Sale #FSL2026014 for drthsdftvhk
[INFO] 2026-01-06 08:35:48 views 17004 126724134139584 - [SALE ITEM CREATED] KFSL001 x1
[INFO] 2026-01-06 08:35:48 views 17004 126724134139584 - [PRE-SALE] Product: KFSL001 | Qty: 1 | Status: available
[INFO] 2026-01-06 08:35:48 models 17004 126724134139584 - [ITEM SOLD] Sale: FSL2026014 | Product: KFSL001 | Qty: 1 | New Stock: 1 | Status: sold
[INFO] 2026-01-06 08:35:48 views 17004 126724134139584 - [POST-SALE] Product: KFSL001 | Qty: 1 | Status: sold
[INFO] 2026-01-06 08:35:48 views 17004 126724134139584 - [ETR GENERATION] Previous highest: 3 | New number: 0004
[INFO] 2026-01-06 08:35:48 views 17004 126724134139584 - [SALE COMPLETE] Sale: FSL2026014 | User: sales | ETR: 0004 | Total: KSh 40.00
[INFO] 2026-01-06 13:35:21 views 29489 139123973150400 - [BATCH SALE START] User: cashier | Role: staff
[INFO] 2026-01-06 13:35:21 views 29489 139123973150400 - [CART INFO] Items: 1 | Buyer: Walk-in Customer
[INFO] 2026-01-06 13:35:21 views 29489 139123973150400 - [SALE CREATED] Sale ID: SALE-2026015 | Buyer: Walk-in Customer
[INFO] 2026-01-06 13:35:21 views 29489 139123973150400 - [ITEM 1] BULK ITEM - Quantity mode
[INFO] 2026-01-06 13:35:21 views 29489 139123973150400 - [SALE ITEM CREATED] Item 1/1 | Product: AFSL001 | Qty: 1
[INFO] 2026-01-06 13:35:21 views 29489 139123973150400 - [PRE-SALE] Product: AFSL001 | Qty: 6 | Status: available
[INFO] 2026-01-06 13:35:21 models 29489 139123973150400 - [ITEM SOLD] Sale: SALE-2026015 | Product: AFSL001 | Qty: 1 | New Stock: 5 | Status: lowstock
[INFO] 2026-01-06 13:35:21 views 29489 139123973150400 - [POST-SALE] Product: AFSL001 | Qty: 5 | Status: lowstock
[INFO] 2026-01-06 13:35:21 views 29489 139123973150400 - [ITEM 1 COMPLETE] Total: KSh 20
[INFO] 2026-01-06 13:35:21 views 29489 139123973150400 - [ETR GENERATION] Previous highest: 4 | New number: 0005
[INFO] 2026-01-06 13:35:21 views 29489 139123973150400 - [SALE COMPLETE] Sale: SALE-2026015 | User: cashier | Role: staff | ETR Receipt: 0005 | Items: 1 | Total: KSh 20.00
[ERROR] 2026-01-06 13:35:21 views 29489 139123973150400 - Batch sale error: name 'etr_number' is not defined
Traceback (most recent call last):
  File "/home/kk/fieldmax/sales/views.py", line 1886, in post
    "receipt_number": etr_number,
                      ^^^^^^^^^^
NameError: name 'etr_number' is not defined
[INFO] 2026-01-06 13:36:47 views 29915 134512818255552 - [BATCH SALE START] User: cashier | Role: staff
[INFO] 2026-01-06 13:36:47 views 29915 134512818255552 - [CART INFO] Items: 1 | Buyer: Walk-in Customer
[INFO] 2026-01-06 13:36:47 models 29915 134512818255552 - [SALE ID GENERATED] Year: 2026 | Counter: 15 | Sale ID: FSL2026015
[INFO] 2026-01-06 13:36:47 views 29915 134512818255552 - [SALE CREATED] Sale ID: FSL2026015 | Buyer: Walk-in Customer
[INFO] 2026-01-06 13:36:47 views 29915 134512818255552 - [ITEM 1] BULK ITEM - Quantity mode
[INFO] 2026-01-06 13:36:47 views 29915 134512818255552 - [SALE ITEM CREATED] Item 1/1 | Product: AFSL001 | Qty: 1
[INFO] 2026-01-06 13:36:47 views 29915 134512818255552 - [PRE-SALE] Product: AFSL001 | Qty: 5 | Status: lowstock
[INFO] 2026-01-06 13:36:47 models 29915 134512818255552 - [ITEM SOLD] Sale: FSL2026015 | Product: AFSL001 | Qty: 1 | New Stock: 4 | Status: lowstock
[INFO] 2026-01-06 13:36:47 views 29915 134512818255552 - [POST-SALE] Product: AFSL001 | Qty: 4 | Status: lowstock
[INFO] 2026-01-06 13:36:47 views 29915 134512818255552 - [ITEM 1 COMPLETE] Total: KSh 20
[INFO] 2026-01-06 13:36:47 views 29915 134512818255552 - [ETR GENERATION] Previous highest: 5 | New number: 0006
[INFO] 2026-01-06 13:36:47 views 29915 134512818255552 - [SALE COMPLETE] Sale: FSL2026015 | User: cashier | Role: staff | ETR Receipt: 0006 | Items: 1 | Total: KSh 20.00
[ERROR] 2026-01-06 13:36:47 views 29915 134512818255552 - Batch sale error: name 'etr_number' is not defined
Traceback (most recent call last):
  File "/home/kk/fieldmax/sales/views.py", line 1886, in post
    "receipt_number": etr_number,
                      ^^^^^^^^^^
NameError: name 'etr_number' is not defined
[INFO] 2026-01-06 13:43:25 views 31071 130749739038400 - [BATCH SALE START] User: cashier | Role: staff
[INFO] 2026-01-06 13:43:25 views 31071 130749739038400 - [CART INFO] Items: 1 | Buyer: Walk-in Customer
[INFO] 2026-01-06 13:43:25 views 31071 130749739038400 - [SALE CREATED] Sale ID: SALE-2026016 | Buyer: Walk-in Customer
[INFO] 2026-01-06 13:43:25 views 31071 130749739038400 - [ITEM 1] BULK ITEM - Quantity mode
[INFO] 2026-01-06 13:43:25 views 31071 130749739038400 - [SALE ITEM CREATED] Item 1/1 | Product: AFSL001 | Qty: 1
[INFO] 2026-01-06 13:43:25 views 31071 130749739038400 - [PRE-SALE] Product: AFSL001 | Qty: 4 | Status: lowstock
[INFO] 2026-01-06 13:43:25 models 31071 130749739038400 - [ITEM SOLD] Sale: SALE-2026016 | Product: AFSL001 | Qty: 1 | New Stock: 3 | Status: lowstock
[INFO] 2026-01-06 13:43:25 views 31071 130749739038400 - [POST-SALE] Product: AFSL001 | Qty: 3 | Status: lowstock
[INFO] 2026-01-06 13:43:25 views 31071 130749739038400 - [ITEM 1 COMPLETE] Total: KSh 20
[INFO] 2026-01-06 13:43:25 views 31071 130749739038400 - [ETR GENERATION] Previous highest: 6 | New number: 0007
[INFO] 2026-01-06 13:43:25 views 31071 130749739038400 - [SALE COMPLETE] Sale: SALE-2026016 | User: cashier | Role: staff | ETR Receipt: 0007 | Items: 1 | Total: KSh 20.00
